<?xml version="1.0" encoding="utf-8" ?>
<result>
	<nb_conversions>25</nb_conversions>
	<nb_visits_converted>25</nb_visits_converted>
	<conversion_rate>92.59</conversion_rate>
	<revenue>125</revenue>
</result>