2010, January. Site 1: 10 Visits (+100%), 43 Actions (+100%). Site 2: 1 Visits (+100%), 3 Actions (+100%)