<?xml version="1.0" encoding="utf-8" ?>
<results>
	<result idSite="1">
		<nb_conversions>10</nb_conversions>
		<nb_visits_converted>10</nb_visits_converted>
		<conversion_rate>100</conversion_rate>
		<revenue>50</revenue>
	</result>
	<result idSite="2">
		<nb_conversions>1</nb_conversions>
		<nb_visits_converted>1</nb_visits_converted>
		<conversion_rate>100</conversion_rate>
		<revenue>0</revenue>
	</result>
</results>