<?xml version="1.0" encoding="utf-8" ?>
<result>
	<website>new name</website>
	<prettyDate>Saturday 6 March 2010</prettyDate>
	<metadata>
		<category>Actions</category>
		<name>Page titles</name>
		<module>Actions</module>
		<action>getPageTitles</action>
		<dimension>Page Name</dimension>
		<metrics>
			<exit_rate>Exit rate</exit_rate>
		</metrics>
		<metricsDocumentation>
			<exit_rate>The percentage of visits that left the website after viewing this page.</exit_rate>
		</metricsDocumentation>
		<documentation>This report contains information about the titles of the pages that have been visited. &lt;br /&gt; The page title is the HTML &lt;title&gt; Tag that most browsers show in their window title.</documentation>
		<actionToLoadSubTables>getPageTitles</actionToLoadSubTables>
		<imageGraphUrl>index.php?module=API&amp;method=ImageGraph.get&amp;idSite=1&amp;apiModule=Actions&amp;apiAction=getPageTitles&amp;period=day&amp;date=2010-03-06</imageGraphUrl>
		<imageGraphEvolutionUrl>index.php?module=API&amp;method=ImageGraph.get&amp;idSite=1&amp;apiModule=Actions&amp;apiAction=getPageTitles&amp;period=day&amp;date=2010-02-05,2010-03-06</imageGraphEvolutionUrl>
		<uniqueId>Actions_getPageTitles</uniqueId>
	</metadata>
	<columns>
		<label>Page Name</label>
		<exit_rate>Exit rate</exit_rate>
	</columns>
	<reportData>
		<row>
			<label>Checkout</label>
			<exit_rate>100%</exit_rate>
		</row>
		<row>
			<label> incredible title!</label>
			<exit_rate>0%</exit_rate>
		</row>
		<row>
			<label> Looking at homepage (again)...</label>
			<exit_rate>100%</exit_rate>
		</row>
		<row>
			<label>Page Name not defined</label>
			<exit_rate>0%</exit_rate>
		</row>
		<row>
			<label> Second page view - should be registered as URL</label>
			<exit_rate>0%</exit_rate>
		</row>
	</reportData>
	<reportMetadata>
		<row>
			
		</row>
	</reportMetadata>
	<reportTotal>
		<entry_bounce_count>1</entry_bounce_count>
		<entry_nb_actions>8</entry_nb_actions>
		<exit_nb_visits>2</exit_nb_visits>
	</reportTotal>
</result>