<?xml version="1.0" encoding="utf-8" ?>
<result>
	<row>
		<label>Site AAAAAA</label>
		<nb_visits>6</nb_visits>
		<nb_actions>9</nb_actions>
		<nb_pageviews>9</nb_pageviews>
		<revenue>0</revenue>
		<group />
		<main_url>http://piwik.net</main_url>
		<idsite>1</idsite>
	</row>
	<row>
		<label>SITE BBbbBB</label>
		<nb_visits>2</nb_visits>
		<nb_actions>2</nb_actions>
		<nb_pageviews>2</nb_pageviews>
		<revenue>0</revenue>
		<group />
		<main_url>http://piwik.net</main_url>
		<idsite>2</idsite>
	</row>
</result>