<?xml version="1.0" encoding="utf-8" ?>
<result>
	<row>
		<label>Direct Entry</label>
		<nb_visits>25</nb_visits>
		<nb_actions>28</nb_actions>
		<max_actions>3</max_actions>
		<sum_visit_length>305</sum_visit_length>
		<bounce_count>23</bounce_count>
		<goals>
			<row idgoal='1'>
				<nb_conversions>23</nb_conversions>
				<nb_visits_converted>23</nb_visits_converted>
				<revenue>115</revenue>
			</row>
		</goals>
		<nb_conversions>23</nb_conversions>
		<revenue>115</revenue>
		<sum_daily_nb_uniq_visitors>25</sum_daily_nb_uniq_visitors>
	</row>
	<row>
		<label>Websites</label>
		<nb_visits>2</nb_visits>
		<nb_actions>2</nb_actions>
		<max_actions>1</max_actions>
		<sum_visit_length>0</sum_visit_length>
		<bounce_count>2</bounce_count>
		<goals>
			<row idgoal='1'>
				<nb_conversions>2</nb_conversions>
				<nb_visits_converted>2</nb_visits_converted>
				<revenue>10</revenue>
			</row>
		</goals>
		<nb_conversions>2</nb_conversions>
		<revenue>10</revenue>
		<sum_daily_nb_uniq_visitors>2</sum_daily_nb_uniq_visitors>
		<subtable>
			<row>
				<label>piwik.org</label>
				<nb_visits>1</nb_visits>
				<nb_actions>1</nb_actions>
				<max_actions>1</max_actions>
				<sum_visit_length>0</sum_visit_length>
				<bounce_count>1</bounce_count>
				<goals>
					<row idgoal='1'>
						<nb_conversions>1</nb_conversions>
						<nb_visits_converted>1</nb_visits_converted>
						<revenue>5</revenue>
					</row>
				</goals>
				<nb_conversions>1</nb_conversions>
				<revenue>5</revenue>
				<sum_daily_nb_uniq_visitors>1</sum_daily_nb_uniq_visitors>
			</row>
			<row>
				<label>sn110w.snt110.mail.live.com</label>
				<nb_visits>1</nb_visits>
				<nb_actions>1</nb_actions>
				<max_actions>1</max_actions>
				<sum_visit_length>0</sum_visit_length>
				<bounce_count>1</bounce_count>
				<goals>
					<row idgoal='1'>
						<nb_conversions>1</nb_conversions>
						<nb_visits_converted>1</nb_visits_converted>
						<revenue>5</revenue>
					</row>
				</goals>
				<nb_conversions>1</nb_conversions>
				<revenue>5</revenue>
				<sum_daily_nb_uniq_visitors>1</sum_daily_nb_uniq_visitors>
			</row>
		</subtable>
	</row>
</result>