<?xml version="1.0" encoding="utf-8" ?>
<result>
	<row>
		<label>Linux</label>
		<nb_visits>8</nb_visits>
		<nb_actions>8</nb_actions>
		<max_actions>1</max_actions>
		<sum_visit_length>0</sum_visit_length>
		<bounce_count>8</bounce_count>
		<nb_visits_converted>8</nb_visits_converted>
		<sum_daily_nb_uniq_visitors>8</sum_daily_nb_uniq_visitors>
		<logo>plugins/UserSettings/images/os/LIN.gif</logo>
	</row>
	<row>
		<label>Windows 7</label>
		<nb_visits>7</nb_visits>
		<nb_actions>7</nb_actions>
		<max_actions>1</max_actions>
		<sum_visit_length>0</sum_visit_length>
		<bounce_count>7</bounce_count>
		<nb_visits_converted>7</nb_visits_converted>
		<sum_daily_nb_uniq_visitors>7</sum_daily_nb_uniq_visitors>
		<logo>plugins/UserSettings/images/os/WI7.gif</logo>
	</row>
	<row>
		<label>Mac 10.6</label>
		<nb_visits>5</nb_visits>
		<nb_actions>8</nb_actions>
		<max_actions>3</max_actions>
		<sum_visit_length>305</sum_visit_length>
		<bounce_count>3</bounce_count>
		<nb_visits_converted>4</nb_visits_converted>
		<sum_daily_nb_uniq_visitors>5</sum_daily_nb_uniq_visitors>
		<logo>plugins/UserSettings/images/os/MAC.gif</logo>
	</row>
	<row>
		<label>Android 2.3</label>
		<nb_visits>2</nb_visits>
		<nb_actions>2</nb_actions>
		<max_actions>1</max_actions>
		<sum_visit_length>0</sum_visit_length>
		<bounce_count>2</bounce_count>
		<nb_visits_converted>2</nb_visits_converted>
		<sum_daily_nb_uniq_visitors>2</sum_daily_nb_uniq_visitors>
		<logo>plugins/UserSettings/images/os/AND.gif</logo>
	</row>
	<row>
		<label>Windows XP</label>
		<nb_visits>2</nb_visits>
		<nb_actions>2</nb_actions>
		<max_actions>1</max_actions>
		<sum_visit_length>0</sum_visit_length>
		<bounce_count>2</bounce_count>
		<nb_visits_converted>2</nb_visits_converted>
		<sum_daily_nb_uniq_visitors>2</sum_daily_nb_uniq_visitors>
		<logo>plugins/UserSettings/images/os/WXP.gif</logo>
	</row>
	<row>
		<label>Bot</label>
		<nb_visits>1</nb_visits>
		<nb_actions>1</nb_actions>
		<max_actions>1</max_actions>
		<sum_visit_length>0</sum_visit_length>
		<bounce_count>1</bounce_count>
		<nb_visits_converted>1</nb_visits_converted>
		<sum_daily_nb_uniq_visitors>1</sum_daily_nb_uniq_visitors>
		<logo>plugins/UserSettings/images/os/UNK.gif</logo>
	</row>
	<row>
		<label>Mac 10.8</label>
		<nb_visits>1</nb_visits>
		<nb_actions>1</nb_actions>
		<max_actions>1</max_actions>
		<sum_visit_length>0</sum_visit_length>
		<bounce_count>1</bounce_count>
		<nb_visits_converted>1</nb_visits_converted>
		<sum_daily_nb_uniq_visitors>1</sum_daily_nb_uniq_visitors>
		<logo>plugins/UserSettings/images/os/MAC.gif</logo>
	</row>
	<row>
		<label>Unknown</label>
		<nb_visits>1</nb_visits>
		<nb_actions>1</nb_actions>
		<max_actions>1</max_actions>
		<sum_visit_length>0</sum_visit_length>
		<bounce_count>1</bounce_count>
		<nb_visits_converted>0</nb_visits_converted>
		<sum_daily_nb_uniq_visitors>1</sum_daily_nb_uniq_visitors>
		<logo>plugins/UserSettings/images/os/UNK.gif</logo>
	</row>
</result>