INFO [2014-03-25 15:36:04] ---------------------------
INFO [2014-03-25 15:36:04] INIT
INFO [2014-03-25 15:36:04] Piwik is installed at: http://localhost/tests/PHPUnit/proxy/index.php
INFO [2014-03-25 15:36:04] Running Piwik 2.1.1-b6 as Super User: superUserLogin
INFO [2014-03-25 15:36:05] ---------------------------
INFO [2014-03-25 15:36:05] NOTES
INFO [2014-03-25 15:36:05] - If you execute this script at least once per hour (or more often) in a crontab, you may disable 'Browser trigger archiving' in Piwik UI > Settings > General Settings.
INFO [2014-03-25 15:36:05]   See the doc at: http://piwik.org/docs/setup-auto-archiving/
INFO [2014-03-25 15:36:05] - Reports for today will be processed at most every 10 seconds. You can change this value in Piwik UI > Settings > General Settings.
INFO [2014-03-25 15:36:05] - Reports for the current week/month/year will be refreshed at most every 3600 seconds.
INFO [2014-03-25 15:36:05] - Will process 0 websites with new visits since 7 days 0 hours
INFO [2014-03-25 15:36:05] - Will process 2 other websites because some old data reports have been invalidated (eg. using the Log Import script) , IDs: 1, 2
INFO [2014-03-25 15:36:05] ---------------------------
INFO [2014-03-25 15:36:05] START
INFO [2014-03-25 15:36:05] Starting Piwik reports archiving...
INFO [2014-03-25 15:36:10] Will pre-process the following 1 Segments for this website (id = 1): browserCode==IE
INFO [2014-03-25 15:36:15] Archived website id = 1, period = day, Time elapsed: 9.940s
INFO [2014-03-25 15:36:15] Will pre-process the following 1 Segments for this website (id = 1): browserCode==IEssssss
Error here
INFO [2014-03-25 15:36:59] Archived website id = 1, period = week, 0 visits, Time elapsed: 43.889s
INFO [2014-03-25 15:36:59] Will pre-process the following 1 Segments for this website (id = 1): browserCode==IE
INFO [2014-03-25 15:37:18] Archived website id = 1, period = month, 12 visits, Time elapsed: 19.324s
INFO [2014-03-25 15:37:18] Will pre-process the following 1 Segments for this website (id = 1): browserCode==IE
INFO [2014-03-25 15:37:25] Archived website id = 1, period = year, 12 visits, Time elapsed: 6.948s
INFO [2014-03-25 15:37:25] Archived website id = 1, today = 0 visits, 8 API requests, Time elapsed: 80.110s [1/2 done]
INFO [2014-03-25 15:37:29] Archived website id = 2, period = day, Time elapsed: 3.916s
INFO [2014-03-25 15:38:13] Archived website id = 2, period = week, 0 visits, Time elapsed: 44.420s
INFO [2014-03-25 15:38:26] Archived website id = 2, period = month, 0 visits, Time elapsed: 13.246s
INFO [2014-03-25 15:38:29] Archived website id = 2, period = year, 0 visits, Time elapsed: 2.541s
INFO [2014-03-25 15:38:29] Archived website id = 2, today = 0 visits, 4 API requests, Time elapsed: 64.131s [2/2 done]
INFO [2014-03-25 15:38:29] Done archiving!
INFO [2014-03-25 15:38:29] ---------------------------
INFO [2014-03-25 15:38:29] SUMMARY
INFO [2014-03-25 15:38:29] Total daily visits archived: 0
INFO [2014-03-25 15:38:29] Archived today's reports for 2 websites
INFO [2014-03-25 15:38:29] Archived week/month/year for 2 websites
INFO [2014-03-25 15:38:29] Skipped 0 websites: no new visit since the last script execution
INFO [2014-03-25 15:38:29] Skipped 0 websites day archiving: existing daily reports are less than 10 seconds old
INFO [2014-03-25 15:38:29] Skipped 0 websites week/month/year archiving: existing periods reports are less than 3600 seconds old
INFO [2014-03-25 15:38:29] Total API requests: 12
INFO [2014-03-25 15:38:29] done: 2/2 100%, 0 v, 2 wtoday, 2 wperiods, 12 req, 144344 ms, no error
INFO [2014-03-25 15:38:29] Time elapsed: 144.344s
INFO [2014-03-25 15:38:29] ---------------------------
INFO [2014-03-25 15:38:29] SCHEDULED TASKS
INFO [2014-03-25 15:38:29] Starting Scheduled tasks...
INFO [2014-03-25 15:38:30]  No task to run
INFO [2014-03-25 15:38:30] done
INFO [2014-03-25 15:38:30] ---------------------------