<?xml version="1.0" encoding="utf-8" ?>
<result>
	<row>
		<label>Europe</label>
		<nb_visits>22</nb_visits>
		<nb_actions>40</nb_actions>
		<max_actions>3</max_actions>
		<sum_visit_length>13871</sum_visit_length>
		<bounce_count>11</bounce_count>
		<goals>
			<row idgoal='1'>
				<nb_conversions>22</nb_conversions>
				<nb_visits_converted>22</nb_visits_converted>
				<revenue>110</revenue>
			</row>
			<row idgoal='2'>
				<nb_conversions>11</nb_conversions>
				<nb_visits_converted>11</nb_visits_converted>
				<revenue>55</revenue>
			</row>
		</goals>
		<nb_conversions>33</nb_conversions>
		<revenue>165</revenue>
		<sum_daily_nb_uniq_visitors>11</sum_daily_nb_uniq_visitors>
		<code>Europe</code>
	</row>
	<row>
		<label>North America</label>
		<nb_visits>7</nb_visits>
		<nb_actions>11</nb_actions>
		<max_actions>3</max_actions>
		<sum_visit_length>3783</sum_visit_length>
		<bounce_count>4</bounce_count>
		<goals>
			<row idgoal='1'>
				<nb_conversions>7</nb_conversions>
				<nb_visits_converted>7</nb_visits_converted>
				<revenue>35</revenue>
			</row>
			<row idgoal='2'>
				<nb_conversions>3</nb_conversions>
				<nb_visits_converted>3</nb_visits_converted>
				<revenue>15</revenue>
			</row>
		</goals>
		<nb_conversions>10</nb_conversions>
		<revenue>50</revenue>
		<sum_daily_nb_uniq_visitors>4</sum_daily_nb_uniq_visitors>
		<code>North America</code>
	</row>
	<row>
		<label>Asia</label>
		<nb_visits>4</nb_visits>
		<nb_actions>6</nb_actions>
		<max_actions>2</max_actions>
		<sum_visit_length>2522</sum_visit_length>
		<bounce_count>2</bounce_count>
		<goals>
			<row idgoal='1'>
				<nb_conversions>4</nb_conversions>
				<nb_visits_converted>4</nb_visits_converted>
				<revenue>20</revenue>
			</row>
			<row idgoal='2'>
				<nb_conversions>2</nb_conversions>
				<nb_visits_converted>2</nb_visits_converted>
				<revenue>10</revenue>
			</row>
		</goals>
		<nb_conversions>6</nb_conversions>
		<revenue>30</revenue>
		<sum_daily_nb_uniq_visitors>2</sum_daily_nb_uniq_visitors>
		<code>Asia</code>
	</row>
	<row>
		<label>Unknown</label>
		<nb_visits>2</nb_visits>
		<nb_actions>4</nb_actions>
		<max_actions>3</max_actions>
		<sum_visit_length>1261</sum_visit_length>
		<bounce_count>1</bounce_count>
		<goals>
			<row idgoal='1'>
				<nb_conversions>2</nb_conversions>
				<nb_visits_converted>2</nb_visits_converted>
				<revenue>10</revenue>
			</row>
			<row idgoal='2'>
				<nb_conversions>1</nb_conversions>
				<nb_visits_converted>1</nb_visits_converted>
				<revenue>5</revenue>
			</row>
		</goals>
		<nb_conversions>3</nb_conversions>
		<revenue>15</revenue>
		<sum_daily_nb_uniq_visitors>1</sum_daily_nb_uniq_visitors>
		<code>Unknown</code>
	</row>
</result>