<?xml version="1.0" encoding="utf-8" ?>
<result>
	<website>Site 1</website>
	<prettyDate>3 Jan 10 - 9 Jan 10</prettyDate>
	<metadata>
		<category>All Websites</category>
		<name>All Websites dashboard</name>
		<module>MultiSites</module>
		<action>getAll</action>
		<dimension>Website</dimension>
		<metrics>
			<nb_visits>Visits</nb_visits>
			<visits_evolution>Visits Evolution</visits_evolution>
			<nb_actions>Actions</nb_actions>
			<actions_evolution>Actions Evolution</actions_evolution>
			<nb_pageviews>Pageviews</nb_pageviews>
			<pageviews_evolution>Pageviews Evolution</pageviews_evolution>
			<revenue>Revenue</revenue>
			<revenue_evolution>Revenue Evolution</revenue_evolution>
			<nb_conversions>Conversions</nb_conversions>
			<nb_conversions_evolution>Conversions Evolution</nb_conversions_evolution>
			<orders>Ecommerce Orders</orders>
			<orders_evolution>Ecommerce Orders Evolution</orders_evolution>
			<ecommerce_revenue>Product Revenue</ecommerce_revenue>
			<ecommerce_revenue_evolution>Product Revenue Evolution</ecommerce_revenue_evolution>
		</metrics>
		<metricsDocumentation>
			<nb_visits>If a visitor comes to your website for the first time or if he visits a page more than 30 minutes after his last page view, this will be recorded as a new visit.</nb_visits>
			<nb_uniq_visitors>The number of unduplicated visitors coming to your website. Every user is only counted once, even if he visits the website multiple times a day.</nb_uniq_visitors>
			<nb_actions>The number of actions performed by your visitors. Actions can be page views, internal site searches, downloads or outlinks.</nb_actions>
			<nb_actions_per_visit>The average number of actions (page views, site searches, downloads or outlinks) that were performed during the visits.</nb_actions_per_visit>
			<avg_time_on_site>The average duration of a visit.</avg_time_on_site>
			<bounce_rate>The percentage of visits that only had a single pageview. This means, that the visitor left the website directly from the entrance page.</bounce_rate>
			<conversion_rate>The percentage of visits that triggered a goal conversion.</conversion_rate>
			<avg_time_on_page>The average amount of time visitors spent on this page (only the page, not the entire website).</avg_time_on_page>
			<nb_hits>The number of times this page was visited.</nb_hits>
			<exit_rate>The percentage of visits that left the website after viewing this page.</exit_rate>
		</metricsDocumentation>
		<imageGraphUrl>index.php?module=API&amp;method=ImageGraph.get&amp;idSite=1&amp;apiModule=MultiSites&amp;apiAction=getAll&amp;period=range&amp;date=2010-01-03,2010-01-09</imageGraphUrl>
		<imageGraphEvolutionUrl>index.php?module=API&amp;method=ImageGraph.get&amp;idSite=1&amp;apiModule=MultiSites&amp;apiAction=getAll&amp;period=day&amp;date=2010-01-03,2010-01-09</imageGraphEvolutionUrl>
		<uniqueId>MultiSites_getAll</uniqueId>
	</metadata>
	<columns>
		<label>Website</label>
		<nb_visits>Visits</nb_visits>
		<visits_evolution>Visits Evolution</visits_evolution>
		<nb_actions>Actions</nb_actions>
		<actions_evolution>Actions Evolution</actions_evolution>
		<nb_pageviews>Pageviews</nb_pageviews>
		<pageviews_evolution>Pageviews Evolution</pageviews_evolution>
		<revenue>Revenue</revenue>
		<revenue_evolution>Revenue Evolution</revenue_evolution>
		<nb_conversions>Conversions</nb_conversions>
		<nb_conversions_evolution>Conversions Evolution</nb_conversions_evolution>
		<orders>Ecommerce Orders</orders>
		<orders_evolution>Ecommerce Orders Evolution</orders_evolution>
		<ecommerce_revenue>Product Revenue</ecommerce_revenue>
		<ecommerce_revenue_evolution>Product Revenue Evolution</ecommerce_revenue_evolution>
	</columns>
	<reportData>
		<result prettyDate="Sunday 3 January 2010">
			<row>
				<label>Site 1</label>
				<nb_visits>1</nb_visits>
				<nb_actions>1</nb_actions>
				<nb_pageviews>2</nb_pageviews>
				<revenue>$ 10</revenue>
				<visits_evolution>100%</visits_evolution>
				<actions_evolution>100%</actions_evolution>
				<pageviews_evolution>100%</pageviews_evolution>
				<revenue_evolution>100%</revenue_evolution>
				<nb_conversions>0</nb_conversions>
				<nb_conversions_evolution>0</nb_conversions_evolution>
				<orders>0</orders>
				<orders_evolution>0</orders_evolution>
				<ecommerce_revenue>$ 0</ecommerce_revenue>
				<ecommerce_revenue_evolution>0</ecommerce_revenue_evolution>
			</row>
		</result>
		<result prettyDate="Monday 4 January 2010">
			<row>
				<label>Site 1</label>
				<nb_visits>1</nb_visits>
				<nb_actions>2</nb_actions>
				<nb_pageviews>1</nb_pageviews>
				<revenue>$ 0</revenue>
				<visits_evolution>0%</visits_evolution>
				<actions_evolution>100%</actions_evolution>
				<pageviews_evolution>-50%</pageviews_evolution>
				<revenue_evolution>-100%</revenue_evolution>
				<nb_conversions>0</nb_conversions>
				<nb_conversions_evolution>0</nb_conversions_evolution>
				<orders>0</orders>
				<orders_evolution>0</orders_evolution>
				<ecommerce_revenue>$ 0</ecommerce_revenue>
				<ecommerce_revenue_evolution>0</ecommerce_revenue_evolution>
			</row>
			<row>
				<label>Site 2</label>
				<nb_visits>1</nb_visits>
				<nb_actions>3</nb_actions>
				<nb_pageviews>3</nb_pageviews>
				<revenue>$ 0</revenue>
				<visits_evolution>100%</visits_evolution>
				<actions_evolution>100%</actions_evolution>
				<pageviews_evolution>100%</pageviews_evolution>
				<revenue_evolution>0%</revenue_evolution>
				<nb_conversions>0</nb_conversions>
				<nb_conversions_evolution>0</nb_conversions_evolution>
				<orders>0</orders>
				<orders_evolution>0</orders_evolution>
				<ecommerce_revenue>$ 0</ecommerce_revenue>
				<ecommerce_revenue_evolution>0</ecommerce_revenue_evolution>
			</row>
		</result>
		<result prettyDate="Tuesday 5 January 2010">
			<row>
				<label>Site 1</label>
				<nb_visits>1</nb_visits>
				<nb_actions>5</nb_actions>
				<nb_pageviews>5</nb_pageviews>
				<revenue>$ 5</revenue>
				<visits_evolution>0%</visits_evolution>
				<actions_evolution>150%</actions_evolution>
				<pageviews_evolution>400%</pageviews_evolution>
				<revenue_evolution>100%</revenue_evolution>
				<nb_conversions>0</nb_conversions>
				<nb_conversions_evolution>0</nb_conversions_evolution>
				<orders>0</orders>
				<orders_evolution>0</orders_evolution>
				<ecommerce_revenue>$ 0</ecommerce_revenue>
				<ecommerce_revenue_evolution>0</ecommerce_revenue_evolution>
			</row>
		</result>
		<result prettyDate="Wednesday 6 January 2010">
			<row>
				<label>Site 1</label>
				<nb_visits>1</nb_visits>
				<nb_actions>5</nb_actions>
				<nb_pageviews>5</nb_pageviews>
				<revenue>$ 5</revenue>
				<visits_evolution>0%</visits_evolution>
				<actions_evolution>0%</actions_evolution>
				<pageviews_evolution>0%</pageviews_evolution>
				<revenue_evolution>0%</revenue_evolution>
				<nb_conversions>0</nb_conversions>
				<nb_conversions_evolution>0</nb_conversions_evolution>
				<orders>0</orders>
				<orders_evolution>0</orders_evolution>
				<ecommerce_revenue>$ 0</ecommerce_revenue>
				<ecommerce_revenue_evolution>0</ecommerce_revenue_evolution>
			</row>
		</result>
		<result prettyDate="Thursday 7 January 2010">
			<row>
				<label>Site 1</label>
				<nb_visits>1</nb_visits>
				<nb_actions>5</nb_actions>
				<nb_pageviews>5</nb_pageviews>
				<revenue>$ 5</revenue>
				<visits_evolution>0%</visits_evolution>
				<actions_evolution>0%</actions_evolution>
				<pageviews_evolution>0%</pageviews_evolution>
				<revenue_evolution>0%</revenue_evolution>
				<nb_conversions>0</nb_conversions>
				<nb_conversions_evolution>0</nb_conversions_evolution>
				<orders>0</orders>
				<orders_evolution>0</orders_evolution>
				<ecommerce_revenue>$ 0</ecommerce_revenue>
				<ecommerce_revenue_evolution>0</ecommerce_revenue_evolution>
			</row>
		</result>
		<result prettyDate="Friday 8 January 2010">
			<row>
				<label>Site 1</label>
				<nb_visits>1</nb_visits>
				<nb_actions>5</nb_actions>
				<nb_pageviews>5</nb_pageviews>
				<revenue>$ 5</revenue>
				<visits_evolution>0%</visits_evolution>
				<actions_evolution>0%</actions_evolution>
				<pageviews_evolution>0%</pageviews_evolution>
				<revenue_evolution>0%</revenue_evolution>
				<nb_conversions>0</nb_conversions>
				<nb_conversions_evolution>0</nb_conversions_evolution>
				<orders>0</orders>
				<orders_evolution>0</orders_evolution>
				<ecommerce_revenue>$ 0</ecommerce_revenue>
				<ecommerce_revenue_evolution>0</ecommerce_revenue_evolution>
			</row>
		</result>
		<result prettyDate="Saturday 9 January 2010">
			<row>
				<label>Site 1</label>
				<nb_visits>1</nb_visits>
				<nb_actions>5</nb_actions>
				<nb_pageviews>5</nb_pageviews>
				<revenue>$ 5</revenue>
				<visits_evolution>0%</visits_evolution>
				<actions_evolution>0%</actions_evolution>
				<pageviews_evolution>0%</pageviews_evolution>
				<revenue_evolution>0%</revenue_evolution>
				<nb_conversions>0</nb_conversions>
				<nb_conversions_evolution>0</nb_conversions_evolution>
				<orders>0</orders>
				<orders_evolution>0</orders_evolution>
				<ecommerce_revenue>$ 0</ecommerce_revenue>
				<ecommerce_revenue_evolution>0</ecommerce_revenue_evolution>
			</row>
		</result>
	</reportData>
	<reportMetadata>
		<result prettyDate="Sunday 3 January 2010">
			<row>
				<group />
				<main_url>http://piwik.net</main_url>
				<idsite>1</idsite>
			</row>
		</result>
		<result prettyDate="Monday 4 January 2010">
			<row>
				<group />
				<main_url>http://piwik.net</main_url>
				<idsite>1</idsite>
			</row>
			<row>
				<group />
				<main_url>http://piwik.net</main_url>
				<idsite>2</idsite>
			</row>
		</result>
		<result prettyDate="Tuesday 5 January 2010">
			<row>
				<group />
				<main_url>http://piwik.net</main_url>
				<idsite>1</idsite>
			</row>
		</result>
		<result prettyDate="Wednesday 6 January 2010">
			<row>
				<group />
				<main_url>http://piwik.net</main_url>
				<idsite>1</idsite>
			</row>
		</result>
		<result prettyDate="Thursday 7 January 2010">
			<row>
				<group />
				<main_url>http://piwik.net</main_url>
				<idsite>1</idsite>
			</row>
		</result>
		<result prettyDate="Friday 8 January 2010">
			<row>
				<group />
				<main_url>http://piwik.net</main_url>
				<idsite>1</idsite>
			</row>
		</result>
		<result prettyDate="Saturday 9 January 2010">
			<row>
				<group />
				<main_url>http://piwik.net</main_url>
				<idsite>1</idsite>
			</row>
		</result>
	</reportMetadata>
	<reportTotal>
		<nb_visits>8</nb_visits>
		<nb_actions>31</nb_actions>
		<revenue>35</revenue>
	</reportTotal>
</result>