<?xml version="1.0" encoding="utf-8" ?>
<result>
	<row>
		<idSite>1</idSite>
		<idVisit>1</idVisit>
		<visitIp>74.125.31.147</visitIp>
		<visitorType>new</visitorType>
		<visitorTypeIcon />
		<visitConverted>0</visitConverted>
		<visitConvertedIcon />
		<visitEcommerceStatus>none</visitEcommerceStatus>
		<visitEcommerceStatusIcon />
		<searches>0</searches>
		<events>0</events>
		<actions>1</actions>
		<actionDetails>
			<row>
				<type>action</type>
				<url>http://piwik.net/</url>
				<pageTitle />
				<pageIdAction>1</pageIdAction>
				<serverTimePretty>Sun 7 Apr 10:00:00</serverTimePretty>
				<pageId>1</pageId>
				<customVariables>
					<row>
						<customVariablePageName1>HTTP-code</customVariablePageName1>
						<customVariablePageValue1>200</customVariablePageValue1>
					</row>
				</customVariables>
				<icon />
			</row>
		</actionDetails>
		<customVariables>
		</customVariables>
		<goalConversions>0</goalConversions>
		<siteCurrency>USD</siteCurrency>
		<siteCurrencySymbol>$</siteCurrencySymbol>
		<serverDate>2013-04-07</serverDate>
		<visitLocalTime>10:00:00</visitLocalTime>
		<visitLocalHour>10</visitLocalHour>
		<visitServerHour>10</visitServerHour>
		<firstActionTimestamp>1365328800</firstActionTimestamp>
		<lastActionTimestamp>1365328800</lastActionTimestamp>
		<lastActionDateTime>2013-04-07 10:00:00</lastActionDateTime>
		<visitDuration>0</visitDuration>
		<visitDurationPretty>0s</visitDurationPretty>
		<visitCount>1</visitCount>
		<daysSinceLastVisit>0</daysSinceLastVisit>
		<daysSinceFirstVisit>0</daysSinceFirstVisit>
		<daysSinceLastEcommerceOrder>0</daysSinceLastEcommerceOrder>
		<continent>Unknown</continent>
		<continentCode>unk</continentCode>
		<country>Unknown</country>
		<countryCode>xx</countryCode>
		<countryFlag>plugins/UserCountry/images/flags/xx.png</countryFlag>
		<region />
		<regionCode />
		<city />
		<location>Unknown</location>
		<latitude />
		<longitude />
		<provider>Unknown</provider>
		<providerName>Unknown</providerName>
		<providerUrl>http://piwik.org/faq/general/#faq_52</providerUrl>
		<referrerType>direct</referrerType>
		<referrerTypeName>Direct Entry</referrerTypeName>
		<referrerName />
		<referrerKeyword />
		<referrerKeywordPosition />
		<referrerUrl />
		<referrerSearchEngineUrl />
		<referrerSearchEngineIcon />
		<operatingSystem>Windows Vista</operatingSystem>
		<operatingSystemCode>WVI</operatingSystemCode>
		<operatingSystemShortName>Win Vista</operatingSystemShortName>
		<operatingSystemIcon>plugins/UserSettings/images/os/WVI.gif</operatingSystemIcon>
		<browserFamily>ie</browserFamily>
		<browserFamilyDescription>Trident (IE)</browserFamilyDescription>
		<browserName>Internet Explorer 7.0</browserName>
		<browserIcon>plugins/UserSettings/images/browsers/IE.gif</browserIcon>
		<browserCode>IE</browserCode>
		<browserVersion>7.0</browserVersion>
		<screenType>unknown</screenType>
		<deviceType>Desktop</deviceType>
		<resolution>unknown</resolution>
		<screenTypeIcon>plugins/UserSettings/images/screens/unknown.gif</screenTypeIcon>
		<plugins />
		<pluginsIcons />
		<serverTimestamp>1365328800</serverTimestamp>
		<serverTimePretty>10:00:00</serverTimePretty>
		<serverDatePretty>Sun 7 Apr</serverDatePretty>
		<serverDatePrettyFirstAction>Sun 7 Apr</serverDatePrettyFirstAction>
		<serverTimePrettyFirstAction>10:00:00</serverTimePrettyFirstAction>
	</row>
	<row>
		<idSite>1</idSite>
		<idVisit>2</idVisit>
		<visitIp>74.125.31.147</visitIp>
		<visitorType>new</visitorType>
		<visitorTypeIcon />
		<visitConverted>0</visitConverted>
		<visitConvertedIcon />
		<visitEcommerceStatus>none</visitEcommerceStatus>
		<visitEcommerceStatusIcon />
		<searches>0</searches>
		<events>0</events>
		<actions>1</actions>
		<actionDetails>
			<row>
				<type>action</type>
				<url>http://piwik.net/</url>
				<pageTitle />
				<pageIdAction>1</pageIdAction>
				<serverTimePretty>Sat 6 Apr 11:00:00</serverTimePretty>
				<pageId>2</pageId>
				<customVariables>
					<row>
						<customVariablePageName1>HTTP-code</customVariablePageName1>
						<customVariablePageValue1>200</customVariablePageValue1>
					</row>
				</customVariables>
				<icon />
			</row>
		</actionDetails>
		<customVariables>
		</customVariables>
		<goalConversions>0</goalConversions>
		<siteCurrency>USD</siteCurrency>
		<siteCurrencySymbol>$</siteCurrencySymbol>
		<serverDate>2013-04-06</serverDate>
		<visitLocalTime>11:00:00</visitLocalTime>
		<visitLocalHour>11</visitLocalHour>
		<visitServerHour>11</visitServerHour>
		<firstActionTimestamp>1365246000</firstActionTimestamp>
		<lastActionTimestamp>1365246000</lastActionTimestamp>
		<lastActionDateTime>2013-04-06 11:00:00</lastActionDateTime>
		<visitDuration>0</visitDuration>
		<visitDurationPretty>0s</visitDurationPretty>
		<visitCount>1</visitCount>
		<daysSinceLastVisit>0</daysSinceLastVisit>
		<daysSinceFirstVisit>0</daysSinceFirstVisit>
		<daysSinceLastEcommerceOrder>0</daysSinceLastEcommerceOrder>
		<continent>Unknown</continent>
		<continentCode>unk</continentCode>
		<country>Unknown</country>
		<countryCode>xx</countryCode>
		<countryFlag>plugins/UserCountry/images/flags/xx.png</countryFlag>
		<region />
		<regionCode />
		<city />
		<location>Unknown</location>
		<latitude />
		<longitude />
		<provider>Unknown</provider>
		<providerName>Unknown</providerName>
		<providerUrl>http://piwik.org/faq/general/#faq_52</providerUrl>
		<referrerType>direct</referrerType>
		<referrerTypeName>Direct Entry</referrerTypeName>
		<referrerName />
		<referrerKeyword />
		<referrerKeywordPosition />
		<referrerUrl />
		<referrerSearchEngineUrl />
		<referrerSearchEngineIcon />
		<operatingSystem>Windows Vista</operatingSystem>
		<operatingSystemCode>WVI</operatingSystemCode>
		<operatingSystemShortName>Win Vista</operatingSystemShortName>
		<operatingSystemIcon>plugins/UserSettings/images/os/WVI.gif</operatingSystemIcon>
		<browserFamily>ie</browserFamily>
		<browserFamilyDescription>Trident (IE)</browserFamilyDescription>
		<browserName>Internet Explorer 7.0</browserName>
		<browserIcon>plugins/UserSettings/images/browsers/IE.gif</browserIcon>
		<browserCode>IE</browserCode>
		<browserVersion>7.0</browserVersion>
		<screenType>unknown</screenType>
		<deviceType>Desktop</deviceType>
		<resolution>unknown</resolution>
		<screenTypeIcon>plugins/UserSettings/images/screens/unknown.gif</screenTypeIcon>
		<plugins />
		<pluginsIcons />
		<serverTimestamp>1365246000</serverTimestamp>
		<serverTimePretty>11:00:00</serverTimePretty>
		<serverDatePretty>Sat 6 Apr</serverDatePretty>
		<serverDatePrettyFirstAction>Sat 6 Apr</serverDatePrettyFirstAction>
		<serverTimePrettyFirstAction>11:00:00</serverTimePrettyFirstAction>
	</row>
	<row>
		<idSite>1</idSite>
		<idVisit>3</idVisit>
		<visitIp>74.125.31.147</visitIp>
		<visitorType>new</visitorType>
		<visitorTypeIcon />
		<visitConverted>0</visitConverted>
		<visitConvertedIcon />
		<visitEcommerceStatus>none</visitEcommerceStatus>
		<visitEcommerceStatusIcon />
		<searches>0</searches>
		<events>0</events>
		<actions>1</actions>
		<actionDetails>
			<row>
				<type>action</type>
				<url>http://piwik.net/</url>
				<pageTitle />
				<pageIdAction>1</pageIdAction>
				<serverTimePretty>Fri 5 Apr 12:00:00</serverTimePretty>
				<pageId>3</pageId>
				<customVariables>
					<row>
						<customVariablePageName1>HTTP-code</customVariablePageName1>
						<customVariablePageValue1>200</customVariablePageValue1>
					</row>
				</customVariables>
				<icon />
			</row>
		</actionDetails>
		<customVariables>
		</customVariables>
		<goalConversions>0</goalConversions>
		<siteCurrency>USD</siteCurrency>
		<siteCurrencySymbol>$</siteCurrencySymbol>
		<serverDate>2013-04-05</serverDate>
		<visitLocalTime>12:00:00</visitLocalTime>
		<visitLocalHour>12</visitLocalHour>
		<visitServerHour>12</visitServerHour>
		<firstActionTimestamp>1365163200</firstActionTimestamp>
		<lastActionTimestamp>1365163200</lastActionTimestamp>
		<lastActionDateTime>2013-04-05 12:00:00</lastActionDateTime>
		<visitDuration>0</visitDuration>
		<visitDurationPretty>0s</visitDurationPretty>
		<visitCount>1</visitCount>
		<daysSinceLastVisit>0</daysSinceLastVisit>
		<daysSinceFirstVisit>0</daysSinceFirstVisit>
		<daysSinceLastEcommerceOrder>0</daysSinceLastEcommerceOrder>
		<continent>Unknown</continent>
		<continentCode>unk</continentCode>
		<country>Unknown</country>
		<countryCode>xx</countryCode>
		<countryFlag>plugins/UserCountry/images/flags/xx.png</countryFlag>
		<region />
		<regionCode />
		<city />
		<location>Unknown</location>
		<latitude />
		<longitude />
		<provider>Unknown</provider>
		<providerName>Unknown</providerName>
		<providerUrl>http://piwik.org/faq/general/#faq_52</providerUrl>
		<referrerType>direct</referrerType>
		<referrerTypeName>Direct Entry</referrerTypeName>
		<referrerName />
		<referrerKeyword />
		<referrerKeywordPosition />
		<referrerUrl />
		<referrerSearchEngineUrl />
		<referrerSearchEngineIcon />
		<operatingSystem>Windows Vista</operatingSystem>
		<operatingSystemCode>WVI</operatingSystemCode>
		<operatingSystemShortName>Win Vista</operatingSystemShortName>
		<operatingSystemIcon>plugins/UserSettings/images/os/WVI.gif</operatingSystemIcon>
		<browserFamily>ie</browserFamily>
		<browserFamilyDescription>Trident (IE)</browserFamilyDescription>
		<browserName>Internet Explorer 7.0</browserName>
		<browserIcon>plugins/UserSettings/images/browsers/IE.gif</browserIcon>
		<browserCode>IE</browserCode>
		<browserVersion>7.0</browserVersion>
		<screenType>unknown</screenType>
		<deviceType>Desktop</deviceType>
		<resolution>unknown</resolution>
		<screenTypeIcon>plugins/UserSettings/images/screens/unknown.gif</screenTypeIcon>
		<plugins />
		<pluginsIcons />
		<serverTimestamp>1365163200</serverTimestamp>
		<serverTimePretty>12:00:00</serverTimePretty>
		<serverDatePretty>Fri 5 Apr</serverDatePretty>
		<serverDatePrettyFirstAction>Fri 5 Apr</serverDatePrettyFirstAction>
		<serverTimePrettyFirstAction>12:00:00</serverTimePrettyFirstAction>
	</row>
</result>