<?xml version="1.0" encoding="utf-8" ?>
<result>
	<row>
		<label>Desktop</label>
		<nb_visits>25</nb_visits>
		<nb_actions>28</nb_actions>
		<max_actions>3</max_actions>
		<sum_visit_length>305</sum_visit_length>
		<bounce_count>23</bounce_count>
		<nb_visits_converted>23</nb_visits_converted>
		<sum_daily_nb_uniq_visitors>25</sum_daily_nb_uniq_visitors>
		<logo>plugins/DevicesDetection/images/screens/normal.gif</logo>
	</row>
	<row>
		<label>Smartphone</label>
		<nb_visits>2</nb_visits>
		<nb_actions>2</nb_actions>
		<max_actions>1</max_actions>
		<sum_visit_length>0</sum_visit_length>
		<bounce_count>2</bounce_count>
		<nb_visits_converted>2</nb_visits_converted>
		<sum_daily_nb_uniq_visitors>2</sum_daily_nb_uniq_visitors>
		<logo>plugins/DevicesDetection/images/screens/smartphone.png</logo>
	</row>
</result>