<?xml version="1.0" encoding="utf-8" ?>
<result>
	<row>
		<label>Linux</label>
		<nb_visits>8</nb_visits>
		<nb_actions>8</nb_actions>
		<max_actions>1</max_actions>
		<sum_visit_length>0</sum_visit_length>
		<bounce_count>8</bounce_count>
		<nb_visits_converted>8</nb_visits_converted>
		<sum_daily_nb_uniq_visitors>8</sum_daily_nb_uniq_visitors>
		<logo>plugins/UserSettings/images/os/LIN.gif</logo>
	</row>
	<row>
		<label>Windows</label>
		<nb_visits>9</nb_visits>
		<nb_actions>9</nb_actions>
		<max_actions>1</max_actions>
		<sum_visit_length>0</sum_visit_length>
		<bounce_count>9</bounce_count>
		<nb_visits_converted>9</nb_visits_converted>
		<sum_daily_nb_uniq_visitors>9</sum_daily_nb_uniq_visitors>
		<logo>plugins/UserSettings/images/os/WI7.gif</logo>
	</row>
	<row>
		<label>Mac</label>
		<nb_visits>6</nb_visits>
		<nb_actions>9</nb_actions>
		<max_actions>3</max_actions>
		<sum_visit_length>305</sum_visit_length>
		<bounce_count>4</bounce_count>
		<nb_visits_converted>5</nb_visits_converted>
		<sum_daily_nb_uniq_visitors>6</sum_daily_nb_uniq_visitors>
		<logo>plugins/UserSettings/images/os/MAC.gif</logo>
	</row>
	<row>
		<label>Android</label>
		<nb_visits>2</nb_visits>
		<nb_actions>2</nb_actions>
		<max_actions>1</max_actions>
		<sum_visit_length>0</sum_visit_length>
		<bounce_count>2</bounce_count>
		<nb_visits_converted>2</nb_visits_converted>
		<sum_daily_nb_uniq_visitors>2</sum_daily_nb_uniq_visitors>
		<logo>plugins/UserSettings/images/os/AND.gif</logo>
	</row>
	<row>
		<label>Bot</label>
		<nb_visits>1</nb_visits>
		<nb_actions>1</nb_actions>
		<max_actions>1</max_actions>
		<sum_visit_length>0</sum_visit_length>
		<bounce_count>1</bounce_count>
		<nb_visits_converted>1</nb_visits_converted>
		<sum_daily_nb_uniq_visitors>1</sum_daily_nb_uniq_visitors>
		<logo>plugins/UserSettings/images/os/UNK.gif</logo>
	</row>
	<row>
		<label>Unknown</label>
		<nb_visits>1</nb_visits>
		<nb_actions>1</nb_actions>
		<max_actions>1</max_actions>
		<sum_visit_length>0</sum_visit_length>
		<bounce_count>1</bounce_count>
		<nb_visits_converted>0</nb_visits_converted>
		<sum_daily_nb_uniq_visitors>1</sum_daily_nb_uniq_visitors>
		<logo>plugins/UserSettings/images/os/UNK.gif</logo>
	</row>
</result>