<html>
<head>
    <meta charset="utf-8">
</head>
<body style="color: rgb(68,68,68);">

<a id="reportTop" target="_blank" href=""><img title="Go to Piwik" border="0" alt="Piwik" src='plugins/Morpheus/images/logo-header.png'/></a>

<h1 style="color: rgb(126,115,99); font-size: 11pt;">
    Website Site 1
</h1>

<p>
    Mail Test report - Date range: 2010, January
</p>


<h2 id="Actions_getPageTitles" style="color: rgb(126,115,99); font-size: 11pt;">
    Page titles
</h2>

            <img alt=""
                                    src="data:image/png;base64,iVBORw0KGgoAAAANSUhEUgAAArwAAADICAIAAACF9KXqAAAACXBIWXMAAA7EAAAOxAGVKw4bAAAgAElEQVR4nO3dfWwc553Y8WdJasldcl/IJbkrvoqibEXy+VVy/Koql8R3Tt0mtZyL7SSNAR9iFIfEqZtckSJAb9GiaA/9I3GcuyvkuxS95oqkl7PrXI3kkPwjOEADxEpcoG7t0pQqk3Iovtg0uUtyl8vd/jHyaDTvrzuzw+8HgjA7nHme38zOy2+fZ14SrVZLAAAAWOkKOwAAANAZepQfZmdn5eH5+XndMQAAYH+6ljTMzs4q0wIpXVCNIW8AAGDfutY9QUIAAABM9FhPoufy5cvKj1euXCmVSibTb21tJZPJnh6X1UVHq9WqVCqZTCbsQHywu7vbaDRSqVTYgfhgZ2enu7v7wIEDYQfig0qlkk6nu7o6/nqjvb29Wq2WTqfDDsQHtVpNCNHb2xt2ID6oVqt9fX3d3d1hB+JVs9nc2toaGBgIOxAf1Ov1ZrPZ19cXdiDW9A9MvvdE1Ov1vb09HwsMS6vVqtfrYUfhj0ajEZtlqdfrjUYj7Cj8UavVms1m2FH4YG9vLzYb2O7u7u7ubthR+CM2R+NmsxmnDaxTlkX90197KYOu8fFxk49au7u7+Xw+l8s5jzBams1mtVodGxsLOxAfrK+vb2xsxGNZms1mKpUqFAphB+KDarVaKpWSyWTYgXhVrVaXl5fjsYEtLS0lEolisRh2ID7Y2dkZHR2NQQtQrVar1+vx2MBWV1drtVpHLIv67okQr2z4X3MrYVVtX7PVWrxc3e3qgFAtVaqVanVroxaHZVlZ3Ugma7l32/cD/bduGGlbXQAQEde6J7g5AgAAmDB8ToMQYn5+nuc0AAAAybWkQTcn2IeJwqcevPuln/wi7CgsdESQMcB6BgCljr+tK0SfevBu13/1WK90JjOqwqTq4KKSy1f+C7QuZaUBlfzST37RtqUAgOgjaXDP/Deo6q9+nXs8/vZtw+/ml37yC/lfe864gS4UeQMAyEgaECDOuAAQJ1F8RKPyNCP/iJRHGv2CV47XjpR+oOuWLGw0A2h/30uzGBUi1aUKXhWVeZC6v57tNzMYLa/RghhFrq3X6IuwGZUqHqMYjOoyiv/Pv/e3uhVpl9pkWDc2YbBOAGAfilzSoDo6yyc/Owd9+2cIo+mF234E80K0Zx2bQXphUqPsqS980nXy5DRUp+vfdV0uZrSzrgAAUe+e0J5u5R/Q2vG6I81/Gds8Pah+tVvOZf5Xp0G6Y1nU5x75+Nm//JH9Ak3CtjOLo/VvVJflF2EepLYBRhcZAwDoCqql4cwzL9qf+IVvPiwP67bPR79f3LxbITbsfBEm7fyOvkfXX7p2Rss+l33y9QGAR5HoniiXy+VyWf6o7PKXhqNwKJfOKy/++H98+Yu/pxuPNuz4sdkqozveaTeQUTlyBmDUSuFu5e+Hrw8APAoqaXjhmw+Xy+WZmRnp49raWjqdNnoL88WLOiNVVwt2ig4NO2hRuEpAjsGkh8LoclEAgAj0moZyufzEBx555JHHH3/8CQPKZgajtmXlGKPubd2RlhcfaAsxmfjhT9zz3PN/rf2ToyzBaZA2y3Fa2l/9zc+e+sInlTPqTqa83kL3i3DBqEybdZk3MxhtLdopdQsHABiJRPeEkuqgr/vTUNsVbTnSZo12rpKzGbbuDRTysLuLH00uC1WOsR/22b/8kXbZTZbF6IuwGbllmQHV5XEWGh4AQJJotVptqObSpUv5fD6Xy5lM0zGvxl5cnJqcDCsAH09g0quxi6OjQRTumrsYVlZXksneXDbbtpCCezX23Nzc9PR0MpkMqPy2qVary8vLch9lR1taWkokEsViMexAfHDhwoVSqZROp8MOxKtarbawsHDkyJGwA/HB6upqrVYbHx8POxBrUb/lEiqu20Iiy5eemuBEMCQACEvkuidgyaRHvxMF9JgKX8RpPQOAdxFKGoJr7/VRs9nsbb13NOxQfXll+fr6gY2N7qmpa8sS1pvQvde7mKqlUqlCoeBLPLJ9+Gp4ADBB9wQAALAlQi0NjcVzYYdgrdVsJdcWG4tLYQfih0qlp7rV6NJ7Skan6V5ZSSR7G9uBXAjZZsm1xWbP240DgeybPROngygWwD5BSwMAALCFpAEAANhC0hBPR08/aTnNiYeePvWZr9uZ0q96/a0LRljPAAISuaTh6Oknlf8CrcjR+Jg5evrJ8y9/+5X/+u/aWeOb574r3K75oL+Xtm14yhoDKvnNc9/dJ5sxgDaL0IWQMunUIpHPNEEItHDfBRRte9aA9+DbEGfbNjxtdUEU3lmbN4COELmWBpVAfzPxgwxG2DYAQCuKLQ0mlMdx+VeU6uCuHW/ye8v8B5ludR//x3+kPKOomtxt1i5Vqlu+SWmWZZovhaq0Ew89rR3vKCrzepUT2PzJaxKAqhBVpT//4R/f+cl/qg3MTvw2A9MNSTmNyVevXQPSNEZr8vWfndXOaDKsjUHQ2AAgAJ2UNGjPAdrDonwANTrCeqxOd1jonXctazcqX3deyxOAo/UglXb+5W9vVbdOfebrrqMyqdc1k9VuMo2jYp1uD+3Z8OSJLy8u3vTxpxylWUYfAcBfUe+eUB4ELU8eRuPNm5qN/mrePmHy0Wbt3iM3mstLaY7KCeIUZVmgi0pdrAd/NzxVjboND8oxr//srCpCbRuMLjIGAIEKqqVh89k+5cchaaTBxJmv7Cg/GjW3Cnu/KZ1OKYx/x7v+3Ryd7nC/IonOErljM/eSh9uz4VnOqLtlqhIa3Z4OAAhCJLonyuVyuVyWP5pcYWC/UdrpMVS3wdl1w3t0juB+RRKdJXLHTvyBbnjyBmbUSiGPvLy4WCyWemw/RlruPzKpHQAsnXnmRSHEd//VJ/KZPqNpgkoaMl/ZKZfLMzMz0se1tbV0Op1KpfSnfs/69Qdt7qylbxiSKGwJqotRdKfRXnoCAC689fZ7J286aPTXAK9pKJfLT3zgkUceefzxx58woGxmsMmoq1ga0B5b7bQTmByRXXR2uJvdsvPb5lzeIzEpX1itf6elCSdnO5uVqvoafFkPwtuGZ97MYDSjdnp/rzwFACHE1s6uNHDHsZLJZJHonrBDdVTVvcTMaFjYbrY1unLN5gWJJtG6m9fo8j3dE4mP68E8KmU5JnWp5jW/FNHLKpKGf/mjb5l8Za7XQ3s2PNczmsxFqwMA+z7/L/67EOKGqcGuroTJZIlWq9WGaC5dupTP53O5nMk0vrwaO+gDZavZWlxcnJyaDK6KtqlUKlvVrdHiaBvqCvR7OXr6yZ//8I97k73ZXGivxvZxAZ1e0+AopHa+GrtarS4vL8t9lB1taWkpkUgUi8WwA/HBhQsXSqVSOp0OOxCvarXawsLCkSNHwg7EB6urq7VabXx8PMQYpAsaPnJy8unPnTSZLOq3XFpy0ZiP9nPaVBN9Ed/wIhgSgOg7ODJgPkHHdE8YMW+0R3SY9Oh3oihveHFazwDaaXw0Yz5BhJIG1w2n8/Pz/kZiotls1rfneiaOtq3GAK2vNzY2eiam2lZhQN/U/Pz84uJiK5XqKRSCKN+k3iCKrW/PdY1P9ySTrkto5x4BIE7GRy1aGjq+ewIAAHgh3zox1kEtDZuvvhN2CNaarWZjcX1zswNCtbRdqdS3qpvLEdoGXKuvrIne3s1sTfunzMmx9scDAB1EunXi+OHCgR6LpgRaGgAAgCgO91tOQ9IAAABEqRCvpOG2R09FpJDIVrdvPfClM2GHAACdzfJ+SxGpaxq0lGfc137wSoiRuHPbo6eksOUBownMZw/I/b//CeXH9qzhgBbqp9954fQXH+rEjQQAImLC6tYJEeWkQXV2ieBP9qBP+W04Bf7dcz8sjl59yF3QOYokuCrOPf9yexYBAOJku9aQBuy0NES0e0J79OdkELTXfvBKBDMzAECgPvf1vxVC3HrjaG/Suh0hii0Nlr/g5WHdpgjVvEbjdSvSTqyd5pNf+6x8fjWp1H6WI02sXS7zthZpFvN6TZbdTlSqeIzC0K3LKDbLCJUTmAzrxqa7TgAAlkaGbL2OJIpJgwntKUd7irIzrP1oPrGWv+cnR7EJe501jhbHZjxGYbiry/tcjmYEABgpFmwlDRHtnjBi53JCZTOAarzRLCaFtIf5ac/FedHF4ihncXTZpm5dqhpdrHBtIbrIGADAu+KQ9f2WIriWhvMnz6rGrBpPfOLVpzxW5+gEv09+m9pZJ7/75U/Lw0Y9NX7VZXMuy24XOZPYD18iALTHeNH6KkgRke6JcrlcLpe9lODo/LFPer7tLKDy7gklp70hunUpmxyMJrCM0KQ6UgcA8Ki+uycNlIZDTRpOvPpUuVyemZmRPq6traXT6VQqpT/1xes+teGkvk/yBneisGbkGEx6KMyfgQEAsPTYP/+REOKOY8VUr618IMCWBmXjwaVLl/L5fC6XszmvyWX2Nid+7QevqMYbdb3rfjQ6Fd3xmJv3d9u508H+7EarQnVPgV8XDCpvcNANw6Qu82YG87lUE3tfEACAruG8wU96jUh0T+hSnTnMr4nTTqwdrz3T6OYNJiUIIX71/XNy3mBSuPaMaH4itKSqS26ZN1lFRuvEUV1GVZsM26/L97nIJwDABZv3WwohEq1WK9BQJHZaGjrl1diLi5enJictpwz0BOZL4ZVKpbpV1b2moZ1h+GJlZSXZ26v7JOmOezX23Nzc9PR0MpkMOxCvqtXq8vKy3EfZ0ZaWlhKJRLHofmeJjgsXLpRKpXTa7kkismq12sLCwpEjR8IOxAerq6u1Wm18fLz9VZ955kUhxFe/cOd9t0/Ymb7DbrnsIG2+abM9zO+iDBfvngAAdw6O2LrfUkS5eyIG4ne5pXl3T4ge+NKZc8+/HHYUANBJdhtNacDmrRMiUklDRzQjN5vNnmw1c9RuqPPz80GE4Uuxe+vruxsbmSlnqz2gJfLo3LlzqVQqUyiEHQgAdIxH//AlIcTJm0rpvgM2Z6F7AgCA/auQ67M/cYRaGt55dTPsEKw1W831xcY7mx0QqqVKZbu6Ve9ZjsOyrK3Ue3tFLRuVZRk7mQk7BACwZTjv4KpYWhoAANi/Rm3fbylIGgAA2M/GRu1eBSk6JWk49eht0r+wA+kYrKv2YD0D6HSlgt37LUVHJA2nHr3tlR+8Jv2L0zE6uGWR1phJFSZVB72G5fyvnVlgcBXFbJsEsH9Ij3W686Zif9rBo+Q6IGlQks6F9kX5gO50WWySMwZ3AopKVUWbs8BAF4q8AUDnGso5ezZohyUNiBnOuAAQIvuvqpJE6JZLXdIZRfpfOsHIDe/y+Ub+Hak8/ch/lUeqfm4qS9D9q7Ioefj0Y3coJ9NWrfujVvvrXxW5biHKuYyGLSsycurR2378Fz//9Jd/V7UsRqEqJ9OdxuaqsIxKFY9RDKrxL3znp9pIlNPolma5enWXS7touusEAKKvWHDW0hD1pMHkcKwar/vR/FBu86yszFTOff9XlxcXJyenhOIsYvOMbs6XQhz5xO/f/8Pn/k5+YZVupdpVYV6ml6UwWe26Majqevn5c05rcZRjmWxsANCh7D9AWtLB3RPmR207x3TlNCatDhKbuYtue7tqpPkvdaPpfW/G//Ff/Nx8Ao9nfTsxK2fxstpf+M5PH/riaW2l5id7bYQ2VzUZA4CO1mxefcH1wWEHt06I4Foazp48rxm3ajTxU6+e8F6jtrfCC0dnaF9O50aphnl6ETV2VoVJO38bVrvuXJar2t+tCwDC9emv/jchxMnjzm6dEBHpniiXy+Vy2Xs5yvsMvRzcnbbJ22zVMO8xicfZyGkDj5KX1b6ystLbm5THm6xq1+vZr60LACJiKOfsKkgRXNLw1KsnyuXyzMyM9HFtbS2dTqdSBvFd9LNqowv6bIraT3k5nnjfaBCF1W5nVXvcugAgOgqDkUkahBDKxoNLly7l8/lcLhdcdR6P4yZ959KAdCI59/1f6Y63c5WceTODbiHas5ejZTRpdbeTf6hmN5rFxaqwZFSmSV0PffG0qjdBt5nBKELzVU2WACB+Rged3TohItI94QvVQV97JtC9NUA1vW45qhOV+bBuRa7jd1eI+bV+LtIO1bDNVeSoLu+r3ebdE+4iNJ+LlAJAJxobcXbrhBAi0Wq1gghFxU5LQ5tfje3uQN9sNZW3XEbwVGE/qkqlUt2qyrdc+lt4cHRjkK5pyGYDbMpyFJKXV2PPzc1NT08nk86uToqgarW6vLws91F2tKWlpUQiUSw62Fki68KFC6VSKZ12/BMzamq12sLCwpEjR8IOxAerq6u1Wm18fLw91e3tNX/vay8JIb73b/9Buu+Ao3k7+JbL9jO/bTIi4nfpQ8RXewRDAgATUsZwx7Gi04xBxKl7og3MOzuiw+TiiU4U5dUep/UMYF8Zyva5mCtCSYOXFl0X5ufnXcw1Nzc3Nzd39OhR3+Pxl52lW1/f29jYHZtysNrdrTTvLOttLr6fSqUKhbZuQiK8FQIAHg07v3VCaJOG2dlZoTgUSh8lHB8BAIiH0SFnz4KUXJc0zM7Ozs/Py4mC9FH1Vy8hAgCAKBgbcZM0XHchJDkBAAAxtttoSgPjxayL2V1e0/D+++8rP1YqlWzWrPrd3d3t7e2uro6/WaPZbO7t7W1utvXu0IBsbW3V6/V4LEu9Xk8kEvFYlkajUa1Wa7Va2IF4tb29vbu7G48vpVarxWYD293drVare3t7YQfiVb1ebzQa8fhStre327YsT/zLnwkhjh8ebNS3Nxs7Tmd3mTS88847yo8XL15UXv2gtbOzU6vVVKlGJ2o2m/V6XbX4HarRaDQajXgsS61W29raqlQqYQfig1qttrS0FIMMO2YbWCKR2N7eDjsQH+zs7KysrHR3d4cdiFfNZrNWq8VjA9vd3ZVOLm2rsbdnb2npNy5mdJk0HDt2zOSjVhseI90ezWazI+6esGN9fX1jY2NqairsQHywuLiYSqUKhULYgfiAhztFEA93iiAe7uTW/xZCHDl00N2JrON/zQAAAEdKBccPkJaQNAAAsL8cdHXrhNDecqkcUN5+Kbi3AgCATibfOjFRdPkovOuSBm1aQKIAAEA8PPqHLwkhbpwecvHWCQndEwAA7CPDg6muroS7eUkaAADYR0oFlxc0CJIGAAD2ldKwftKw+Wzf5rN9zY23TeYlaQAAYB8ZH9G537JV/+DheD1mr8wmaQAAIP7kWyfG9G6dqPzZsBCi59jnu9KjJoWQNAAAEH/SrRMTpUwmbfjA2e7iCfNCSBoAANgvSoW09taJVrMhDXRP/rb57CQNAADsFweHdS5oqDx3dWRX7rD57CQNAADsF2Mjhs+CPHDya4lui1flkTQAALBfjBfVLQ2t1tULJHus+iYESQMAALEn3zoxWcyq/tTaWpYG/ueZ+fMnz7Y+mFIXSQMAADEn3TqRG0hm+tUdENU/PySESEz9I+nj9vy7JuWQNAAAsC9MFDNGb5148998VAgxcHspfXTYpASSBgAA9oXJkqZvorah/Ji5c9y8BJIGAAD2hQnNsyAr/2FUCJEo3S99zJ2aMi+BpAEAgH1hStPSIHnz339GCJG9e6L/2Ih5CSQNAADE2ZlnXpQGJkqGD2kQQvTfXrIsiqQBAID4GxlM5zPXvcFy89nrPubunrAshKQBAID4Gx/VeYC0EOL//udvCyGyf286dWPBshCSBgAA4m/MIGmQ9B8f7jrQbVkISQMAAPGnamlofvAgSEn2Luu+CUHSAADAfjAxet1VkNXnp8QHfROZeyfSNvomBEkDAAAxJt86Ma55SIOs//hIV2+PndJIGgAAiLmJ4sBQLqUa2WpezQGy907aLIekAQCAmDs4fN0FDdLNlnN/9S0hROpDw5bPdJKRNAAAEHPFQr/RnzJ3HLRz34SEpAEAgJgbG1Hfb9nau5oo5H/7kP1ySBoAAIg55UMarvZN/JdvCiF6J7KZ2w/aL4ekAQCAeLr21gmDWydyp6cdFUjSAABAnM2M51S3Tsj3TeQ/cshRUSQNAADEWbGQlodbe3Uh3zdxtOCob0KQNAAAEG8jg9dunah8JysPZ+8ad1oUSQMAAHFWGta/3zJ3ytkFDYKkAQCAeJPvt2w1G+KD900MnDw4cHPRaVEkDQAAxJD2rROV567deNl/czHR4zgHIGkAACC2bpweHM6r3zohhMjebetd2CokDQAAxNbIYFr5UeqbyN4/2X/c7vsmlEgaAACIreHBq80M0oMgJakbCt2pAy5KI2kAACC2ikM6t07k7nLTNyFIGgAAiLGS4qXYUt9E5u6JtKu+CUHSAABA/Fy7dWJ0QAjRauzIf0rdMNSddtM3IUgaAACIq5tmC4V8SghR+ZN8q5WQRubucdk3IUgaAACIq6Fcqqvraq4w971nhRCpo4V+5890kpE0AAAQT4Wc+gkNA7cU3d03ISFpAAAgnkaGUkKIzWf75Hdhu3jfhBJJAwAA8XTwg1snpHdhd2WT7h4EKSNpAAAgVuRbJ+RXVUmGPnY48cElDu6QNAAAEEO3Hh0p5FObz/ZJj2cQQuQ/OuOxTJIGAABiKNvf29197SzfO5nN3TPpsUySBgAAYkh160TWw+MZZCQNAADE0MjgdX0T2fumvJdJ0gAAQAyVFFdB9t8+mrnjoPcySRoAAIgP+daJg4pXVaU/NOrlmU4ykgYAAOLm1htHhnK9ct9EztvjGWQkDQAAxE12oLf2p1dbGjJ3l/pvcf++CSWSBgAA4mYo1ycPpw6P9GR6fSmWpAEAgLgZHeqX+yYyd475VSxJAwAAcXP/+ePSwMDt+YHbSn4VS9IAAEBMyLdOyFJHx/zqmxAkDQAAxMwtN45ce6bTh70+OlqJpAEAgFj5av3j0kDfzAFfnukkI2kAACCeBm6d7R5I2pz47Mnzq29umU9D0gAAQKxc65u419YznXa39s6ePC+EeOFz/6fZaJlM2eM9OAAAEDWJpMidmracTEoXJDf+w6GEaWMCLQ0AAMSBdOvEfzr0uPQxd3+p60C3+SxyxjBxX+ahP7vhI380k+hKmExPSwMAAPEh900MPXizyWS723v/8dRr0vDh3xn88B+MZyes78wkaQAAIG56hvZyp6aM/qrskrjnn03c/Fm7b6agewIAgJiQ+yYyt48Y9U0ouyQe/PaR33ps1H75tDQAABATct9E/oFbtX9VdknMfCz/4S+N5yb7tJOZIGkAACBWUjPb2bvUfRPKLom7nh6/9QtuXkhB9wQAAB3vzDMvyn0TqZlB1fsmrnVJ3Jt58Fuzt3ze7kUMKrQ0AAAQB9ee6XT62n0TygaG6dO5u56eyE8765JQImkAACA++m9Yz977IWlYzhgGDiaPPTx8+5Ne30NB0gAAQHz0TuQODKaEskvinsyxMyOHTue9F07SAABAx/vGKyvSQPb+m5RdEhP3Ze75yuTg4ZQvtVgnDbOzs/Lw/Py8L7UCAADfHZi68jf/+oQ0nJ1KHvmdwsl/MuZj+RZJw+zsrDJRUH0EAAChO/PMi98QQgjxi7f/vjRm4p7M0U8NH/7ooL8V0T0BAEBn+8YrK+fFCfnj+F2Zu78yOXTEny4JpUSrZfbmbL9aGpT9KwAAIAi5yZ6ZjxU+/KWJgMp32dLwy1/+UvnxjTfeOH78uB/xAAAAN/p7VgYfGOk6eeX8+SsBVeEyabjzzjtNPmpdzP11d+9ecqDprjohxM673ZX1UmH6HdclCCHeWxjt7d0cGNt2XUJ9Z+/dyzPDY297CWPzSqGru56d2vBSyMpbU/nhy90p96u0cmVgr9E3eGjFSxirF8cHclf6hhquS9hePVDdGBn29s2uLRT7+t7vL+24LmFvu7X6m+mRiQUvYWz8ptDdU89Mevpml9+ayo8s9li/otZQ5Uq22erJT616CWP14kQmv9Sbd//Nbq0kt6tDQ9NLXsJ49+1SOr2eGnX/zdY2xPrq5LDHb/adkQPJ7cxExUshV96aHhxd6E66L2FzKSdEIjf1rpcwVi5OZAd/05tzf+jYutK7vZ0vHPL0za79v4PpgfdSwzXXJdTWxfvvTYxMevpm1y+PJnurA+NVL4VceWu6UHo70ZVwXcLGlcFEYi83te4ljMpS5uhjydv+4IT1pB606ZqGm//0ltHR0cFBn6/IaL+9vb3XXnvtxInHww7EB2tra+++++4NNzwQdiA+uHjx4sDAwMjISNiB+ODXv/718eMP9/Z6yBqiYXNzc3Fx8dixj4YdiA8WFha6urrGx8fDDsQHr7/++qFDJ/r7+8MOxKtarfbGG2/ceutnww5Ecp+Xma9cubKzszM9Pe1XNMHh3RMAAMAWi5aG+fl5ntMAAACEne4JEgUAACAsb7kEAACQcE0DAACwhaQhnpRXogAwwc4C2Gf3lkvvb53QvaBSO1I1Rrs/uwtDKseXp1taxqw7mV8LIjTHOF/Ksb8gRpO5DkD1pbgu03Xwvl/qG9bOYjSju9pD3FmMJvMYgJeiIrIgMdtZOn1PEfHaWexq2XD48GH5f3dU8+oWePjwYd3JzMfYD8CycJvl2Ck2uAWxOa/lNK4XxJfVaFKaX9+L7shAF8ekahclmBcY6LKEvrP4u415nyYiCxKznSUGe4qPpUVhG7PJTfeEKnmXP85eTzlNFH7A6f7cF9eHLa5fOh+bB1Q1+p4P6q553e9CEpGbYpRfivZFJ8rg2/C9BCGsncWj6OwsQWBnCThSNzp0TxFx31m0fHsipHYj9qvkQHVo2Cq6S6EcGUSaErSODt5ch251HRq2CjtLB+ncTa5zI7dk3dIgL7xRPuWUu83al53BziLI01jWGOKCGKXeSvZrcRSStH5kbTtCBfS9+Ls44e4s/i5LiDuL719KWDtLWII+iHkXkdOKX6JwZmmbNr17QjLr4codv0jfnC9X34S7jarGuNvxXCyINoP26+SkKsfFEkVhcfwShWUJa2fxd0FC3Fn8OiNqCwxlZ/F9cXwRkQUJa2dp/9xvDD8AAAEuSURBVJdiK2kIPROMzqFcRHVBXBxEIrVWVZSx2dz8IrI4oe8skRLNBWnnztKGNup27iw+Lk64e0oE+w46ZVkskgbtYqhi0g1ROzJSxw7L1MwkZ4zUghjpuIzBZiQR/17YWVQitSBG2raz+LU2IrKz+PvbKcQ9xcetNPSdpT17nJvuCeWqUTaXaUcqqcbMz8+rJps3uOU00BWhG4M57YJoSzBatOCaGVTVqXpwjTZT80KMRjpdYy64aHPzsoGpxvio/TuLaoyP2ryzOKrIvrB2lrYdxOzwvoHFZk9p2zHZcpYob2NKQb17oiN+ZKDjxHK7iuVCIXTx267it0SdyM8LIdvwAxT7WZwOGewsCFRsdhb2lKjhLZcAAMAWXlgFAABsIWkAAAC2kDQAAABb/j/Gh02jnxpK7gAAAABJRU5ErkJggg=="
                                height="200"
                width="700"/>
    
    
        <br/>
    <a style="text-decoration:none; color: rgb(126,115,99); font-size: 9pt;" href="#reportTop">
        Back to top
    </a>
</body>
</html>