2010, January. 10 Visits (+100%), 43 Actions (+100%)