<?xml version="1.0" encoding="utf-8" ?>
<result>
	<row>
		<idSite>1</idSite>
		<idVisit>2</idVisit>
		<visitIp>156.5.3.2</visitIp>
		
		<visitorType>returning</visitorType>
		<visitorTypeIcon>plugins/Live/images/returningVisitor.gif</visitorTypeIcon>
		<visitConverted>1</visitConverted>
		<visitConvertedIcon>plugins/Zeitgeist/images/goal.png</visitConvertedIcon>
		<visitEcommerceStatus>none</visitEcommerceStatus>
		<visitEcommerceStatusIcon />
		<searches>0</searches>
		<events>0</events>
		<actions>1</actions>
		<actionDetails>
			<row>
				<type>goal</type>
				<goalName>matching purchase.htm</goalName>
				<goalId>2</goalId>
				<revenue>1</revenue>
				<goalPageId>9</goalPageId>
				
				<url>http://example.org/store/purchase.htm</url>
				<icon>plugins/Zeitgeist/images/goal.png</icon>
			</row>
			<row>
				<type>action</type>
				<url>http://example.org/store/purchase.htm</url>
				<pageTitle>Checkout/Purchasing...</pageTitle>
				<pageIdAction>12</pageIdAction>
				
				<pageId>9</pageId>
				<generationTime>0.13s</generationTime>
				<icon />
			</row>
		</actionDetails>
		<customVariables>
		</customVariables>
		<goalConversions>1</goalConversions>
		<siteCurrency>USD</siteCurrency>
		<siteCurrencySymbol>$</siteCurrencySymbol>
		
		<visitLocalTime>12:34:06</visitLocalTime>
		<visitLocalHour>12</visitLocalHour>
		
		
		
		
		<visitDuration>0</visitDuration>
		<visitDurationPretty>0s</visitDurationPretty>
		<visitCount>2</visitCount>
		<daysSinceLastVisit>0</daysSinceLastVisit>
		<daysSinceFirstVisit>0</daysSinceFirstVisit>
		<daysSinceLastEcommerceOrder>0</daysSinceLastEcommerceOrder>
		<continent>Europe</continent>
		<continentCode>eur</continentCode>
		<country>France</country>
		<countryCode>fr</countryCode>
		<countryFlag>plugins/UserCountry/images/flags/fr.png</countryFlag>
		<region />
		<regionCode />
		<city />
		<location>France</location>
		<latitude />
		<longitude />
		<provider>Unknown</provider>
		<providerName>Unknown</providerName>
		<providerUrl>http://piwik.org/faq/general/#faq_52</providerUrl>
		<referrerType>search</referrerType>
		<referrerTypeName>Search Engines</referrerTypeName>
		<referrerName>Yahoo!</referrerName>
		<referrerKeyword>purchase</referrerKeyword>
		<referrerKeywordPosition />
		<referrerUrl>http://search.yahoo.com/search?p=purchase</referrerUrl>
		<referrerSearchEngineUrl>http://search.yahoo.com</referrerSearchEngineUrl>
		<referrerSearchEngineIcon>plugins/Referrers/images/searchEngines/search.yahoo.com.png</referrerSearchEngineIcon>
		<operatingSystem>Windows XP</operatingSystem>
		<operatingSystemCode>WXP</operatingSystemCode>
		<operatingSystemShortName>Win XP</operatingSystemShortName>
		<operatingSystemIcon>plugins/UserSettings/images/os/WXP.gif</operatingSystemIcon>
		<browserFamily>gecko</browserFamily>
		<browserFamilyDescription>Gecko (Firefox)</browserFamilyDescription>
		<browserName>Firefox 3.6</browserName>
		<browserIcon>plugins/UserSettings/images/browsers/FF.gif</browserIcon>
		<browserCode>FF</browserCode>
		<browserVersion>3.6</browserVersion>
		<screenType>normal</screenType>
		<deviceType>Desktop</deviceType>
		<resolution>1024x768</resolution>
		<screenTypeIcon>plugins/UserSettings/images/screens/normal.gif</screenTypeIcon>
		<plugins>flash, java</plugins>
		<pluginsIcons>
			<row>
				<pluginIcon>plugins/UserSettings/images/plugins/flash.gif</pluginIcon>
				<pluginName>flash</pluginName>
			</row>
			<row>
				<pluginIcon>plugins/UserSettings/images/plugins/java.gif</pluginIcon>
				<pluginName>java</pluginName>
			</row>
		</pluginsIcons>
		
		
		
		
		
	</row>
	<row>
		<idSite>1</idSite>
		<idVisit>1</idVisit>
		<visitIp>156.5.3.2</visitIp>
		
		<visitorType>new</visitorType>
		<visitorTypeIcon />
		<visitConverted>1</visitConverted>
		<visitConvertedIcon>plugins/Zeitgeist/images/goal.png</visitConvertedIcon>
		<visitEcommerceStatus>none</visitEcommerceStatus>
		<visitEcommerceStatusIcon />
		<searches>1</searches>
		<events>0</events>
		<actions>8</actions>
		<actionDetails>
			<row>
				<type>action</type>
				<url>http://example.org/index.htm?parameter=Should display</url>
				<pageTitle>incredible title!</pageTitle>
				<pageIdAction>2</pageIdAction>
				
				<pageId>1</pageId>
				<generationTime>0.23s</generationTime>
				<timeSpent>180</timeSpent>
				<timeSpentPretty>3 min 0s</timeSpentPretty>
				<icon />
			</row>
			<row>
				<type>action</type>
				<url>http://example.org/</url>
				<pageTitle>Second page view - should be registered as URL</pageTitle>
				<pageIdAction>4</pageIdAction>
				
				<pageId>2</pageId>
				<generationTime>0.22s</generationTime>
				<timeSpent>180</timeSpent>
				<timeSpentPretty>3 min 0s</timeSpentPretty>
				<icon />
			</row>
			<row>
				<type>outlink</type>
				<url>http://dev.piwik.org/svn</url>
				<pageTitle />
				<pageIdAction>5</pageIdAction>
				
				<pageId>3</pageId>
				<timeSpent>360</timeSpent>
				<timeSpentPretty>6 min 0s</timeSpentPretty>
				<icon>plugins/Zeitgeist/images/link.gif</icon>
			</row>
			<row>
				<type>download</type>
				<url>http://piwik.org/path/again/latest.zip</url>
				<pageTitle />
				<pageIdAction>6</pageIdAction>
				
				<pageId>4</pageId>
				<timeSpent>72</timeSpent>
				<timeSpentPretty>1 min 12s</timeSpentPretty>
				<icon>plugins/Zeitgeist/images/download.png</icon>
			</row>
			<row>
				<type>outlink</type>
				<url>http://outlinks.org/other_outlink</url>
				<pageTitle />
				<pageIdAction>7</pageIdAction>
				
				<pageId>5</pageId>
				<timeSpent>108</timeSpent>
				<timeSpentPretty>1 min 48s</timeSpentPretty>
				<icon>plugins/Zeitgeist/images/link.gif</icon>
			</row>
			<row>
				<type>outlink</type>
				<url>http://dev.piwik.org/svn</url>
				<pageTitle />
				<pageIdAction>5</pageIdAction>
				
				<pageId>6</pageId>
				<timeSpent>72</timeSpent>
				<timeSpentPretty>1 min 12s</timeSpentPretty>
				<icon>plugins/Zeitgeist/images/link.gif</icon>
			</row>
			<row>
				<type>goal</type>
				<goalName>triggered js</goalName>
				<goalId>1</goalId>
				<revenue>0</revenue>
				<goalPageId />
				
				<url>http://example.org/</url>
				<icon>plugins/Zeitgeist/images/goal.png</icon>
			</row>
			<row>
				<type>search</type>
				<url />
				<pageIdAction />
				
				<pageId>7</pageId>
				<siteSearchKeyword>Banks Own The World</siteSearchKeyword>
				<generationTime>0.81s</generationTime>
				<timeSpent>108</timeSpent>
				<timeSpentPretty>1 min 48s</timeSpentPretty>
				<icon>plugins/Zeitgeist/images/search_ico.png</icon>
			</row>
			<row>
				<type>action</type>
				<url>http://example.org/index.htm</url>
				<pageTitle>Looking at homepage after site search...</pageTitle>
				<pageIdAction>10</pageIdAction>
				
				<pageId>8</pageId>
				<generationTime>0.02s</generationTime>
				<icon />
			</row>
		</actionDetails>
		<customVariables>
		</customVariables>
		<goalConversions>1</goalConversions>
		<siteCurrency>USD</siteCurrency>
		<siteCurrencySymbol>$</siteCurrencySymbol>
		
		<visitLocalTime>12:34:06</visitLocalTime>
		<visitLocalHour>12</visitLocalHour>
		
		
		
		
		<visitDuration>1621</visitDuration>
		<visitDurationPretty>27 min 1s</visitDurationPretty>
		<visitCount>1</visitCount>
		<daysSinceLastVisit>0</daysSinceLastVisit>
		<daysSinceFirstVisit>0</daysSinceFirstVisit>
		<daysSinceLastEcommerceOrder>0</daysSinceLastEcommerceOrder>
		<continent>Europe</continent>
		<continentCode>eur</continentCode>
		<country>France</country>
		<countryCode>fr</countryCode>
		<countryFlag>plugins/UserCountry/images/flags/fr.png</countryFlag>
		<region />
		<regionCode />
		<city />
		<location>France</location>
		<latitude />
		<longitude />
		<provider>Unknown</provider>
		<providerName>Unknown</providerName>
		<providerUrl>http://piwik.org/faq/general/#faq_52</providerUrl>
		<referrerType>website</referrerType>
		<referrerTypeName>Websites</referrerTypeName>
		<referrerName>referrer.com</referrerName>
		<referrerKeyword />
		<referrerKeywordPosition />
		<referrerUrl>http://referrer.com/page.htm?param=valuewith some spaces</referrerUrl>
		<referrerSearchEngineUrl />
		<referrerSearchEngineIcon />
		<operatingSystem>Windows XP</operatingSystem>
		<operatingSystemCode>WXP</operatingSystemCode>
		<operatingSystemShortName>Win XP</operatingSystemShortName>
		<operatingSystemIcon>plugins/UserSettings/images/os/WXP.gif</operatingSystemIcon>
		<browserFamily>gecko</browserFamily>
		<browserFamilyDescription>Gecko (Firefox)</browserFamilyDescription>
		<browserName>Firefox 3.6</browserName>
		<browserIcon>plugins/UserSettings/images/browsers/FF.gif</browserIcon>
		<browserCode>FF</browserCode>
		<browserVersion>3.6</browserVersion>
		<screenType>normal</screenType>
		<deviceType>Desktop</deviceType>
		<resolution>1024x768</resolution>
		<screenTypeIcon>plugins/UserSettings/images/screens/normal.gif</screenTypeIcon>
		<plugins>flash, java</plugins>
		<pluginsIcons>
			<row>
				<pluginIcon>plugins/UserSettings/images/plugins/flash.gif</pluginIcon>
				<pluginName>flash</pluginName>
			</row>
			<row>
				<pluginIcon>plugins/UserSettings/images/plugins/java.gif</pluginIcon>
				<pluginName>java</pluginName>
			</row>
		</pluginsIcons>
		
		
		
		
		
	</row>
</result>