<?xml version="1.0" encoding="utf-8" ?>
<result>
	<row>
		<label>Page Name not defined</label>
		<nb_visits>22</nb_visits>
		<nb_hits>24</nb_hits>
		<sum_time_spent>0</sum_time_spent>
		<sum_daily_nb_uniq_visitors>22</sum_daily_nb_uniq_visitors>
		<avg_time_on_page>0</avg_time_on_page>
		<bounce_rate>0%</bounce_rate>
		<exit_rate>0%</exit_rate>
	</row>
	<row>
		<label>301</label>
		<nb_visits>1</nb_visits>
		<nb_hits>1</nb_hits>
		<sum_time_spent>180</sum_time_spent>
		<entry_nb_visits>1</entry_nb_visits>
		<entry_nb_actions>2</entry_nb_actions>
		<entry_sum_visit_length>182</entry_sum_visit_length>
		<entry_bounce_count>0</entry_bounce_count>
		<avg_time_on_page>180</avg_time_on_page>
		<bounce_rate>0%</bounce_rate>
		<exit_rate>0%</exit_rate>
		<subtable>
			<row>
				<label> URL = http://piwik.net/moved-permanently</label>
				<nb_visits>1</nb_visits>
				<nb_hits>1</nb_hits>
				<sum_time_spent>180</sum_time_spent>
				<entry_nb_visits>1</entry_nb_visits>
				<entry_nb_actions>2</entry_nb_actions>
				<entry_sum_visit_length>182</entry_sum_visit_length>
				<entry_bounce_count>0</entry_bounce_count>
				<sum_daily_nb_uniq_visitors>1</sum_daily_nb_uniq_visitors>
				<sum_daily_entry_nb_uniq_visitors>1</sum_daily_entry_nb_uniq_visitors>
				<avg_time_on_page>180</avg_time_on_page>
				<bounce_rate>0%</bounce_rate>
				<exit_rate>0%</exit_rate>
			</row>
		</subtable>
	</row>
	<row>
		<label>307</label>
		<nb_visits>1</nb_visits>
		<nb_hits>1</nb_hits>
		<sum_time_spent>0</sum_time_spent>
		<exit_nb_visits>1</exit_nb_visits>
		<avg_time_on_page>0</avg_time_on_page>
		<bounce_rate>0%</bounce_rate>
		<exit_rate>100%</exit_rate>
		<subtable>
			<row>
				<label> URL = http://piwik.net/temp-redirect</label>
				<nb_visits>1</nb_visits>
				<nb_hits>1</nb_hits>
				<sum_time_spent>0</sum_time_spent>
				<exit_nb_visits>1</exit_nb_visits>
				<sum_daily_nb_uniq_visitors>1</sum_daily_nb_uniq_visitors>
				<sum_daily_exit_nb_uniq_visitors>1</sum_daily_exit_nb_uniq_visitors>
				<avg_time_on_page>0</avg_time_on_page>
				<bounce_rate>0%</bounce_rate>
				<exit_rate>100%</exit_rate>
			</row>
		</subtable>
	</row>
	<row>
		<label>404</label>
		<nb_visits>1</nb_visits>
		<nb_hits>1</nb_hits>
		<sum_time_spent>0</sum_time_spent>
		<entry_nb_visits>1</entry_nb_visits>
		<entry_nb_actions>1</entry_nb_actions>
		<entry_sum_visit_length>0</entry_sum_visit_length>
		<entry_bounce_count>1</entry_bounce_count>
		<exit_nb_visits>1</exit_nb_visits>
		<avg_time_on_page>0</avg_time_on_page>
		<bounce_rate>100%</bounce_rate>
		<exit_rate>100%</exit_rate>
		<subtable>
			<row>
				<label> URL = http://piwik.net/this/is/not/the/page/i/am/looking/for/</label>
				<nb_visits>1</nb_visits>
				<nb_hits>1</nb_hits>
				<sum_time_spent>0</sum_time_spent>
				<entry_nb_visits>1</entry_nb_visits>
				<entry_nb_actions>1</entry_nb_actions>
				<entry_sum_visit_length>0</entry_sum_visit_length>
				<entry_bounce_count>1</entry_bounce_count>
				<exit_nb_visits>1</exit_nb_visits>
				<sum_daily_nb_uniq_visitors>1</sum_daily_nb_uniq_visitors>
				<sum_daily_entry_nb_uniq_visitors>1</sum_daily_entry_nb_uniq_visitors>
				<sum_daily_exit_nb_uniq_visitors>1</sum_daily_exit_nb_uniq_visitors>
				<avg_time_on_page>0</avg_time_on_page>
				<bounce_rate>100%</bounce_rate>
				<exit_rate>100%</exit_rate>
			</row>
		</subtable>
	</row>
	<row>
		<label>500</label>
		<nb_visits>1</nb_visits>
		<nb_hits>1</nb_hits>
		<sum_time_spent>0</sum_time_spent>
		<entry_nb_visits>1</entry_nb_visits>
		<entry_nb_actions>1</entry_nb_actions>
		<entry_sum_visit_length>0</entry_sum_visit_length>
		<entry_bounce_count>1</entry_bounce_count>
		<exit_nb_visits>1</exit_nb_visits>
		<avg_time_on_page>0</avg_time_on_page>
		<bounce_rate>100%</bounce_rate>
		<exit_rate>100%</exit_rate>
		<subtable>
			<row>
				<label> URL = http://piwik.net/to-an-error</label>
				<nb_visits>1</nb_visits>
				<nb_hits>1</nb_hits>
				<sum_time_spent>0</sum_time_spent>
				<entry_nb_visits>1</entry_nb_visits>
				<entry_nb_actions>1</entry_nb_actions>
				<entry_sum_visit_length>0</entry_sum_visit_length>
				<entry_bounce_count>1</entry_bounce_count>
				<exit_nb_visits>1</exit_nb_visits>
				<sum_daily_nb_uniq_visitors>1</sum_daily_nb_uniq_visitors>
				<sum_daily_entry_nb_uniq_visitors>1</sum_daily_entry_nb_uniq_visitors>
				<sum_daily_exit_nb_uniq_visitors>1</sum_daily_exit_nb_uniq_visitors>
				<avg_time_on_page>0</avg_time_on_page>
				<bounce_rate>100%</bounce_rate>
				<exit_rate>100%</exit_rate>
			</row>
		</subtable>
	</row>
	<row>
		<label> incredible title!</label>
		<nb_visits>1</nb_visits>
		<nb_hits>1</nb_hits>
		<sum_time_spent>0</sum_time_spent>
		<entry_nb_visits>1</entry_nb_visits>
		<entry_nb_actions>1</entry_nb_actions>
		<entry_sum_visit_length>0</entry_sum_visit_length>
		<entry_bounce_count>1</entry_bounce_count>
		<exit_nb_visits>1</exit_nb_visits>
		<sum_daily_nb_uniq_visitors>1</sum_daily_nb_uniq_visitors>
		<sum_daily_entry_nb_uniq_visitors>1</sum_daily_entry_nb_uniq_visitors>
		<sum_daily_exit_nb_uniq_visitors>1</sum_daily_exit_nb_uniq_visitors>
		<avg_time_on_page>0</avg_time_on_page>
		<bounce_rate>100%</bounce_rate>
		<exit_rate>100%</exit_rate>
	</row>
	<row>
		<label> Piwik Forums</label>
		<nb_visits>1</nb_visits>
		<nb_hits>1</nb_hits>
		<sum_time_spent>0</sum_time_spent>
		<entry_nb_visits>1</entry_nb_visits>
		<entry_nb_actions>1</entry_nb_actions>
		<entry_sum_visit_length>0</entry_sum_visit_length>
		<entry_bounce_count>1</entry_bounce_count>
		<exit_nb_visits>1</exit_nb_visits>
		<sum_daily_nb_uniq_visitors>1</sum_daily_nb_uniq_visitors>
		<sum_daily_entry_nb_uniq_visitors>1</sum_daily_entry_nb_uniq_visitors>
		<sum_daily_exit_nb_uniq_visitors>1</sum_daily_exit_nb_uniq_visitors>
		<avg_time_on_page>0</avg_time_on_page>
		<bounce_rate>100%</bounce_rate>
		<exit_rate>100%</exit_rate>
	</row>
</result>