<?xml version="1.0" encoding="utf-8" ?>
<results>
	<result idSite="1">
		<result date="From 2009-12-28 to 2010-01-03" />
		<result date="From 2010-01-04 to 2010-01-10">
			<row>
				<label>referrer.com</label>
				<nb_visits>7</nb_visits>
				<nb_actions>32</nb_actions>
				<max_actions>5</max_actions>
				<sum_visit_length>5767</sum_visit_length>
				<bounce_count>0</bounce_count>
				<nb_visits_converted>0</nb_visits_converted>
				<sum_daily_nb_uniq_visitors>7</sum_daily_nb_uniq_visitors>
				<subtable>
					<row>
						<label>http://referrer.com/Other_Page.htm</label>
						<nb_visits>6</nb_visits>
						<nb_actions>30</nb_actions>
						<max_actions>5</max_actions>
						<sum_visit_length>5406</sum_visit_length>
						<bounce_count>0</bounce_count>
						<nb_visits_converted>0</nb_visits_converted>
						<sum_daily_nb_uniq_visitors>6</sum_daily_nb_uniq_visitors>
					</row>
					<row>
						<label>http://referrer.com/page.htm?param=valuewith some spaces</label>
						<nb_visits>1</nb_visits>
						<nb_actions>2</nb_actions>
						<max_actions>2</max_actions>
						<sum_visit_length>361</sum_visit_length>
						<bounce_count>0</bounce_count>
						<nb_visits_converted>0</nb_visits_converted>
						<sum_daily_nb_uniq_visitors>1</sum_daily_nb_uniq_visitors>
					</row>
				</subtable>
			</row>
		</result>
		<result date="From 2010-01-11 to 2010-01-17">
			<row>
				<label>referrer.com</label>
				<nb_visits>2</nb_visits>
				<nb_actions>10</nb_actions>
				<max_actions>5</max_actions>
				<sum_visit_length>1802</sum_visit_length>
				<bounce_count>0</bounce_count>
				<nb_visits_converted>0</nb_visits_converted>
				<sum_daily_nb_uniq_visitors>2</sum_daily_nb_uniq_visitors>
				<subtable>
					<row>
						<label>http://referrer.com/Other_Page.htm</label>
						<nb_visits>2</nb_visits>
						<nb_actions>10</nb_actions>
						<max_actions>5</max_actions>
						<sum_visit_length>1802</sum_visit_length>
						<bounce_count>0</bounce_count>
						<nb_visits_converted>0</nb_visits_converted>
						<sum_daily_nb_uniq_visitors>2</sum_daily_nb_uniq_visitors>
					</row>
				</subtable>
			</row>
		</result>
		<result date="From 2010-01-18 to 2010-01-24" />
		<result date="From 2010-01-25 to 2010-01-31" />
		<result date="From 2010-02-01 to 2010-02-07" />
		<result date="From 2010-02-08 to 2010-02-14" />
	</result>
	<result idSite="2">
		<result date="From 2009-12-28 to 2010-01-03" />
		<result date="From 2010-01-04 to 2010-01-10">
			<row>
				<label>only-homepage-referrer.com</label>
				<nb_visits>1</nb_visits>
				<nb_actions>3</nb_actions>
				<max_actions>3</max_actions>
				<sum_visit_length>1</sum_visit_length>
				<bounce_count>0</bounce_count>
				<nb_visits_converted>0</nb_visits_converted>
				<sum_daily_nb_uniq_visitors>1</sum_daily_nb_uniq_visitors>
				<subtable>
					<row>
						<label>http://only-homepage-referrer.com/</label>
						<nb_visits>1</nb_visits>
						<nb_actions>3</nb_actions>
						<max_actions>3</max_actions>
						<sum_visit_length>1</sum_visit_length>
						<bounce_count>0</bounce_count>
						<nb_visits_converted>0</nb_visits_converted>
						<sum_daily_nb_uniq_visitors>1</sum_daily_nb_uniq_visitors>
					</row>
				</subtable>
			</row>
		</result>
		<result date="From 2010-01-11 to 2010-01-17" />
		<result date="From 2010-01-18 to 2010-01-24" />
		<result date="From 2010-01-25 to 2010-01-31" />
		<result date="From 2010-02-01 to 2010-02-07" />
		<result date="From 2010-02-08 to 2010-02-14" />
	</result>
</results>