<?xml version="1.0" encoding="utf-8" ?>
<results>
	<result idSite="1">
		<result date="2010">
			<row>
				<label>referrer.com</label>
				<nb_visits>9</nb_visits>
				<nb_actions>42</nb_actions>
				<max_actions>5</max_actions>
				<sum_visit_length>7569</sum_visit_length>
				<bounce_count>0</bounce_count>
				<nb_visits_converted>0</nb_visits_converted>
				<sum_daily_nb_uniq_visitors>9</sum_daily_nb_uniq_visitors>
				<subtable>
					<row>
						<label>http://referrer.com/Other_Page.htm</label>
						<nb_visits>8</nb_visits>
						<nb_actions>40</nb_actions>
						<max_actions>5</max_actions>
						<sum_visit_length>7208</sum_visit_length>
						<bounce_count>0</bounce_count>
						<nb_visits_converted>0</nb_visits_converted>
						<sum_daily_nb_uniq_visitors>8</sum_daily_nb_uniq_visitors>
					</row>
					<row>
						<label>http://referrer.com/page.htm?param=valuewith some spaces</label>
						<nb_visits>1</nb_visits>
						<nb_actions>2</nb_actions>
						<max_actions>2</max_actions>
						<sum_visit_length>361</sum_visit_length>
						<bounce_count>0</bounce_count>
						<nb_visits_converted>0</nb_visits_converted>
						<sum_daily_nb_uniq_visitors>1</sum_daily_nb_uniq_visitors>
					</row>
				</subtable>
			</row>
		</result>
		<result date="2011" />
		<result date="2012" />
		<result date="2013" />
		<result date="2014" />
		<result date="2015" />
		<result date="2016" />
	</result>
	<result idSite="2">
		<result date="2010">
			<row>
				<label>only-homepage-referrer.com</label>
				<nb_visits>1</nb_visits>
				<nb_actions>3</nb_actions>
				<max_actions>3</max_actions>
				<sum_visit_length>1</sum_visit_length>
				<bounce_count>0</bounce_count>
				<nb_visits_converted>0</nb_visits_converted>
				<sum_daily_nb_uniq_visitors>1</sum_daily_nb_uniq_visitors>
				<subtable>
					<row>
						<label>http://only-homepage-referrer.com/</label>
						<nb_visits>1</nb_visits>
						<nb_actions>3</nb_actions>
						<max_actions>3</max_actions>
						<sum_visit_length>1</sum_visit_length>
						<bounce_count>0</bounce_count>
						<nb_visits_converted>0</nb_visits_converted>
						<sum_daily_nb_uniq_visitors>1</sum_daily_nb_uniq_visitors>
					</row>
				</subtable>
			</row>
		</result>
		<result date="2011" />
		<result date="2012" />
		<result date="2013" />
		<result date="2014" />
		<result date="2015" />
		<result date="2016" />
	</result>
</results>