<?xml version="1.0" encoding="utf-8" ?>
<result>
	<row>
		<idSite>1</idSite>
		<idVisit>9</idVisit>
		<visitIp>0.0.0.0</visitIp>
		
		<visitorType>new</visitorType>
		<visitorTypeIcon />
		<visitConverted>1</visitConverted>
		<visitConvertedIcon>plugins/Zeitgeist/images/goal.png</visitConvertedIcon>
		<visitEcommerceStatus>none</visitEcommerceStatus>
		<visitEcommerceStatusIcon />
		<searches>0</searches>
		<events>0</events>
		<actions>1</actions>
		<actionDetails>
			<row>
				<type>goal</type>
				<goalName>all</goalName>
				<goalId>1</goalId>
				<revenue>5</revenue>
				<goalPageId>9</goalPageId>
				
				<url>http://piwik.net/docs/manage-users/</url>
				<icon>plugins/Zeitgeist/images/goal.png</icon>
			</row>
			<row>
				<type>action</type>
				<url>http://piwik.net/docs/manage-users/</url>
				<pageTitle />
				<pageIdAction>9</pageIdAction>
				
				<pageId>9</pageId>
				<icon />
			</row>
		</actionDetails>
		<customVariables>
		</customVariables>
		<goalConversions>1</goalConversions>
		<siteCurrency>USD</siteCurrency>
		<siteCurrencySymbol>$</siteCurrencySymbol>
		
		<visitLocalTime>21:00:42</visitLocalTime>
		<visitLocalHour>21</visitLocalHour>
		
		
		
		
		<visitDuration>0</visitDuration>
		<visitDurationPretty>0s</visitDurationPretty>
		<visitCount>1</visitCount>
		<daysSinceLastVisit>0</daysSinceLastVisit>
		<daysSinceFirstVisit>0</daysSinceFirstVisit>
		<daysSinceLastEcommerceOrder>0</daysSinceLastEcommerceOrder>
		<continent>Unknown</continent>
		<continentCode>unk</continentCode>
		<country>Unknown</country>
		<countryCode>xx</countryCode>
		<countryFlag>plugins/UserCountry/images/flags/xx.png</countryFlag>
		<region />
		<regionCode />
		<city />
		<location>Unknown</location>
		<latitude />
		<longitude />
		<provider>Unknown</provider>
		<providerName>Unknown</providerName>
		<providerUrl>http://piwik.org/faq/general/#faq_52</providerUrl>
		<referrerType>direct</referrerType>
		<referrerTypeName>Direct Entry</referrerTypeName>
		<referrerName />
		<referrerKeyword />
		<referrerKeywordPosition />
		<referrerUrl />
		<referrerSearchEngineUrl />
		<referrerSearchEngineIcon />
		<operatingSystem>Mac OS</operatingSystem>
		<operatingSystemCode>MAC</operatingSystemCode>
		<operatingSystemShortName>Mac OS</operatingSystemShortName>
		<operatingSystemIcon>plugins/UserSettings/images/os/MAC.gif</operatingSystemIcon>
		<browserFamily>webkit</browserFamily>
		<browserFamilyDescription>WebKit (Safari, Chrome)</browserFamilyDescription>
		<browserName>Chrome 19.0</browserName>
		<browserIcon>plugins/UserSettings/images/browsers/CH.gif</browserIcon>
		<browserCode>CH</browserCode>
		<browserVersion>19.0</browserVersion>
		<screenType>unknown</screenType>
		<deviceType>Desktop</deviceType>
		<resolution>unknown</resolution>
		<screenTypeIcon>plugins/UserSettings/images/screens/unknown.gif</screenTypeIcon>
		<plugins />
		<pluginsIcons />
		
		
		
		
		
	</row>
	<row>
		<idSite>1</idSite>
		<idVisit>8</idVisit>
		<visitIp>0.0.0.0</visitIp>
		
		<visitorType>new</visitorType>
		<visitorTypeIcon />
		<visitConverted>1</visitConverted>
		<visitConvertedIcon>plugins/Zeitgeist/images/goal.png</visitConvertedIcon>
		<visitEcommerceStatus>none</visitEcommerceStatus>
		<visitEcommerceStatusIcon />
		<searches>0</searches>
		<events>0</events>
		<actions>1</actions>
		<actionDetails>
			<row>
				<type>goal</type>
				<goalName>all</goalName>
				<goalId>1</goalId>
				<revenue>5</revenue>
				<goalPageId>8</goalPageId>
				
				<url>http://piwik.net/docs/</url>
				<icon>plugins/Zeitgeist/images/goal.png</icon>
			</row>
			<row>
				<type>action</type>
				<url>http://piwik.net/docs/</url>
				<pageTitle />
				<pageIdAction>8</pageIdAction>
				
				<pageId>8</pageId>
				<icon />
			</row>
		</actionDetails>
		<customVariables>
		</customVariables>
		<goalConversions>1</goalConversions>
		<siteCurrency>USD</siteCurrency>
		<siteCurrencySymbol>$</siteCurrencySymbol>
		
		<visitLocalTime>20:56:45</visitLocalTime>
		<visitLocalHour>20</visitLocalHour>
		
		
		
		
		<visitDuration>0</visitDuration>
		<visitDurationPretty>0s</visitDurationPretty>
		<visitCount>1</visitCount>
		<daysSinceLastVisit>0</daysSinceLastVisit>
		<daysSinceFirstVisit>0</daysSinceFirstVisit>
		<daysSinceLastEcommerceOrder>0</daysSinceLastEcommerceOrder>
		<continent>Unknown</continent>
		<continentCode>unk</continentCode>
		<country>Unknown</country>
		<countryCode>xx</countryCode>
		<countryFlag>plugins/UserCountry/images/flags/xx.png</countryFlag>
		<region />
		<regionCode />
		<city />
		<location>Unknown</location>
		<latitude />
		<longitude />
		<provider>Unknown</provider>
		<providerName>Unknown</providerName>
		<providerUrl>http://piwik.org/faq/general/#faq_52</providerUrl>
		<referrerType>direct</referrerType>
		<referrerTypeName>Direct Entry</referrerTypeName>
		<referrerName />
		<referrerKeyword />
		<referrerKeywordPosition />
		<referrerUrl />
		<referrerSearchEngineUrl />
		<referrerSearchEngineIcon />
		<operatingSystem>Linux</operatingSystem>
		<operatingSystemCode>LIN</operatingSystemCode>
		<operatingSystemShortName>Linux</operatingSystemShortName>
		<operatingSystemIcon>plugins/UserSettings/images/os/LIN.gif</operatingSystemIcon>
		<browserFamily>gecko</browserFamily>
		<browserFamilyDescription>Gecko (Firefox)</browserFamilyDescription>
		<browserName>Firefox 6.0</browserName>
		<browserIcon>plugins/UserSettings/images/browsers/FF.gif</browserIcon>
		<browserCode>FF</browserCode>
		<browserVersion>6.0</browserVersion>
		<screenType>unknown</screenType>
		<deviceType>Desktop</deviceType>
		<resolution>unknown</resolution>
		<screenTypeIcon>plugins/UserSettings/images/screens/unknown.gif</screenTypeIcon>
		<plugins />
		<pluginsIcons />
		
		
		
		
		
	</row>
	<row>
		<idSite>1</idSite>
		<idVisit>7</idVisit>
		<visitIp>72.44.32.10</visitIp>
		
		<visitorType>new</visitorType>
		<visitorTypeIcon />
		<visitConverted>1</visitConverted>
		<visitConvertedIcon>plugins/Zeitgeist/images/goal.png</visitConvertedIcon>
		<visitEcommerceStatus>none</visitEcommerceStatus>
		<visitEcommerceStatusIcon />
		<searches>0</searches>
		<events>0</events>
		<actions>1</actions>
		<actionDetails>
			<row>
				<type>goal</type>
				<goalName>all</goalName>
				<goalId>1</goalId>
				<revenue>5</revenue>
				<goalPageId>7</goalPageId>
				
				<url>http://piwik.net/translations/</url>
				<icon>plugins/Zeitgeist/images/goal.png</icon>
			</row>
			<row>
				<type>action</type>
				<url>http://piwik.net/translations/</url>
				<pageTitle />
				<pageIdAction>7</pageIdAction>
				
				<pageId>7</pageId>
				<icon />
			</row>
		</actionDetails>
		<customVariables>
		</customVariables>
		<goalConversions>1</goalConversions>
		<siteCurrency>USD</siteCurrency>
		<siteCurrencySymbol>$</siteCurrencySymbol>
		
		<visitLocalTime>13:49:48</visitLocalTime>
		<visitLocalHour>13</visitLocalHour>
		
		
		
		
		<visitDuration>0</visitDuration>
		<visitDurationPretty>0s</visitDurationPretty>
		<visitCount>1</visitCount>
		<daysSinceLastVisit>0</daysSinceLastVisit>
		<daysSinceFirstVisit>0</daysSinceFirstVisit>
		<daysSinceLastEcommerceOrder>0</daysSinceLastEcommerceOrder>
		<continent>North America</continent>
		<continentCode>amn</continentCode>
		<country>United States</country>
		<countryCode>us</countryCode>
		<countryFlag>plugins/UserCountry/images/flags/us.png</countryFlag>
		<region>Virginia</region>
		<regionCode>VA</regionCode>
		<city>Ashburn</city>
		<location>Ashburn, Virginia, United States</location>
		<latitude>39.043999</latitude>
		<longitude>-77.487999</longitude>
		<provider>Unknown</provider>
		<providerName>Unknown</providerName>
		<providerUrl>http://piwik.org/faq/general/#faq_52</providerUrl>
		<referrerType>direct</referrerType>
		<referrerTypeName>Direct Entry</referrerTypeName>
		<referrerName />
		<referrerKeyword />
		<referrerKeywordPosition />
		<referrerUrl />
		<referrerSearchEngineUrl />
		<referrerSearchEngineIcon />
		<operatingSystem>Linux</operatingSystem>
		<operatingSystemCode>LIN</operatingSystemCode>
		<operatingSystemShortName>Linux</operatingSystemShortName>
		<operatingSystemIcon>plugins/UserSettings/images/os/LIN.gif</operatingSystemIcon>
		<browserFamily>webkit</browserFamily>
		<browserFamilyDescription>WebKit (Safari, Chrome)</browserFamilyDescription>
		<browserName>Chrome 19.0</browserName>
		<browserIcon>plugins/UserSettings/images/browsers/CH.gif</browserIcon>
		<browserCode>CH</browserCode>
		<browserVersion>19.0</browserVersion>
		<screenType>unknown</screenType>
		<deviceType>Desktop</deviceType>
		<resolution>unknown</resolution>
		<screenTypeIcon>plugins/UserSettings/images/screens/unknown.gif</screenTypeIcon>
		<plugins />
		<pluginsIcons />
		
		
		
		
		
	</row>
	<row>
		<idSite>1</idSite>
		<idVisit>6</idVisit>
		<visitIp>72.44.32.10</visitIp>
		
		<visitorType>new</visitorType>
		<visitorTypeIcon />
		<visitConverted>1</visitConverted>
		<visitConvertedIcon>plugins/Zeitgeist/images/goal.png</visitConvertedIcon>
		<visitEcommerceStatus>none</visitEcommerceStatus>
		<visitEcommerceStatusIcon />
		<searches>0</searches>
		<events>0</events>
		<actions>1</actions>
		<actionDetails>
			<row>
				<type>goal</type>
				<goalName>all</goalName>
				<goalId>1</goalId>
				<revenue>5</revenue>
				<goalPageId>6</goalPageId>
				
				<url>http://piwik.net/download/counter/</url>
				<icon>plugins/Zeitgeist/images/goal.png</icon>
			</row>
			<row>
				<type>action</type>
				<url>http://piwik.net/download/counter/</url>
				<pageTitle />
				<pageIdAction>6</pageIdAction>
				
				<pageId>6</pageId>
				<icon />
			</row>
		</actionDetails>
		<customVariables>
		</customVariables>
		<goalConversions>1</goalConversions>
		<siteCurrency>USD</siteCurrency>
		<siteCurrencySymbol>$</siteCurrencySymbol>
		
		<visitLocalTime>13:48:20</visitLocalTime>
		<visitLocalHour>13</visitLocalHour>
		
		
		
		
		<visitDuration>0</visitDuration>
		<visitDurationPretty>0s</visitDurationPretty>
		<visitCount>1</visitCount>
		<daysSinceLastVisit>0</daysSinceLastVisit>
		<daysSinceFirstVisit>0</daysSinceFirstVisit>
		<daysSinceLastEcommerceOrder>0</daysSinceLastEcommerceOrder>
		<continent>North America</continent>
		<continentCode>amn</continentCode>
		<country>United States</country>
		<countryCode>us</countryCode>
		<countryFlag>plugins/UserCountry/images/flags/us.png</countryFlag>
		<region>Virginia</region>
		<regionCode>VA</regionCode>
		<city>Ashburn</city>
		<location>Ashburn, Virginia, United States</location>
		<latitude>39.043999</latitude>
		<longitude>-77.487999</longitude>
		<provider>Unknown</provider>
		<providerName>Unknown</providerName>
		<providerUrl>http://piwik.org/faq/general/#faq_52</providerUrl>
		<referrerType>direct</referrerType>
		<referrerTypeName>Direct Entry</referrerTypeName>
		<referrerName />
		<referrerKeyword />
		<referrerKeywordPosition />
		<referrerUrl />
		<referrerSearchEngineUrl />
		<referrerSearchEngineIcon />
		<operatingSystem>Linux</operatingSystem>
		<operatingSystemCode>LIN</operatingSystemCode>
		<operatingSystemShortName>Linux</operatingSystemShortName>
		<operatingSystemIcon>plugins/UserSettings/images/os/LIN.gif</operatingSystemIcon>
		<browserFamily>webkit</browserFamily>
		<browserFamilyDescription>WebKit (Safari, Chrome)</browserFamilyDescription>
		<browserName>Epiphany 2.30</browserName>
		<browserIcon>plugins/UserSettings/images/browsers/EP.gif</browserIcon>
		<browserCode>EP</browserCode>
		<browserVersion>2.30</browserVersion>
		<screenType>unknown</screenType>
		<deviceType>Desktop</deviceType>
		<resolution>unknown</resolution>
		<screenTypeIcon>plugins/UserSettings/images/screens/unknown.gif</screenTypeIcon>
		<plugins />
		<pluginsIcons />
		
		
		
		
		
	</row>
	<row>
		<idSite>1</idSite>
		<idVisit>5</idVisit>
		<visitIp>72.44.32.10</visitIp>
		
		<visitorType>new</visitorType>
		<visitorTypeIcon />
		<visitConverted>1</visitConverted>
		<visitConvertedIcon>plugins/Zeitgeist/images/goal.png</visitConvertedIcon>
		<visitEcommerceStatus>none</visitEcommerceStatus>
		<visitEcommerceStatusIcon />
		<searches>0</searches>
		<events>0</events>
		<actions>1</actions>
		<actionDetails>
			<row>
				<type>goal</type>
				<goalName>all</goalName>
				<goalId>1</goalId>
				<revenue>5</revenue>
				<goalPageId>5</goalPageId>
				
				<url>http://piwik.net/</url>
				<icon>plugins/Zeitgeist/images/goal.png</icon>
			</row>
			<row>
				<type>action</type>
				<url>http://piwik.net/</url>
				<pageTitle />
				<pageIdAction>5</pageIdAction>
				
				<pageId>5</pageId>
				<icon />
			</row>
		</actionDetails>
		<customVariables>
		</customVariables>
		<goalConversions>1</goalConversions>
		<siteCurrency>USD</siteCurrency>
		<siteCurrencySymbol>$</siteCurrencySymbol>
		
		<visitLocalTime>13:48:07</visitLocalTime>
		<visitLocalHour>13</visitLocalHour>
		
		
		
		
		<visitDuration>0</visitDuration>
		<visitDurationPretty>0s</visitDurationPretty>
		<visitCount>1</visitCount>
		<daysSinceLastVisit>0</daysSinceLastVisit>
		<daysSinceFirstVisit>0</daysSinceFirstVisit>
		<daysSinceLastEcommerceOrder>0</daysSinceLastEcommerceOrder>
		<continent>North America</continent>
		<continentCode>amn</continentCode>
		<country>United States</country>
		<countryCode>us</countryCode>
		<countryFlag>plugins/UserCountry/images/flags/us.png</countryFlag>
		<region>Virginia</region>
		<regionCode>VA</regionCode>
		<city>Ashburn</city>
		<location>Ashburn, Virginia, United States</location>
		<latitude>39.043999</latitude>
		<longitude>-77.487999</longitude>
		<provider>Unknown</provider>
		<providerName>Unknown</providerName>
		<providerUrl>http://piwik.org/faq/general/#faq_52</providerUrl>
		<referrerType>direct</referrerType>
		<referrerTypeName>Direct Entry</referrerTypeName>
		<referrerName />
		<referrerKeyword />
		<referrerKeywordPosition />
		<referrerUrl />
		<referrerSearchEngineUrl />
		<referrerSearchEngineIcon />
		<operatingSystem>Windows 7</operatingSystem>
		<operatingSystemCode>WI7</operatingSystemCode>
		<operatingSystemShortName>Win 7</operatingSystemShortName>
		<operatingSystemIcon>plugins/UserSettings/images/os/WI7.gif</operatingSystemIcon>
		<browserFamily>ie</browserFamily>
		<browserFamilyDescription>Trident (IE)</browserFamilyDescription>
		<browserName>Internet Explorer 9.0</browserName>
		<browserIcon>plugins/UserSettings/images/browsers/IE.gif</browserIcon>
		<browserCode>IE</browserCode>
		<browserVersion>9.0</browserVersion>
		<screenType>unknown</screenType>
		<deviceType>Desktop</deviceType>
		<resolution>unknown</resolution>
		<screenTypeIcon>plugins/UserSettings/images/screens/unknown.gif</screenTypeIcon>
		<plugins />
		<pluginsIcons />
		
		
		
		
		
	</row>
	<row>
		<idSite>1</idSite>
		<idVisit>4</idVisit>
		<visitIp>175.41.192.40</visitIp>
		
		<visitorType>new</visitorType>
		<visitorTypeIcon />
		<visitConverted>1</visitConverted>
		<visitConvertedIcon>plugins/Zeitgeist/images/goal.png</visitConvertedIcon>
		<visitEcommerceStatus>none</visitEcommerceStatus>
		<visitEcommerceStatusIcon />
		<searches>0</searches>
		<events>0</events>
		<actions>1</actions>
		<actionDetails>
			<row>
				<type>goal</type>
				<goalName>all</goalName>
				<goalId>1</goalId>
				<revenue>5</revenue>
				<goalPageId>4</goalPageId>
				
				<url>http://piwik.net/docs/manage-websites/</url>
				<icon>plugins/Zeitgeist/images/goal.png</icon>
			</row>
			<row>
				<type>action</type>
				<url>http://piwik.net/docs/manage-websites/</url>
				<pageTitle />
				<pageIdAction>4</pageIdAction>
				
				<pageId>4</pageId>
				<icon />
			</row>
		</actionDetails>
		<customVariables>
		</customVariables>
		<goalConversions>1</goalConversions>
		<siteCurrency>USD</siteCurrency>
		<siteCurrencySymbol>$</siteCurrencySymbol>
		
		<visitLocalTime>08:12:03</visitLocalTime>
		<visitLocalHour>8</visitLocalHour>
		
		
		
		
		<visitDuration>0</visitDuration>
		<visitDurationPretty>0s</visitDurationPretty>
		<visitCount>1</visitCount>
		<daysSinceLastVisit>0</daysSinceLastVisit>
		<daysSinceFirstVisit>0</daysSinceFirstVisit>
		<daysSinceLastEcommerceOrder>0</daysSinceLastEcommerceOrder>
		<continent>Asia</continent>
		<continentCode>asi</continentCode>
		<country>Japan</country>
		<countryCode>jp</countryCode>
		<countryFlag>plugins/UserCountry/images/flags/jp.png</countryFlag>
		<region />
		<regionCode />
		<city />
		<location>Japan</location>
		<latitude>36</latitude>
		<longitude>138</longitude>
		<provider>Unknown</provider>
		<providerName>Unknown</providerName>
		<providerUrl>http://piwik.org/faq/general/#faq_52</providerUrl>
		<referrerType>direct</referrerType>
		<referrerTypeName>Direct Entry</referrerTypeName>
		<referrerName />
		<referrerKeyword />
		<referrerKeywordPosition />
		<referrerUrl />
		<referrerSearchEngineUrl />
		<referrerSearchEngineIcon />
		<operatingSystem>Linux</operatingSystem>
		<operatingSystemCode>LIN</operatingSystemCode>
		<operatingSystemShortName>Linux</operatingSystemShortName>
		<operatingSystemIcon>plugins/UserSettings/images/os/LIN.gif</operatingSystemIcon>
		<browserFamily>gecko</browserFamily>
		<browserFamilyDescription>Gecko (Firefox)</browserFamilyDescription>
		<browserName>Firefox 6.0</browserName>
		<browserIcon>plugins/UserSettings/images/browsers/FF.gif</browserIcon>
		<browserCode>FF</browserCode>
		<browserVersion>6.0</browserVersion>
		<screenType>unknown</screenType>
		<deviceType>Desktop</deviceType>
		<resolution>unknown</resolution>
		<screenTypeIcon>plugins/UserSettings/images/screens/unknown.gif</screenTypeIcon>
		<plugins />
		<pluginsIcons />
		
		
		
		
		
	</row>
	<row>
		<idSite>1</idSite>
		<idVisit>3</idVisit>
		<visitIp>175.41.192.40</visitIp>
		
		<visitorType>new</visitorType>
		<visitorTypeIcon />
		<visitConverted>1</visitConverted>
		<visitConvertedIcon>plugins/Zeitgeist/images/goal.png</visitConvertedIcon>
		<visitEcommerceStatus>none</visitEcommerceStatus>
		<visitEcommerceStatusIcon />
		<searches>0</searches>
		<events>0</events>
		<actions>1</actions>
		<actionDetails>
			<row>
				<type>goal</type>
				<goalName>all</goalName>
				<goalId>1</goalId>
				<revenue>5</revenue>
				<goalPageId>3</goalPageId>
				
				<url>http://piwik.net/blog/category/community/</url>
				<icon>plugins/Zeitgeist/images/goal.png</icon>
			</row>
			<row>
				<type>action</type>
				<url>http://piwik.net/blog/category/community/</url>
				<pageTitle />
				<pageIdAction>3</pageIdAction>
				
				<pageId>3</pageId>
				<icon />
			</row>
		</actionDetails>
		<customVariables>
		</customVariables>
		<goalConversions>1</goalConversions>
		<siteCurrency>USD</siteCurrency>
		<siteCurrencySymbol>$</siteCurrencySymbol>
		
		<visitLocalTime>08:11:56</visitLocalTime>
		<visitLocalHour>8</visitLocalHour>
		
		
		
		
		<visitDuration>0</visitDuration>
		<visitDurationPretty>0s</visitDurationPretty>
		<visitCount>1</visitCount>
		<daysSinceLastVisit>0</daysSinceLastVisit>
		<daysSinceFirstVisit>0</daysSinceFirstVisit>
		<daysSinceLastEcommerceOrder>0</daysSinceLastEcommerceOrder>
		<continent>Asia</continent>
		<continentCode>asi</continentCode>
		<country>Japan</country>
		<countryCode>jp</countryCode>
		<countryFlag>plugins/UserCountry/images/flags/jp.png</countryFlag>
		<region />
		<regionCode />
		<city />
		<location>Japan</location>
		<latitude>36</latitude>
		<longitude>138</longitude>
		<provider>Unknown</provider>
		<providerName>Unknown</providerName>
		<providerUrl>http://piwik.org/faq/general/#faq_52</providerUrl>
		<referrerType>direct</referrerType>
		<referrerTypeName>Direct Entry</referrerTypeName>
		<referrerName />
		<referrerKeyword />
		<referrerKeywordPosition />
		<referrerUrl />
		<referrerSearchEngineUrl />
		<referrerSearchEngineIcon />
		<operatingSystem>Linux</operatingSystem>
		<operatingSystemCode>LIN</operatingSystemCode>
		<operatingSystemShortName>Linux</operatingSystemShortName>
		<operatingSystemIcon>plugins/UserSettings/images/os/LIN.gif</operatingSystemIcon>
		<browserFamily>webkit</browserFamily>
		<browserFamilyDescription>WebKit (Safari, Chrome)</browserFamilyDescription>
		<browserName>Epiphany 2.30</browserName>
		<browserIcon>plugins/UserSettings/images/browsers/EP.gif</browserIcon>
		<browserCode>EP</browserCode>
		<browserVersion>2.30</browserVersion>
		<screenType>unknown</screenType>
		<deviceType>Desktop</deviceType>
		<resolution>unknown</resolution>
		<screenTypeIcon>plugins/UserSettings/images/screens/unknown.gif</screenTypeIcon>
		<plugins />
		<pluginsIcons />
		
		
		
		
		
	</row>
	<row>
		<idSite>1</idSite>
		<idVisit>2</idVisit>
		<visitIp>175.41.192.40</visitIp>
		
		<visitorType>new</visitorType>
		<visitorTypeIcon />
		<visitConverted>1</visitConverted>
		<visitConvertedIcon>plugins/Zeitgeist/images/goal.png</visitConvertedIcon>
		<visitEcommerceStatus>none</visitEcommerceStatus>
		<visitEcommerceStatusIcon />
		<searches>0</searches>
		<events>0</events>
		<actions>1</actions>
		<actionDetails>
			<row>
				<type>goal</type>
				<goalName>all</goalName>
				<goalId>1</goalId>
				<revenue>5</revenue>
				<goalPageId>2</goalPageId>
				
				<url>http://piwik.net/faq/</url>
				<icon>plugins/Zeitgeist/images/goal.png</icon>
			</row>
			<row>
				<type>action</type>
				<url>http://piwik.net/faq/</url>
				<pageTitle />
				<pageIdAction>2</pageIdAction>
				
				<pageId>2</pageId>
				<icon />
			</row>
		</actionDetails>
		<customVariables>
		</customVariables>
		<goalConversions>1</goalConversions>
		<siteCurrency>USD</siteCurrency>
		<siteCurrencySymbol>$</siteCurrencySymbol>
		
		<visitLocalTime>08:11:30</visitLocalTime>
		<visitLocalHour>8</visitLocalHour>
		
		
		
		
		<visitDuration>0</visitDuration>
		<visitDurationPretty>0s</visitDurationPretty>
		<visitCount>1</visitCount>
		<daysSinceLastVisit>0</daysSinceLastVisit>
		<daysSinceFirstVisit>0</daysSinceFirstVisit>
		<daysSinceLastEcommerceOrder>0</daysSinceLastEcommerceOrder>
		<continent>Asia</continent>
		<continentCode>asi</continentCode>
		<country>Japan</country>
		<countryCode>jp</countryCode>
		<countryFlag>plugins/UserCountry/images/flags/jp.png</countryFlag>
		<region />
		<regionCode />
		<city />
		<location>Japan</location>
		<latitude>36</latitude>
		<longitude>138</longitude>
		<provider>Unknown</provider>
		<providerName>Unknown</providerName>
		<providerUrl>http://piwik.org/faq/general/#faq_52</providerUrl>
		<referrerType>direct</referrerType>
		<referrerTypeName>Direct Entry</referrerTypeName>
		<referrerName />
		<referrerKeyword />
		<referrerKeywordPosition />
		<referrerUrl />
		<referrerSearchEngineUrl />
		<referrerSearchEngineIcon />
		<operatingSystem>Android</operatingSystem>
		<operatingSystemCode>AND</operatingSystemCode>
		<operatingSystemShortName>Android</operatingSystemShortName>
		<operatingSystemIcon>plugins/UserSettings/images/os/AND.gif</operatingSystemIcon>
		<browserFamily>unknown</browserFamily>
		<browserFamilyDescription>Unknown</browserFamilyDescription>
		<browserName>Android Browser </browserName>
		<browserIcon>plugins/UserSettings/images/browsers/AN.gif</browserIcon>
		<browserCode>AN</browserCode>
		<browserVersion />
		<screenType>unknown</screenType>
		<deviceType>Smartphone</deviceType>
		<resolution>unknown</resolution>
		<screenTypeIcon>plugins/UserSettings/images/screens/unknown.gif</screenTypeIcon>
		<plugins />
		<pluginsIcons />
		
		
		
		
		
	</row>
	<row>
		<idSite>1</idSite>
		<idVisit>1</idVisit>
		<visitIp>175.41.192.40</visitIp>
		
		<visitorType>new</visitorType>
		<visitorTypeIcon />
		<visitConverted>1</visitConverted>
		<visitConvertedIcon>plugins/Zeitgeist/images/goal.png</visitConvertedIcon>
		<visitEcommerceStatus>none</visitEcommerceStatus>
		<visitEcommerceStatusIcon />
		<searches>0</searches>
		<events>0</events>
		<actions>1</actions>
		<actionDetails>
			<row>
				<type>goal</type>
				<goalName>all</goalName>
				<goalId>1</goalId>
				<revenue>5</revenue>
				<goalPageId>1</goalPageId>
				
				<url>http://piwik.net/blog/category/meta/</url>
				<icon>plugins/Zeitgeist/images/goal.png</icon>
			</row>
			<row>
				<type>action</type>
				<url>http://piwik.net/blog/category/meta/</url>
				<pageTitle />
				<pageIdAction>1</pageIdAction>
				
				<pageId>1</pageId>
				<icon />
			</row>
		</actionDetails>
		<customVariables>
		</customVariables>
		<goalConversions>1</goalConversions>
		<siteCurrency>USD</siteCurrency>
		<siteCurrencySymbol>$</siteCurrencySymbol>
		
		<visitLocalTime>08:10:38</visitLocalTime>
		<visitLocalHour>8</visitLocalHour>
		
		
		
		
		<visitDuration>0</visitDuration>
		<visitDurationPretty>0s</visitDurationPretty>
		<visitCount>1</visitCount>
		<daysSinceLastVisit>0</daysSinceLastVisit>
		<daysSinceFirstVisit>0</daysSinceFirstVisit>
		<daysSinceLastEcommerceOrder>0</daysSinceLastEcommerceOrder>
		<continent>Asia</continent>
		<continentCode>asi</continentCode>
		<country>Japan</country>
		<countryCode>jp</countryCode>
		<countryFlag>plugins/UserCountry/images/flags/jp.png</countryFlag>
		<region />
		<regionCode />
		<city />
		<location>Japan</location>
		<latitude>36</latitude>
		<longitude>138</longitude>
		<provider>Unknown</provider>
		<providerName>Unknown</providerName>
		<providerUrl>http://piwik.org/faq/general/#faq_52</providerUrl>
		<referrerType>direct</referrerType>
		<referrerTypeName>Direct Entry</referrerTypeName>
		<referrerName />
		<referrerKeyword />
		<referrerKeywordPosition />
		<referrerUrl />
		<referrerSearchEngineUrl />
		<referrerSearchEngineIcon />
		<operatingSystem>Mac OS</operatingSystem>
		<operatingSystemCode>MAC</operatingSystemCode>
		<operatingSystemShortName>Mac OS</operatingSystemShortName>
		<operatingSystemIcon>plugins/UserSettings/images/os/MAC.gif</operatingSystemIcon>
		<browserFamily>unknown</browserFamily>
		<browserFamilyDescription>Unknown</browserFamilyDescription>
		<browserName>RockMelt 0.9</browserName>
		<browserIcon>plugins/UserSettings/images/browsers/UNK.gif</browserIcon>
		<browserCode>RM</browserCode>
		<browserVersion>0.9</browserVersion>
		<screenType>unknown</screenType>
		<deviceType>Desktop</deviceType>
		<resolution>unknown</resolution>
		<screenTypeIcon>plugins/UserSettings/images/screens/unknown.gif</screenTypeIcon>
		<plugins />
		<pluginsIcons />
		
		
		
		
		
	</row>
</result>