<html>
<head>
    <meta charset="utf-8">
</head>
<body style="color: rgb(68,68,68);">

<a id="reportTop" target="_blank" href=""><img title="Go to Piwik" border="0" alt="Piwik" src='plugins/Morpheus/images/logo-header.png'/></a>

<h1 style="color: rgb(126,115,99); font-size: 11pt;">
    Website Piwik test
</h1>

<p>
    Mail Test report - Date range: Week 4 April - 10 April 2011
</p>


<h2 id="Actions_getPageTitles" style="color: rgb(126,115,99); font-size: 11pt;">
    Page titles
</h2>

            <img alt=""
                                    src="data:image/png;base64,iVBORw0KGgoAAAANSUhEUgAAArwAAADICAIAAACF9KXqAAAACXBIWXMAAA7EAAAOxAGVKw4bAAAgAElEQVR4nO3de4wd1X3A8bP23V2wWZuH7fUTvGwIj0DigCEp1JhgqIGQgJ0U0+aBSiLngdTETZNQJS03aqq2VC1qI9QKoaSJ8kddpXGSkkdDkeJYVAkxEqqSiBQ2C4F1DLtkY4zBXu/69o8x42HmnDPnnDnnzuN+P0JodnzmnN/85nXumZl7+zqdjgAAAMgzr+wAAABAPcg7DaOjo12OAwAAVJyk00CPAQAAZKU7DaOjo2NjY6WEAgAAqqyV/EPaY5iYmEj++dxzzy1fvlxT4+HDh+fNmzcwMOArRAiyGgZZDYGshkBWQyCrDk6MNPgaY5iZmZmdnS1eD5LIaghkNQSyGgJZDYGsOkiPNCSnoz7EqlWrkmVSf2Z1Op3BwcElS5b4CxJkNQiyGgJZDYGshkBWHZzoNCSHGUI/2fDTJybDVd5Ik1MvDgz075/mSzV86uWsXnjO0rJDAFA/fE8DAAAwQqcBAAAYkXcaeOsSAACkMNLgx03XvbWUCm+67q3Rf35b74I6xlxH5BmARxXqNEjPbtFMTnxSN1331m9+70fRf/piXQvJUBS5UMemjzn0GsVdsa51yMK18s3v/aiCOwCAmqpQp0FDf1GsL79nc1Vt3c9e7iW/YEhdWKO4N9adi27QNaLfAMCXCnUasqe24lcXoDguugAQaeUXqYBU7yE+g8czkwVU06naVJVE8/XNpear4swGk6wndedF3z364HtvzEYb/z8OW1pbNiHJyDXtqmpLLptNmn69zDuCmlBV+0MqKlW7cfn7v/qASSTZwKQhpWJIzdfsk9ldLndB6bRms0pzAgC26tFpSMrtExSpJPdiY3jdMmnR/Dx+03Vvvf+rDwwM9C9etDheJLW4VW2qLoU+YOmy2Zker08moRbcEF/59/8qHpIqBud91WFBw80KAEV46DRs3bHLvPDX79mi+dfk+dfkCiE9X5tctFSV6D8WJz9YW52Rs/XYLjs5NZWN1o3DFSjZNXGr0E1uzQU3xP1ffeD9t2y2aiV3n1TNjzdcagtmB1S87OT0GACE0O2Rhna73W63i9Qg/SiZOyJda5W6oV6pYBwYxq8Z6jfPgHOuHHZy6Z01APDLQ6fh6/dsabfbIyMj0Z/T09OtVmtoaEhaeHy8aHM9eE6MRhqi2xPlRmJ7L6CCkvFHWc0tlmSVAVUluUNWbjt58smGHjxMAHSBn5GG5ODBxMREkd8NK/KBKfupCx41ZuTGWRUykLuTa+7uAUBBFXrl0kT2RKl6Sl86R0pzelXdbM7OV9WsqsckMOmytou7MQnYSxjSK5/5Ba/ghhBCvP+WzRbhyqpVxaDfcPphBoednF4ygC6o39sTqVOq28cp8xqSzWUfT0tNZ2OTXkKST9VprgfSejQlDWszlK1Ns3bmkWQvltl6rIIvsiGEEFZvT6iq1Wxot33VYUH9Igw8APCir9Pp+K3R5PbET5+Y9NuolTqeQCvyTIMXQfNvVXmgrFZwB8uGdOE5SwO1VfAGJaTIaghk1UHNbk+gAZr3xInmhckqqGBIAGqqnNsT4T7l1CUAWxMLZprUIx4bGxsdHQ30C+zmG9dXVqPViacL1uZXuDwD6EH1e6ahOM6hVRBoK5S1cSu7U1U2MAB1VE6nYfbZ3aW0W1/zJ6f6BvpnDzfhmYbqaF5WW6s3lh0CgCbjmQYAAGCETgMAADBCpwEAABjpiU7DuRtvLzuEHNWP0FBjVqTKSDKAslTx7YnonPiL3V8sOxC51Cm7snF237kbb//F7i9G/1f9q37ZoLEl/+zOVgu0UpokA0BQVew0eBH0rJqsucTTd6WuHAWD6cKKdH+rBd0DK7X1AfSIyt2eiE6F0Tmx7FiM1ChUxNhqAOCgHiMN8bh3PCf1qTE1M5qTuiqoFs/WkGzO/MOcaqlseNl4kjWo5lz2zh2pIPWVJzOmaTqVNM18LzcXVJsyVUM2GH1yDOPURJWKRxWGtC1VbLkRJgtopqWxMdgAoPvq0WkQsitE9nwdT6fOp+duvF21uGra7XSsv7CppoXBo21XvPtTj3zrnsWLF8fL5l4zzJvWXN40CzrTbAtVAas6beM02bVE4ZwUX8pqQQAIwUOn4eA/npT8c1E0U1F46GOH3VoxebZOcx1VnWqlNWjK62vQX/zi8Byuag9/7e5kPSZLqTKTXdzw0UVfH231NTg04RBnVGBqckoVj21O9H2C3AgNdwx6DADK1e2Rhna73W63Vf+augB353OVw71tzZ2OWjBf5brc+DccjYinc28VFWzLcKnc2y4OvVgACMdDp2HoY4fb7fbIyEj05/T0dKvVGhoakpeeHtfX1v2rlPSTt+0iNWI1+F+XNTWJ03C0yW3r5w4jOWcyvldSpBIA8MLPSENy8GBiYqLIzw3b3syGFW6Kp1z2zh2lJyT1LI60TJFHbQDAlwq9cpk9IWrOodICDqfUbBMeeyqq8LLzpYsnH7a/4t2fKhKh5g69Jh635Ei3mvmmsU2Oc5z6ah1yoh9m0CyVLZwtBgBVUJu3J1SSp2PpI41WNVgt6Cu85H1rVSQPf+3u1CuXmsoj0lv4qiak8UjLa1ZT1YpmQU1tmghN/jRs65Fv3aOqp2BONCvlZSlGHQB0X1+n0/Fbo8ntidlnd/tttPGmJqf6B/qjVy5NFLyiFH+FwaNwNVtltWoXaWk8rdUbSwkmqeANSkiR1RDIqoMK3Z5AiQre5RFN/I7F4jkJp2rxAOgR5dyeqMLnoXqZ65toDQ62bHrEVkkeGxsbHR2Np+2Ce20lzotrBNph9Fn1kpMQAiUZAHLV/pkGSDlcVLxch0JczEq8QFbz2lzNqAD0gnI6DQf37iul3fo6MvVCp7//4OKZsgNpFLIaAlkNIcqq2MTddwS0dccuIcS//uUNi04ZVJXhmQYAAHrdwUPHO/onn9SvKUanAQCAXjc+8dtoor+l6xjQaQAAoNe1//lhIcT1V4zoi/VEp2Hdtg1lh5Cj+hGG0IW1LthEb24XDRLSBSQZJVo1vEhfoIqdhnXbNlT5sInCi/8rO5yqq2yKKhuYR37Xcd22DY/t3KOqU99W6GyXclQGakiTZCC0M1cofmzyVVXsNHgR9Kh7bOee+L8SD+9anFke27kn+We5MSdbTwXWfV1Ihcd1jHoMVYhE00SXj8pwK0W/AV02N3csmjhred1GGqJzU42OmRqFCvQIjkrAynO/ORRNLFwwoC9Zjy93yo6LJvv48fx4ZjQnddbQfMpM1ZBszvzDhGqpbHjZeJI1qOZs3H5jKkh95cmMaZpOJU0zX5WKZJDZ6dScbEMmn/6lq5P8U586VesP3rtLU780DH0BVZnsOko3n+Guotk0qZ1QlQRpJZr1Mh9mWLdtw4P37or3VfHaY0qzRrlb0CT5mqhS8ajCkLalii03Qv2hoY9NmhMgkGd+/WI0MW9en75kPToNQnYGyR7P8XT2WqVaXDXtdrjqT3yqaWEwUn3tHVt23/dA9NNKycEY/dXLsGnN6U+zoAOr7aJfHaHu7pi3rqk/G4ZJKkz2JdXms91VDMvrwzPPv7nkviqt03bnl0ZuHo/JqUMYJDZEhCHyDzj42y89IoTYcvU5uSU9dBoeXX9fdubTisKX7N3u1kruOVpo++aGH6GkQwV6yRr0J8c4PIezXvyZ2Dw2VWb0l0OT+DVx2q6dc0nv51b9mpqkIlvGPFTbXUUTj+2unuQlq8l9NTcME7b7odAelfowTDaEyaY36Zpn0WNAudauzP/J326PNLTb7Xa7rfrX1KHenX634edU1SJ1PM7NV9mkpMkVtAEc9hOrZYvU7xyGQy+5FLYJzO6NftsyXCr30KhL/tEj1uQ9BSm8dBou2bu93W6PjBz/Rojp6elWqzU0pHhtYzynti6cOlOkn7xtF6kRq8HhWq+pX86pMEx4F1KtGYSr+KXLJDDDIRa3ozt37Mc5dbXIP5pt5uhcNHHmiq50GoQQycGDiYmJwcHBJTY/4pxke7MTVsINACSHx9lwsbqMuEhv8zdAFdbI5NBoav5RC0//+kA0kfsUpKjUK5fZAyb38pMq4HDIZZvweMFThZedL108nv/Yzj3X3rGlSISaO7iaeMyTk6283HNfwY1ositqhvo1MWgSKK3fcNOY7PnSJhwSJT0qzQ89251f2qLz9tUkMLct/TCDZqls4WwxoESfvme3EOKat5xlUrg2b0+oJA/X3Oe8cmuwWtBXeMn7mqpIkq+xZW+ICtm5SXqLV9WENB5peZu1lwg0DmG4ETWt566mSSqyW0QTWGpaVb/JpnG7YCcHxvX1pK6X2TRa7Ri2O78qctu2VE1rps3b8r4Uow7ospXDOd8FGenrdDp+Gza5PXFw7z6/jTbe5NTUQH9//BpbroJnnB45YcVZrdH6lhWqebtd3ld9qUgYsVQ8UVZXbzq/xJCap+DN9MbYumOXEOLPt1/+5vOHcwtX6PYESlTwLg/Cqcimad6jKhVJrFTV4kGDxV8gvcbgKUhR1u2JofUrS2m3vl6c6AwODg7Z9Iitkjw2NjY6OhpP2wVXW8msVnafrM6miSLJjSH0vupLdRKbIk1ylNVS4kGzHXjpSDSx5NSTTcrX/pkGSDmcBCt13uyyiq97dcILEUmJa1edxCZVMyo01TP7X7QqX06nYd/eg6W0W18vTB3p7+/MLCZvPpHVEJqX1ZXrjR4QA+roc//yP0KILZvyv0A6wjMNAAD0tJVLTjEsSacBAICettrgC6QjdBoAAOhFR2Zmo4nVyxhpSNiwbV3ZIeSofoQh9OZa2yJL3UGe0YOee+HlaGLhggHDRarYadiwbV2VD+AovPi/ssOpOlJUxIZt6/bsfEyo06hPb+jkl3IsBGpoz87H2FfRaz5+90O2i1Sx0+BF0ON/z87H4v9KPNHU4hwXXfNiFY+5UuHFPQZnBRc3bKLLx0K4laLfgN70vne8wbxw5ToN0YmyRkdvjUIFguJYAOrI/NUJUZcvd4p6EsnzUfLTRjw/nhnNSZ2/VItna0g2Z/6xRrVUNrxsPMkaVHNu3L4xFaS+8mTGNE2nkqaZr0pFMsjsdGpOtiHNdpGuizBLb7aSbLEtd1ybrFOVUumy5unK7hj6Da2ao187aYpSlWRjzm3XML2qqFLxqMKQtqWKLTdC/Q6pj02aE6DZDL9AOlKPToOQncuyZ5Z4OnutUi2umnY7cehPwappYTAqvuWOax+4b3f0I0DJwRhNkOZNa07EmgUdWG0X1bqIvK2vXzy57K57H+zvH0hm1XAL2qarC9eh3Eza7nKi2CqYbDJReE8rvpTVgkCTHDw0E00Mn77AfCkPnYb71j8qm/20tPD2vZe4tWJyLdFcR00uJyLxcdP2Q560FVV4DuffXfc+mKzHZClVZrKLG16qDbspVmvnsC624WWLxRNTU5P6dq12D008qfLZzlPxi5a+BocmbLd+vEiUVZMU5balz1JuhIY7JD0G9KZnnzv+ta3z51s8qNDtkYZ2u91ut1X/mroAd+cTgMlHLs0idTzjmK+yScncD+iVlbw9oeKwezSG4WhEPJ3dB/y2ZbhU7g7p8NkAaJ7PfOGHQoib3mb6BdIRD52G7XsvabfbIyMj0Z/T09OtVmtoSPFt7eM5tXX/HC39bGq7SI1YDVPXek31srcnpMUcdg8TzsNO3WQSmOEYntsxlZsl59TF90qKVAI0wPIlC63K+xlpSA4eTExMDA4OLrH5Ydwk29uusBLuEpUciq/+hksOpMO7G7dvLP1KbLJDSh+zAHrKqqUWr06ISr1ymT10cy8/qQIOB3+2CY8XPFV42fnSxeP5e3Y+lhxId7uforqXrInHPDnZyrtwFjbc+ibZ1qxXNgOG6TK5lW6+x0qPBefFc3c5aYvOh4YmRblt6YcZNEtlC2eLAT3r6OyxaGL1crsfca3N2xMqyROH9Jk1qxqsFvQVXvIOqyqSXfc+mHrlUlN5RHqzWdWENB5peZu1l+hOenOLGeZBWjJbTDVdfNX0u7RVE7a7nPRPw7YeuG+3qh6/e5r3pRh1QI+Ymj7+BdKnDp1ktWBfp9PxG4rJ7Yl9ew/6bbTxpqYm47vvJgqe+3rk1GmbVRXndOkXDLoVwlVuldWq7WnSeFaut/soFkLB276Q6uWsbt2xK5r4+j1brBas0O0JlKjgXZ5e4yVdhvcvHGqusirvaVWLBwjtD2+4wHaRcm5PVKHnXi+diRcHBweXLLHIm1WSx8bGRkdH42m74GrLIasRX+nK3UZRQ4G2SKDDUJ/Vyu5p4fIMVNYKmy+Qjrym0xAfzKJixzNsOWw+triV4ukyrCHQdilxc1dzT6tmVEBQq4YLdBpSHe2g/e6n9u8NVHNTTf5mamCg/6XZonffkeQxq2uXry9eCQB0wcuHj0YTw2fYfUmDSD7TQEcbAIDG+/XkS9HEyYPWjyjkL3DgwIHkny+99NKiRbpfxJqZmel0OgcP6t6PePnllw3jQ2R29qgQHfLml8es6nf4nmJyBoAtshpCz2b1k//wAyHEdZef6bDu8k5D8t7Evn37kv80Pj6efPQh68iRI/PmzTt06JCmzNSBFyzj7HVHjx6dN6/vlVcOlx1Io3jM6vyj+/IL9QaTMwBskdUQejyr/X1HUtd3E+lOQ9QhSN6qOP/885MFUn9mmbz5Ori/Ej27TVdse+jhnfo5+vneA1CZnJwaGOjXvPseKMJmy81qlirPa5ef6y+ueuvld9/DIash9HBWfy6EePOFo+eeO2y75Gu+pyEaYCjr4YZNV2xrartFmjBZNr6SqQprKgm9+puu2Jb8L2hbyUYD1fzQwzvL2lEBwKPVw7onDVROdBpKf025rA/KgdpNXlqSTXi/5BQcY+hC2h96eGf8X3euuEFXin4DgPr6zYFXoonTFg06LK78ngbB+xQIILricicFAErxwfb3oon5812+EvpEp6H0LkLyWhJN535Yj8fk48LJGrILCtkHfemTDdJlbQtk48/Ot605N3h9SWlI+hRJL/OpjWUVs6otzXiMqi1VYKn52QizO5tmvbKrRtcHQK3d8nuOj2FV91cus+f97HVCOlNVRlpM3670wpBbQGQuKsmLluqyZFhzEZosacqY12kbs8kmTsbg1lbxpawWBIDqG15i/bVOEQ+dhs992eK78O66zfS7IE3eYoinNef3+DpteN6XLptbudEqaYWrOVmnVQy5HGJOFrB6UcVks+a+DpONcOsN203CpscAoElWLnP86ZlujzS02+12ux26laDPqYWrvI6P1xm+3BFP594tKtiW4VJRR+HfvnFvqmSyQ5O64QUAdTc3dyyaWDNcXqfhrtv2ttvtkZGR6M/p6elWqzU0JA9oXIwXbzFX6Ifna1dzOLaDN0m2t0L0d4I0t4pyI9Q0R9cBQGNMPH/8C6QXnNTvVoOfkYbk4EEPf11GEE29XFXhKYFbb77j69+5T2jfolQ9cQkAtfPxux8SQmy+fK1zDS5vXJQodXLXjDwn58QfFnOXTcleKlSVF6eq2ap+6cXP/IJnmKLUc53Sf7KlqtOkLf0wg2apbOFsMQBomGWnL3BetrpvT6gkLwOqa2HqUpG9UZ0tE9PcgNdXri+WO9+85uwi2Wf9UmVy65EunryvnwpMlUbztgzrLN5WiKUYeABQXyuXOj7QIITo63Q6HkMRZrcnntpv+g4FIppfSQh6AavC1TFcDA6/PaEKae1yi3eImo0blCGQ1RB6MKtbd+wSQvzTnZvcvkNa1O72BLI0Qxc1lbo9UXqvJaWCIQFAroOHZqKJ4TNOca6knNsTfCyz1T+n6xGPjY2F++mQ7m+saHXi6XAN6bMqVfpPtACAm9s+++1oor/lPl5Qv2caIBXoSlbWBbKyF+bKBgYAJm68cjS/kBq3JwAA6BUrljp+gXSETgMAAL1i9TLHRyAjdBoAAOgVa1a4v28p6DQAANB4z79wKJpYtHCwSD10GgAAaLgPf/770cS8eX1F6qHTAABAT9i66fUFa6DTAABAT1jt+ovYMToNAAA02bFjx38vouBTkIJOAwAAzTY3dyyaWLvC+qd2Uug0AADQZL967sVoYv78ohd9Og0AADTZJ//+B0KI33njyuJV0WkAAKD51q4s9F2QEToNAAA039pVpxavhE4DAACNFb86sXZV0acgBZ0GAAAa7MBLR6KJpactKF4bnQYAABrrA3d912NtdBoAAGi4t1856qUeOg0AADTcmsJfIB2h0wAAQMOtWU6nAQAAqM0cnYsmzlzu4UsaBJ0GAACa6vnfHIomFi4Y8FIhnQYAAJrpj//mISHElZes9lUhnQYAAJps5dJTfFVFpwEAgCZb5enVCUGnAQCAZlsz7OcpSCFEy1dFAACgOl4+fDSaWLXM6PbE5768XgjxqZsfOnmx8lcqGGkAAKCB3vtnD0QT8+fnX+ujHoN45aRjM0c1xeg0AADQWG/fcHZumaknn4wm1h+4ceHSJZqSdBoAAGislcvyn4K89+FbhRALnznn7Z++U1+STgMAAI2V+77lxN5Ho4lLT78ytzY6DQAANM3R2WPRRO6vTtz/sw8JIU795UUbP/qR3GrpNAAA0DTTB16JJk5ffLKm2K9+/Eg08Zazrzaplk4DAABN8+HPf18IsXH9Gn2xLz3+USHEaU9edPG7tppUS6cBAIBmGj5joeZfx3b/MJq4ev27Bk7RlYzRaQAAoJlWqZ+CnJ2Z+epTfyKEGH5i/YU33WhYIZ0GAACaaaX6uyB//sB3oolrr7nVvEI6DQAANMorR2ajiRXqkYZdBz8vhDjzid8dveoq85rpNAAA0CjvufM/o4kFJ/VLCxz/0mghrr7+Fqua6TQAANBAN/xuzhdIn/PkprOuuNyqTjoNAAA00PAS+QsR8TDDte+53bZOOg0AADTQCkWnIXLeLzcvPe9c2zrpNAAA0EBnLl+UnRkNM7SeX/Guz9zlUCedBgAAmuO3Bw9HE6dlvkD6xE9gz7uqNTDgUDmdBgAAmuP2v/iuEGLj+jX9rfQlPvoJ7KGnz938iU+4VU6nAQCApll6anqYIf5tqkuX5f8EtgqdBgAAmib7qxPHf5tq7KINH/6Qc7V0GgAAaJqVy4aSf47/cE80seHCG4pUS6cBAICGODp7LJpYPfyaTsNXxncIIU4be9NFN99UpH46DQAANMS2T34zmhhaeOLliPjbnK678r1uL03E6DQAANAomy8fiadnXjoUTax44i2vv+ZtBWum0wAAQKMsPX1BPP3X/7Exmth8/XuK10ynAQCARsl+gfTIE1fa/jaVFJ0GAAAaZdWrr07ETzNc9Y5bvdRMpwEAgCY49PJMNDF8xoLk/PPGN5/5lsu8NEGnAQCAJnjfZ74dTQwOtMSrwwyD+9Zefev7fTVBpwEAgOZ4x1WjyT9fd/QCh5/AVqHTAABAcyw/4xTx6jBD//7VN9/5WY+V02kAAKA5Vi5dGD//eNmA409gq9BpAACgOdYsXxRNLHrq/Gt2fNxv5XQaAACova07dkUTX/jGhmjislVXeW+FTgMAAA1x5cWro4kznlx3xQc/4L1+Og0AADTEgWMfiSY2XlLo1yxV6DQAANAoZzzx5vNv2ByiZjoNAAA0wZvW/VU08Y7r/8jvSxOxVvKP0dET3wgxNjYWoj0AAODX3Nyx1rHj3yG9+v8uP+s2D79NJXWi0zA6OprsKKT+BAAA1fT7f/rNN138d9H0dVtuC9cQtycAAKi3vmOz0cTok1etWn9JuIZa+UUs3f/fQZ7YBAAAUm+8+PjE2276g6AN5XcafvKTnyT/fPzxxy+44IJg8QAAABdLf3bZ/gvF/kcfDddEfqfh0ksv1fyZ9eOdl83Nm13QOaVIWPuX/WLR5KqTOgsLVbLmf5c9W6h/c6h14PDi6aWTrytSyYGF++fmzy45uKZIJZOnjQ8cGlo8s6RIJb6yuuRX5/X1ud/YermfrGYqIauvRVZTyGpKk7I6Ozc7ufZny54pdLWa65udm3904zVb33BJwHsTIsTties/8skFCxYMDw97r7mXjY+Pk1XvyGoIZDUEshoCWXXAg5AAAMDIiZGGsbExvqcBAACovOb2BB0FAACg0tfpdMqOAQAA1ADPNAAAACN0GgCgJySfWgPc+H/lUry6a8ZPSOifr/T19GWq0eI1W62FeXO2P+qRm71Awdiuvl52cU2F0k3p/YGbckPym15pJdkrhOroKNKoeTzSAgXbzW4X1cyCTURS20tz7AR6PiwORrrKMe9Z9ZVSk30yRLvZGKwuT75C6s4KBnf22Wd3vIoqjKtN1W/1p3OjxWu2Wgur5qwiyU2XtLbiwdiuvl5u2LYFiis3JL/pNawk0KHnHE/xRrNHvWpmwSaklfs6xp2DcWjRpJjqXBpipUyOMr/tOpzYfYXUzcQG1ZJ+xop6yqperV6RTpOq95cbj/eemu1gQKp8NmaR+PBn3rvMHSTI9ty9BOM3nw7bK445NV86PJDcbQwjd1hBjyGF+GChrzM3M8m103y2NmnLvEw2yOSybkd96F3Xtols/G5nV7fRC/2mNFy7cKMm0raS+2EyUardo8jlyXBP9hJS1xIbWkvIfhRbuJ6LvahaPM4012/vNZcYTNdU8NfbKxhSQdI16s56ZQ/wOh71KdL43dbLtt/WmBNpRL97EFLXKJ9p6M6aZz/+lhuPpnUvd52LaMZ+mQ1e0zE3WdPkOIpbWvSfsEsJqaCqdWWcA6jIfu425qpRPBvS48ik/uqktHgkvtbF4/atSHqDaiXHqA1ZpXhMNoSeKpCsOXv6roLQZ2F9SlWPzwQKJhCHh4AKXndzd9RkAIabuOLDM+Z3vnIrsS1suOv6arebinw0t10p5wuYJv/1El8yNL0iPdsc5m7f4iE1yfGRBqtcFNmbDbPca9tGk1LpbQXNv1aT+QCDR/r665I6c9I1clhNq/JWu65GatjcPAMSfPoAAAEdSURBVIAqc1gpv/tkNU+kBe+u5q5Fd47rRu6xJiTf0xBu/fVDapqlAsXjS3Y0xdcFye2MHygYZ0V6DLkjVcLp03+RnAQKqaCCzakWdz76St/rvKj+ycdcjdZlbGysaxd+w5JdC6n6lG9PON/CjxeMx3M0g0XSZwWyM3PjyTYqrdnLWhRZkeRMtzFbh1tCDsHYrr7tWmTnOK+Xs2wADpW7LeU9valqk7HpRwKyjZrvPA7xaAqbdMVU9aduM2VnOpOuuHkTDitlFYntIiYnds3O6evml0MNvjLp8dCzDSl0YrtG/tsTVfuUULV4ABTX1OO6qesFCL5GGgAAGOJXLgF0W73GY801db2AGJ0GAABghNsTAADACJ0GAABg5P8BrvlPHbh0FeAAAAAASUVORK5CYII="
                                height="200"
                width="700"/>
    
    
        <br/>
    <a style="text-decoration:none; color: rgb(126,115,99); font-size: 9pt;" href="#reportTop">
        Back to top
    </a>
</body>
</html>