<?xml version="1.0" encoding="utf-8" ?>
<result>
	<row>
		<idSite>1</idSite>
		<idVisit>41</idVisit>
		<visitIp>175.41.192.40</visitIp>
		
		<visitorType>new</visitorType>
		<visitorTypeIcon />
		<visitConverted>1</visitConverted>
		<visitConvertedIcon>plugins/Zeitgeist/images/goal.png</visitConvertedIcon>
		<visitEcommerceStatus>none</visitEcommerceStatus>
		<visitEcommerceStatusIcon />
		<searches>0</searches>
		<events>0</events>
		<actions>10</actions>
		<actionDetails>
			<row>
				<type>goal</type>
				<goalName>all</goalName>
				<goalId>1</goalId>
				<revenue>5</revenue>
				<goalPageId>48</goalPageId>
				
				<url>http://piwik.net/blog/category/meta/</url>
				<icon>plugins/Zeitgeist/images/goal.png</icon>
			</row>
			<row>
				<type>action</type>
				<url>http://piwik.net/blog/category/meta/</url>
				<pageTitle />
				<pageIdAction>1</pageIdAction>
				
				<pageId>56</pageId>
				<generationTime>0.02s</generationTime>
				<timeSpent>52</timeSpent>
				<timeSpentPretty>52s</timeSpentPretty>
				<icon />
			</row>
			<row>
				<type>action</type>
				<url>http://piwik.net/blog/category/meta/</url>
				<pageTitle />
				<pageIdAction>1</pageIdAction>
				
				<pageId>52</pageId>
				<generationTime>0.12s</generationTime>
				<timeSpent>0</timeSpent>
				<timeSpentPretty>0s</timeSpentPretty>
				<icon />
			</row>
			<row>
				<type>action</type>
				<url>http://piwik.net/blog/category/meta/</url>
				<pageTitle />
				<pageIdAction>1</pageIdAction>
				
				<pageId>48</pageId>
				<generationTime>0.12s</generationTime>
				<timeSpent>0</timeSpent>
				<timeSpentPretty>0s</timeSpentPretty>
				<icon />
			</row>
			<row>
				<type>action</type>
				<url>http://piwik.net/faq/</url>
				<pageTitle />
				<pageIdAction>2</pageIdAction>
				
				<pageId>57</pageId>
				<generationTime>0.24s</generationTime>
				<timeSpent>26</timeSpent>
				<timeSpentPretty>26s</timeSpentPretty>
				<icon />
			</row>
			<row>
				<type>action</type>
				<url>http://piwik.net/faq/</url>
				<pageTitle />
				<pageIdAction>2</pageIdAction>
				
				<pageId>49</pageId>
				<generationTime>0.23s</generationTime>
				<timeSpent>52</timeSpent>
				<timeSpentPretty>52s</timeSpentPretty>
				<icon />
			</row>
			<row>
				<type>action</type>
				<url>http://piwik.net/faq/</url>
				<pageTitle />
				<pageIdAction>2</pageIdAction>
				
				<pageId>53</pageId>
				<generationTime>0.29s</generationTime>
				<timeSpent>52</timeSpent>
				<timeSpentPretty>52s</timeSpentPretty>
				<icon />
			</row>
			<row>
				<type>action</type>
				<url>http://piwik.net/blog/category/community/</url>
				<pageTitle />
				<pageIdAction>3</pageIdAction>
				
				<pageId>54</pageId>
				<generationTime>0.62s</generationTime>
				<timeSpent>7</timeSpent>
				<timeSpentPretty>7s</timeSpentPretty>
				<icon />
			</row>
			<row>
				<type>action</type>
				<url>http://piwik.net/blog/category/community/</url>
				<pageTitle />
				<pageIdAction>3</pageIdAction>
				
				<pageId>50</pageId>
				<generationTime>1.32s</generationTime>
				<timeSpent>26</timeSpent>
				<timeSpentPretty>26s</timeSpentPretty>
				<icon />
			</row>
			<row>
				<type>action</type>
				<url>http://piwik.net/docs/manage-websites/</url>
				<pageTitle />
				<pageIdAction>4</pageIdAction>
				
				<pageId>55</pageId>
				<generationTime>0.34s</generationTime>
				<icon />
			</row>
			<row>
				<type>action</type>
				<url>http://piwik.net/docs/manage-websites/</url>
				<pageTitle />
				<pageIdAction>4</pageIdAction>
				
				<pageId>51</pageId>
				<generationTime>0.54s</generationTime>
				<timeSpent>7</timeSpent>
				<timeSpentPretty>7s</timeSpentPretty>
				<icon />
			</row>
		</actionDetails>
		<customVariables>
		</customVariables>
		<goalConversions>1</goalConversions>
		<siteCurrency>USD</siteCurrency>
		<siteCurrencySymbol>$</siteCurrencySymbol>
		
		<visitLocalTime>08:10:38</visitLocalTime>
		<visitLocalHour>8</visitLocalHour>
		
		
		
		
		<visitDuration>54</visitDuration>
		<visitDurationPretty>54s</visitDurationPretty>
		<visitCount>1</visitCount>
		<daysSinceLastVisit>0</daysSinceLastVisit>
		<daysSinceFirstVisit>0</daysSinceFirstVisit>
		<daysSinceLastEcommerceOrder>0</daysSinceLastEcommerceOrder>
		<continent>Asia</continent>
		<continentCode>asi</continentCode>
		<country>Japan</country>
		<countryCode>jp</countryCode>
		<countryFlag>plugins/UserCountry/images/flags/jp.png</countryFlag>
		<region />
		<regionCode />
		<city />
		<location>Japan</location>
		<latitude>36</latitude>
		<longitude>138</longitude>
		<provider>Unknown</provider>
		<providerName>Unknown</providerName>
		<providerUrl>http://piwik.org/faq/general/#faq_52</providerUrl>
		<referrerType>direct</referrerType>
		<referrerTypeName>Direct Entry</referrerTypeName>
		<referrerName />
		<referrerKeyword />
		<referrerKeywordPosition />
		<referrerUrl />
		<referrerSearchEngineUrl />
		<referrerSearchEngineIcon />
		<operatingSystem>Unknown</operatingSystem>
		<operatingSystemCode>UNK</operatingSystemCode>
		<operatingSystemShortName>Unknown</operatingSystemShortName>
		<operatingSystemIcon>plugins/UserSettings/images/os/UNK.gif</operatingSystemIcon>
		<browserFamily>unknown</browserFamily>
		<browserFamilyDescription>Unknown</browserFamilyDescription>
		<browserName>Unknown</browserName>
		<browserIcon>plugins/UserSettings/images/browsers/UNK.gif</browserIcon>
		<browserCode>UNK</browserCode>
		<browserVersion>UNK</browserVersion>
		<screenType>unknown</screenType>
		<deviceType>Desktop</deviceType>
		<resolution>unknown</resolution>
		<screenTypeIcon>plugins/UserSettings/images/screens/unknown.gif</screenTypeIcon>
		<plugins />
		<pluginsIcons />
		
		
		
		
		
	</row>
	<row>
		<idSite>1</idSite>
		<idVisit>26</idVisit>
		<visitIp>0.0.0.0</visitIp>
		
		<visitorType>new</visitorType>
		<visitorTypeIcon />
		<visitConverted>1</visitConverted>
		<visitConvertedIcon>plugins/Zeitgeist/images/goal.png</visitConvertedIcon>
		<visitEcommerceStatus>none</visitEcommerceStatus>
		<visitEcommerceStatusIcon />
		<searches>0</searches>
		<events>0</events>
		<actions>1</actions>
		<actionDetails>
			<row>
				<type>goal</type>
				<goalName>all</goalName>
				<goalId>1</goalId>
				<revenue>5</revenue>
				<goalPageId>29</goalPageId>
				
				<url>http://example.org/index.htm</url>
				<icon>plugins/Zeitgeist/images/goal.png</icon>
			</row>
			<row>
				<type>action</type>
				<url>http://example.org/index.htm</url>
				<pageTitle>incredible title!</pageTitle>
				<pageIdAction>29</pageIdAction>
				
				<pageId>29</pageId>
				<customVariables>
					<row>
						<customVariablePageName3>_pks</customVariablePageName3>
						<customVariablePageValue3>SKU2</customVariablePageValue3>
					</row>
					<row>
						<customVariablePageName4>_pkn</customVariablePageName4>
						<customVariablePageValue4>PRODUCT name</customVariablePageValue4>
					</row>
					<row>
						<customVariablePageName5>_pkc</customVariablePageName5>
						<customVariablePageValue5>Electronics &amp; Cameras</customVariablePageValue5>
					</row>
				</customVariables>
				<icon />
			</row>
		</actionDetails>
		<customVariables>
			<row>
				<customVariableName5>VisitorType</customVariableName5>
				<customVariableValue5>NewLoggedOut</customVariableValue5>
			</row>
		</customVariables>
		<goalConversions>1</goalConversions>
		<siteCurrency>USD</siteCurrency>
		<siteCurrencySymbol>$</siteCurrencySymbol>
		
		<visitLocalTime>12:34:06</visitLocalTime>
		<visitLocalHour>12</visitLocalHour>
		
		
		
		
		<visitDuration>0</visitDuration>
		<visitDurationPretty>0s</visitDurationPretty>
		<visitCount>1</visitCount>
		<daysSinceLastVisit>0</daysSinceLastVisit>
		<daysSinceFirstVisit>0</daysSinceFirstVisit>
		<daysSinceLastEcommerceOrder>0</daysSinceLastEcommerceOrder>
		<continent>Unknown</continent>
		<continentCode>unk</continentCode>
		<country>Unknown</country>
		<countryCode>xx</countryCode>
		<countryFlag>plugins/UserCountry/images/flags/xx.png</countryFlag>
		<region />
		<regionCode />
		<city />
		<location>Unknown</location>
		<latitude />
		<longitude />
		<provider>Unknown</provider>
		<providerName>Unknown</providerName>
		<providerUrl>http://piwik.org/faq/general/#faq_52</providerUrl>
		<referrerType>website</referrerType>
		<referrerTypeName>Websites</referrerTypeName>
		<referrerName>piwik.org</referrerName>
		<referrerKeyword />
		<referrerKeywordPosition />
		<referrerUrl>http://piwik.org/contribute%</referrerUrl>
		<referrerSearchEngineUrl />
		<referrerSearchEngineIcon />
		<operatingSystem>Windows XP</operatingSystem>
		<operatingSystemCode>WXP</operatingSystemCode>
		<operatingSystemShortName>Win XP</operatingSystemShortName>
		<operatingSystemIcon>plugins/UserSettings/images/os/WXP.gif</operatingSystemIcon>
		<browserFamily>ie</browserFamily>
		<browserFamilyDescription>Trident (IE)</browserFamilyDescription>
		<browserName>Internet Explorer 6.0</browserName>
		<browserIcon>plugins/UserSettings/images/browsers/IE.gif</browserIcon>
		<browserCode>IE</browserCode>
		<browserVersion>6.0</browserVersion>
		<screenType>normal</screenType>
		<deviceType>Desktop</deviceType>
		<resolution>1024x768</resolution>
		<screenTypeIcon>plugins/UserSettings/images/screens/normal.gif</screenTypeIcon>
		<plugins>flash, java</plugins>
		<pluginsIcons>
			<row>
				<pluginIcon>plugins/UserSettings/images/plugins/flash.gif</pluginIcon>
				<pluginName>flash</pluginName>
			</row>
			<row>
				<pluginIcon>plugins/UserSettings/images/plugins/java.gif</pluginIcon>
				<pluginName>java</pluginName>
			</row>
		</pluginsIcons>
		
		
		
		
		
	</row>
	<row>
		<idSite>1</idSite>
		<idVisit>25</idVisit>
		<visitIp>175.41.192.41</visitIp>
		
		<visitorType>new</visitorType>
		<visitorTypeIcon />
		<visitConverted>1</visitConverted>
		<visitConvertedIcon>plugins/Zeitgeist/images/goal.png</visitConvertedIcon>
		<visitEcommerceStatus>none</visitEcommerceStatus>
		<visitEcommerceStatusIcon />
		<searches>0</searches>
		<events>0</events>
		<actions>1</actions>
		<actionDetails>
			<row>
				<type>goal</type>
				<goalName>all</goalName>
				<goalId>1</goalId>
				<revenue>5</revenue>
				<goalPageId>28</goalPageId>
				
				<url>http://piwik.net/blog/category/meta/</url>
				<icon>plugins/Zeitgeist/images/goal.png</icon>
			</row>
			<row>
				<type>action</type>
				<url>http://piwik.net/blog/category/meta/</url>
				<pageTitle />
				<pageIdAction>1</pageIdAction>
				
				<pageId>28</pageId>
				<icon />
			</row>
		</actionDetails>
		<customVariables>
			<row>
				<customVariableName1>Not-Bot</customVariableName1>
				<customVariableValue1>Mozilla/5.0 (Macintosh; Intel Mac OS X 10_6_7) AppleWebKit/534.24 (KHTML, like Gecko) RockMelt/0.9.58.494 Chrome/11.0.696.71 Safari/534.24</customVariableValue1>
			</row>
		</customVariables>
		<goalConversions>1</goalConversions>
		<siteCurrency>USD</siteCurrency>
		<siteCurrencySymbol>$</siteCurrencySymbol>
		
		<visitLocalTime>20:15:41</visitLocalTime>
		<visitLocalHour>20</visitLocalHour>
		
		
		
		
		<visitDuration>0</visitDuration>
		<visitDurationPretty>0s</visitDurationPretty>
		<visitCount>1</visitCount>
		<daysSinceLastVisit>0</daysSinceLastVisit>
		<daysSinceFirstVisit>0</daysSinceFirstVisit>
		<daysSinceLastEcommerceOrder>0</daysSinceLastEcommerceOrder>
		<continent>Asia</continent>
		<continentCode>asi</continentCode>
		<country>Japan</country>
		<countryCode>jp</countryCode>
		<countryFlag>plugins/UserCountry/images/flags/jp.png</countryFlag>
		<region />
		<regionCode />
		<city />
		<location>Japan</location>
		<latitude>36</latitude>
		<longitude>138</longitude>
		<provider>Unknown</provider>
		<providerName>Unknown</providerName>
		<providerUrl>http://piwik.org/faq/general/#faq_52</providerUrl>
		<referrerType>direct</referrerType>
		<referrerTypeName>Direct Entry</referrerTypeName>
		<referrerName />
		<referrerKeyword />
		<referrerKeywordPosition />
		<referrerUrl />
		<referrerSearchEngineUrl />
		<referrerSearchEngineIcon />
		<operatingSystem>Mac OS</operatingSystem>
		<operatingSystemCode>MAC</operatingSystemCode>
		<operatingSystemShortName>Mac OS</operatingSystemShortName>
		<operatingSystemIcon>plugins/UserSettings/images/os/MAC.gif</operatingSystemIcon>
		<browserFamily>unknown</browserFamily>
		<browserFamilyDescription>Unknown</browserFamilyDescription>
		<browserName>RockMelt 0.9</browserName>
		<browserIcon>plugins/UserSettings/images/browsers/UNK.gif</browserIcon>
		<browserCode>RM</browserCode>
		<browserVersion>0.9</browserVersion>
		<screenType>unknown</screenType>
		<deviceType>Desktop</deviceType>
		<resolution>unknown</resolution>
		<screenTypeIcon>plugins/UserSettings/images/screens/unknown.gif</screenTypeIcon>
		<plugins />
		<pluginsIcons />
		
		
		
		
		
	</row>
	<row>
		<idSite>1</idSite>
		<idVisit>24</idVisit>
		<visitIp>175.41.192.43</visitIp>
		
		<visitorType>new</visitorType>
		<visitorTypeIcon />
		<visitConverted>1</visitConverted>
		<visitConvertedIcon>plugins/Zeitgeist/images/goal.png</visitConvertedIcon>
		<visitEcommerceStatus>none</visitEcommerceStatus>
		<visitEcommerceStatusIcon />
		<searches>0</searches>
		<events>0</events>
		<actions>2</actions>
		<actionDetails>
			<row>
				<type>action</type>
				<url>http://piwik.net/moved-permanently</url>
				<pageTitle>301/URL = http%3A%2F%2Fpiwik.net%2Fmoved-permanently</pageTitle>
				<pageIdAction>25</pageIdAction>
				
				<pageId>26</pageId>
				<customVariables>
					<row>
						<customVariablePageName1>HTTP-code</customVariablePageName1>
						<customVariablePageValue1>301</customVariablePageValue1>
					</row>
				</customVariables>
				<timeSpent>180</timeSpent>
				<timeSpentPretty>3 min 0s</timeSpentPretty>
				<icon />
			</row>
			<row>
				<type>goal</type>
				<goalName>all</goalName>
				<goalId>1</goalId>
				<revenue>5</revenue>
				<goalPageId>26</goalPageId>
				
				<url>http://piwik.net/moved-permanently</url>
				<icon>plugins/Zeitgeist/images/goal.png</icon>
			</row>
			<row>
				<type>action</type>
				<url>http://piwik.net/temp-redirect</url>
				<pageTitle>307/URL = http%3A%2F%2Fpiwik.net%2Ftemp-redirect</pageTitle>
				<pageIdAction>27</pageIdAction>
				
				<pageId>27</pageId>
				<customVariables>
					<row>
						<customVariablePageName1>HTTP-code</customVariablePageName1>
						<customVariablePageValue1>307</customVariablePageValue1>
					</row>
				</customVariables>
				<icon />
			</row>
		</actionDetails>
		<customVariables>
			<row>
				<customVariableName1>Not-Bot</customVariableName1>
				<customVariableValue1>Mozilla/5.0 (Macintosh; Intel Mac OS X 10_6_7) AppleWebKit/534.24 (KHTML, like Gecko) RockMelt/0.9.58.494 Chrome/11.0.696.71 Safari/534.24</customVariableValue1>
			</row>
		</customVariables>
		<goalConversions>1</goalConversions>
		<siteCurrency>USD</siteCurrency>
		<siteCurrencySymbol>$</siteCurrencySymbol>
		
		<visitLocalTime>19:12:40</visitLocalTime>
		<visitLocalHour>19</visitLocalHour>
		
		
		
		
		<visitDuration>182</visitDuration>
		<visitDurationPretty>3 min 2s</visitDurationPretty>
		<visitCount>1</visitCount>
		<daysSinceLastVisit>0</daysSinceLastVisit>
		<daysSinceFirstVisit>0</daysSinceFirstVisit>
		<daysSinceLastEcommerceOrder>0</daysSinceLastEcommerceOrder>
		<continent>Asia</continent>
		<continentCode>asi</continentCode>
		<country>Japan</country>
		<countryCode>jp</countryCode>
		<countryFlag>plugins/UserCountry/images/flags/jp.png</countryFlag>
		<region />
		<regionCode />
		<city />
		<location>Japan</location>
		<latitude>36</latitude>
		<longitude>138</longitude>
		<provider>Unknown</provider>
		<providerName>Unknown</providerName>
		<providerUrl>http://piwik.org/faq/general/#faq_52</providerUrl>
		<referrerType>direct</referrerType>
		<referrerTypeName>Direct Entry</referrerTypeName>
		<referrerName />
		<referrerKeyword />
		<referrerKeywordPosition />
		<referrerUrl />
		<referrerSearchEngineUrl />
		<referrerSearchEngineIcon />
		<operatingSystem>Mac OS</operatingSystem>
		<operatingSystemCode>MAC</operatingSystemCode>
		<operatingSystemShortName>Mac OS</operatingSystemShortName>
		<operatingSystemIcon>plugins/UserSettings/images/os/MAC.gif</operatingSystemIcon>
		<browserFamily>unknown</browserFamily>
		<browserFamilyDescription>Unknown</browserFamilyDescription>
		<browserName>RockMelt 0.9</browserName>
		<browserIcon>plugins/UserSettings/images/browsers/UNK.gif</browserIcon>
		<browserCode>RM</browserCode>
		<browserVersion>0.9</browserVersion>
		<screenType>unknown</screenType>
		<deviceType>Desktop</deviceType>
		<resolution>unknown</resolution>
		<screenTypeIcon>plugins/UserSettings/images/screens/unknown.gif</screenTypeIcon>
		<plugins />
		<pluginsIcons />
		
		
		
		
		
	</row>
	<row>
		<idSite>1</idSite>
		<idVisit>23</idVisit>
		<visitIp>175.41.192.42</visitIp>
		
		<visitorType>new</visitorType>
		<visitorTypeIcon />
		<visitConverted>0</visitConverted>
		<visitConvertedIcon />
		<visitEcommerceStatus>none</visitEcommerceStatus>
		<visitEcommerceStatusIcon />
		<searches>0</searches>
		<events>0</events>
		<actions>3</actions>
		<actionDetails>
			<row>
				<type>download</type>
				<url>http://piwik.net/thing.js</url>
				<pageTitle />
				<pageIdAction>21</pageIdAction>
				
				<pageId>23</pageId>
				<timeSpent>61</timeSpent>
				<timeSpentPretty>1 min 1s</timeSpentPretty>
				<icon>plugins/Zeitgeist/images/download.png</icon>
			</row>
			<row>
				<type>download</type>
				<url>http://piwik.net/thing.css</url>
				<pageTitle />
				<pageIdAction>22</pageIdAction>
				
				<pageId>24</pageId>
				<timeSpent>61</timeSpent>
				<timeSpentPretty>1 min 1s</timeSpentPretty>
				<icon>plugins/Zeitgeist/images/download.png</icon>
			</row>
			<row>
				<type>download</type>
				<url>http://piwik.net/other.png</url>
				<pageTitle />
				<pageIdAction>23</pageIdAction>
				
				<pageId>25</pageId>
				<icon>plugins/Zeitgeist/images/download.png</icon>
			</row>
		</actionDetails>
		<customVariables>
			<row>
				<customVariableName1>Not-Bot</customVariableName1>
				<customVariableValue1>Mozilla/5.0 (Macintosh; Intel Mac OS X 10_6_7) AppleWebKit/534.24 (KHTML, like Gecko) RockMelt/0.9.58.494 Chrome/11.0.696.71 Safari/534.24</customVariableValue1>
			</row>
		</customVariables>
		<goalConversions>0</goalConversions>
		<siteCurrency>USD</siteCurrency>
		<siteCurrencySymbol>$</siteCurrencySymbol>
		
		<visitLocalTime>18:10:38</visitLocalTime>
		<visitLocalHour>18</visitLocalHour>
		
		
		
		
		<visitDuration>123</visitDuration>
		<visitDurationPretty>2 min 3s</visitDurationPretty>
		<visitCount>1</visitCount>
		<daysSinceLastVisit>0</daysSinceLastVisit>
		<daysSinceFirstVisit>0</daysSinceFirstVisit>
		<daysSinceLastEcommerceOrder>0</daysSinceLastEcommerceOrder>
		<continent>Asia</continent>
		<continentCode>asi</continentCode>
		<country>Japan</country>
		<countryCode>jp</countryCode>
		<countryFlag>plugins/UserCountry/images/flags/jp.png</countryFlag>
		<region />
		<regionCode />
		<city />
		<location>Japan</location>
		<latitude>36</latitude>
		<longitude>138</longitude>
		<provider>Unknown</provider>
		<providerName>Unknown</providerName>
		<providerUrl>http://piwik.org/faq/general/#faq_52</providerUrl>
		<referrerType>direct</referrerType>
		<referrerTypeName>Direct Entry</referrerTypeName>
		<referrerName />
		<referrerKeyword />
		<referrerKeywordPosition />
		<referrerUrl />
		<referrerSearchEngineUrl />
		<referrerSearchEngineIcon />
		<operatingSystem>Mac OS</operatingSystem>
		<operatingSystemCode>MAC</operatingSystemCode>
		<operatingSystemShortName>Mac OS</operatingSystemShortName>
		<operatingSystemIcon>plugins/UserSettings/images/os/MAC.gif</operatingSystemIcon>
		<browserFamily>unknown</browserFamily>
		<browserFamilyDescription>Unknown</browserFamilyDescription>
		<browserName>RockMelt 0.9</browserName>
		<browserIcon>plugins/UserSettings/images/browsers/UNK.gif</browserIcon>
		<browserCode>RM</browserCode>
		<browserVersion>0.9</browserVersion>
		<screenType>unknown</screenType>
		<deviceType>Desktop</deviceType>
		<resolution>unknown</resolution>
		<screenTypeIcon>plugins/UserSettings/images/screens/unknown.gif</screenTypeIcon>
		<plugins />
		<pluginsIcons />
		
		
		
		
		
	</row>
	<row>
		<idSite>1</idSite>
		<idVisit>22</idVisit>
		<visitIp>72.44.32.11</visitIp>
		
		<visitorType>new</visitorType>
		<visitorTypeIcon />
		<visitConverted>1</visitConverted>
		<visitConvertedIcon>plugins/Zeitgeist/images/goal.png</visitConvertedIcon>
		<visitEcommerceStatus>none</visitEcommerceStatus>
		<visitEcommerceStatusIcon />
		<searches>0</searches>
		<events>0</events>
		<actions>1</actions>
		<actionDetails>
			<row>
				<type>goal</type>
				<goalName>all</goalName>
				<goalId>1</goalId>
				<revenue>5</revenue>
				<goalPageId>22</goalPageId>
				
				<url>http://piwik.net/</url>
				<icon>plugins/Zeitgeist/images/goal.png</icon>
			</row>
			<row>
				<type>action</type>
				<url>http://piwik.net/</url>
				<pageTitle />
				<pageIdAction>5</pageIdAction>
				
				<pageId>22</pageId>
				<icon />
			</row>
		</actionDetails>
		<customVariables>
			<row>
				<customVariableName1>Bot</customVariableName1>
				<customVariableValue1>Googlebot/2.1 (+http://www.googlebot.com/bot.html)</customVariableValue1>
			</row>
		</customVariables>
		<goalConversions>1</goalConversions>
		<siteCurrency>USD</siteCurrency>
		<siteCurrencySymbol>$</siteCurrencySymbol>
		
		<visitLocalTime>17:48:08</visitLocalTime>
		<visitLocalHour>17</visitLocalHour>
		
		
		
		
		<visitDuration>0</visitDuration>
		<visitDurationPretty>0s</visitDurationPretty>
		<visitCount>1</visitCount>
		<daysSinceLastVisit>0</daysSinceLastVisit>
		<daysSinceFirstVisit>0</daysSinceFirstVisit>
		<daysSinceLastEcommerceOrder>0</daysSinceLastEcommerceOrder>
		<continent>North America</continent>
		<continentCode>amn</continentCode>
		<country>United States</country>
		<countryCode>us</countryCode>
		<countryFlag>plugins/UserCountry/images/flags/us.png</countryFlag>
		<region>Virginia</region>
		<regionCode>VA</regionCode>
		<city>Ashburn</city>
		<location>Ashburn, Virginia, United States</location>
		<latitude>39.043999</latitude>
		<longitude>-77.487999</longitude>
		<provider>Unknown</provider>
		<providerName>Unknown</providerName>
		<providerUrl>http://piwik.org/faq/general/#faq_52</providerUrl>
		<referrerType>direct</referrerType>
		<referrerTypeName>Direct Entry</referrerTypeName>
		<referrerName />
		<referrerKeyword />
		<referrerKeywordPosition />
		<referrerUrl />
		<referrerSearchEngineUrl />
		<referrerSearchEngineIcon />
		<operatingSystem>Bot</operatingSystem>
		<operatingSystemCode>BOT</operatingSystemCode>
		<operatingSystemShortName>BOT</operatingSystemShortName>
		<operatingSystemIcon>plugins/UserSettings/images/os/UNK.gif</operatingSystemIcon>
		<browserFamily>unknown</browserFamily>
		<browserFamilyDescription>Unknown</browserFamilyDescription>
		<browserName>Unknown</browserName>
		<browserIcon>plugins/UserSettings/images/browsers/UNK.gif</browserIcon>
		<browserCode>UNK</browserCode>
		<browserVersion>UNK</browserVersion>
		<screenType>unknown</screenType>
		<deviceType>Desktop</deviceType>
		<resolution>unknown</resolution>
		<screenTypeIcon>plugins/UserSettings/images/screens/unknown.gif</screenTypeIcon>
		<plugins />
		<pluginsIcons />
		
		
		
		
		
	</row>
	<row>
		<idSite>1</idSite>
		<idVisit>21</idVisit>
		<visitIp>72.44.32.11</visitIp>
		
		<visitorType>new</visitorType>
		<visitorTypeIcon />
		<visitConverted>1</visitConverted>
		<visitConvertedIcon>plugins/Zeitgeist/images/goal.png</visitConvertedIcon>
		<visitEcommerceStatus>none</visitEcommerceStatus>
		<visitEcommerceStatusIcon />
		<searches>0</searches>
		<events>0</events>
		<actions>1</actions>
		<actionDetails>
			<row>
				<type>goal</type>
				<goalName>all</goalName>
				<goalId>1</goalId>
				<revenue>5</revenue>
				<goalPageId>21</goalPageId>
				
				<url>http://piwik.net/to-an-error</url>
				<icon>plugins/Zeitgeist/images/goal.png</icon>
			</row>
			<row>
				<type>action</type>
				<url>http://piwik.net/to-an-error</url>
				<pageTitle>500/URL = http%3A%2F%2Fpiwik.net%2Fto-an-error</pageTitle>
				<pageIdAction>20</pageIdAction>
				
				<pageId>21</pageId>
				<customVariables>
					<row>
						<customVariablePageName1>HTTP-code</customVariablePageName1>
						<customVariablePageValue1>500</customVariablePageValue1>
					</row>
				</customVariables>
				<icon />
			</row>
		</actionDetails>
		<customVariables>
			<row>
				<customVariableName1>Not-Bot</customVariableName1>
				<customVariableValue1>Mozilla/5.0 (compatible; MSIE 10.6; Windows NT 6.1; Trident/5.0; InfoPath.2; SLCC1; .NET CLR 3.0.4506.2152; .NET CLR 3.5.30729; .NET CLR 2.0.50727) 3gpp-gba UNTRUSTED/1.0</customVariableValue1>
			</row>
		</customVariables>
		<goalConversions>1</goalConversions>
		<siteCurrency>USD</siteCurrency>
		<siteCurrencySymbol>$</siteCurrencySymbol>
		
		<visitLocalTime>17:48:07</visitLocalTime>
		<visitLocalHour>17</visitLocalHour>
		
		
		
		
		<visitDuration>0</visitDuration>
		<visitDurationPretty>0s</visitDurationPretty>
		<visitCount>1</visitCount>
		<daysSinceLastVisit>0</daysSinceLastVisit>
		<daysSinceFirstVisit>0</daysSinceFirstVisit>
		<daysSinceLastEcommerceOrder>0</daysSinceLastEcommerceOrder>
		<continent>North America</continent>
		<continentCode>amn</continentCode>
		<country>United States</country>
		<countryCode>us</countryCode>
		<countryFlag>plugins/UserCountry/images/flags/us.png</countryFlag>
		<region>Virginia</region>
		<regionCode>VA</regionCode>
		<city>Ashburn</city>
		<location>Ashburn, Virginia, United States</location>
		<latitude>39.043999</latitude>
		<longitude>-77.487999</longitude>
		<provider>Unknown</provider>
		<providerName>Unknown</providerName>
		<providerUrl>http://piwik.org/faq/general/#faq_52</providerUrl>
		<referrerType>direct</referrerType>
		<referrerTypeName>Direct Entry</referrerTypeName>
		<referrerName />
		<referrerKeyword />
		<referrerKeywordPosition />
		<referrerUrl />
		<referrerSearchEngineUrl />
		<referrerSearchEngineIcon />
		<operatingSystem>Windows 7</operatingSystem>
		<operatingSystemCode>WI7</operatingSystemCode>
		<operatingSystemShortName>Win 7</operatingSystemShortName>
		<operatingSystemIcon>plugins/UserSettings/images/os/WI7.gif</operatingSystemIcon>
		<browserFamily>ie</browserFamily>
		<browserFamilyDescription>Trident (IE)</browserFamilyDescription>
		<browserName>Internet Explorer 9.0</browserName>
		<browserIcon>plugins/UserSettings/images/browsers/IE.gif</browserIcon>
		<browserCode>IE</browserCode>
		<browserVersion>9.0</browserVersion>
		<screenType>unknown</screenType>
		<deviceType>Desktop</deviceType>
		<resolution>unknown</resolution>
		<screenTypeIcon>plugins/UserSettings/images/screens/unknown.gif</screenTypeIcon>
		<plugins />
		<pluginsIcons />
		
		
		
		
		
	</row>
	<row>
		<idSite>1</idSite>
		<idVisit>18</idVisit>
		<visitIp>1.2.3.4</visitIp>
		
		<visitorType>new</visitorType>
		<visitorTypeIcon />
		<visitConverted>0</visitConverted>
		<visitConvertedIcon />
		<visitEcommerceStatus>none</visitEcommerceStatus>
		<visitEcommerceStatusIcon />
		<searches>0</searches>
		<events>0</events>
		<actions>1</actions>
		<actionDetails>
			<row>
				<type>download</type>
				<url>http://piwik.net/19.pdf</url>
				<pageTitle />
				<pageIdAction>16</pageIdAction>
				
				<pageId>18</pageId>
				<icon>plugins/Zeitgeist/images/download.png</icon>
			</row>
		</actionDetails>
		<customVariables>
			<row>
				<customVariableName1>Not-Bot</customVariableName1>
				<customVariableValue1>Apache-HttpClient/4.2.1 (java 1.5)</customVariableValue1>
			</row>
		</customVariables>
		<goalConversions>0</goalConversions>
		<siteCurrency>USD</siteCurrency>
		<siteCurrencySymbol>$</siteCurrencySymbol>
		
		<visitLocalTime>17:46:03</visitLocalTime>
		<visitLocalHour>17</visitLocalHour>
		
		
		
		
		<visitDuration>0</visitDuration>
		<visitDurationPretty>0s</visitDurationPretty>
		<visitCount>1</visitCount>
		<daysSinceLastVisit>0</daysSinceLastVisit>
		<daysSinceFirstVisit>0</daysSinceFirstVisit>
		<daysSinceLastEcommerceOrder>0</daysSinceLastEcommerceOrder>
		<continent>Oceania</continent>
		<continentCode>oce</continentCode>
		<country>Australia</country>
		<countryCode>au</countryCode>
		<countryFlag>plugins/UserCountry/images/flags/au.png</countryFlag>
		<region />
		<regionCode />
		<city />
		<location>Australia</location>
		<latitude>-27</latitude>
		<longitude>133</longitude>
		<provider>Unknown</provider>
		<providerName>Unknown</providerName>
		<providerUrl>http://piwik.org/faq/general/#faq_52</providerUrl>
		<referrerType>direct</referrerType>
		<referrerTypeName>Direct Entry</referrerTypeName>
		<referrerName />
		<referrerKeyword />
		<referrerKeywordPosition />
		<referrerUrl />
		<referrerSearchEngineUrl />
		<referrerSearchEngineIcon />
		<operatingSystem>Unknown</operatingSystem>
		<operatingSystemCode>UNK</operatingSystemCode>
		<operatingSystemShortName>Unknown</operatingSystemShortName>
		<operatingSystemIcon>plugins/UserSettings/images/os/UNK.gif</operatingSystemIcon>
		<browserFamily>unknown</browserFamily>
		<browserFamilyDescription>Unknown</browserFamilyDescription>
		<browserName>Unknown</browserName>
		<browserIcon>plugins/UserSettings/images/browsers/UNK.gif</browserIcon>
		<browserCode>UNK</browserCode>
		<browserVersion>UNK</browserVersion>
		<screenType>unknown</screenType>
		<deviceType>Desktop</deviceType>
		<resolution>unknown</resolution>
		<screenTypeIcon>plugins/UserSettings/images/screens/unknown.gif</screenTypeIcon>
		<plugins />
		<pluginsIcons />
		
		
		
		
		
	</row>
	<row>
		<idSite>1</idSite>
		<idVisit>20</idVisit>
		<visitIp>175.41.192.41</visitIp>
		
		<visitorType>new</visitorType>
		<visitorTypeIcon />
		<visitConverted>1</visitConverted>
		<visitConvertedIcon>plugins/Zeitgeist/images/goal.png</visitConvertedIcon>
		<visitEcommerceStatus>none</visitEcommerceStatus>
		<visitEcommerceStatusIcon />
		<searches>0</searches>
		<events>0</events>
		<actions>1</actions>
		<actionDetails>
			<row>
				<type>goal</type>
				<goalName>all</goalName>
				<goalId>1</goalId>
				<revenue>5</revenue>
				<goalPageId>20</goalPageId>
				
				<url>http://piwik.net/this/is/not/the/page/i/am/looking/for/</url>
				<icon>plugins/Zeitgeist/images/goal.png</icon>
			</row>
			<row>
				<type>action</type>
				<url>http://piwik.net/this/is/not/the/page/i/am/looking/for/</url>
				<pageTitle>404/URL = http%3A%2F%2Fpiwik.net%2Fthis%2Fis%2Fnot%2Fthe%2Fpage%2Fi%2Fam%2Flooking%2Ffor%2F</pageTitle>
				<pageIdAction>18</pageIdAction>
				
				<pageId>20</pageId>
				<customVariables>
					<row>
						<customVariablePageName1>HTTP-code</customVariablePageName1>
						<customVariablePageValue1>404</customVariablePageValue1>
					</row>
				</customVariables>
				<icon />
			</row>
		</actionDetails>
		<customVariables>
			<row>
				<customVariableName1>Not-Bot</customVariableName1>
				<customVariableValue1>Mozilla/5.0 (Linux; U; Android 2.3.5; en-us; HTC Vision Build/GRI40) AppleWebKit/533.1 (KHTML, like Gecko) Version/4.0 Mobile Safari/533.1</customVariableValue1>
			</row>
		</customVariables>
		<goalConversions>1</goalConversions>
		<siteCurrency>USD</siteCurrency>
		<siteCurrencySymbol>$</siteCurrencySymbol>
		
		<visitLocalTime>16:11:30</visitLocalTime>
		<visitLocalHour>16</visitLocalHour>
		
		
		
		
		<visitDuration>0</visitDuration>
		<visitDurationPretty>0s</visitDurationPretty>
		<visitCount>1</visitCount>
		<daysSinceLastVisit>0</daysSinceLastVisit>
		<daysSinceFirstVisit>0</daysSinceFirstVisit>
		<daysSinceLastEcommerceOrder>0</daysSinceLastEcommerceOrder>
		<continent>Asia</continent>
		<continentCode>asi</continentCode>
		<country>Japan</country>
		<countryCode>jp</countryCode>
		<countryFlag>plugins/UserCountry/images/flags/jp.png</countryFlag>
		<region />
		<regionCode />
		<city />
		<location>Japan</location>
		<latitude>36</latitude>
		<longitude>138</longitude>
		<provider>Unknown</provider>
		<providerName>Unknown</providerName>
		<providerUrl>http://piwik.org/faq/general/#faq_52</providerUrl>
		<referrerType>direct</referrerType>
		<referrerTypeName>Direct Entry</referrerTypeName>
		<referrerName />
		<referrerKeyword />
		<referrerKeywordPosition />
		<referrerUrl />
		<referrerSearchEngineUrl />
		<referrerSearchEngineIcon />
		<operatingSystem>Android</operatingSystem>
		<operatingSystemCode>AND</operatingSystemCode>
		<operatingSystemShortName>Android</operatingSystemShortName>
		<operatingSystemIcon>plugins/UserSettings/images/os/AND.gif</operatingSystemIcon>
		<browserFamily>unknown</browserFamily>
		<browserFamilyDescription>Unknown</browserFamilyDescription>
		<browserName>Android Browser </browserName>
		<browserIcon>plugins/UserSettings/images/browsers/AN.gif</browserIcon>
		<browserCode>AN</browserCode>
		<browserVersion />
		<screenType>unknown</screenType>
		<deviceType>Smartphone</deviceType>
		<resolution>unknown</resolution>
		<screenTypeIcon>plugins/UserSettings/images/screens/unknown.gif</screenTypeIcon>
		<plugins />
		<pluginsIcons />
		
		
		
		
		
	</row>
	<row>
		<idSite>1</idSite>
		<idVisit>19</idVisit>
		<visitIp>175.41.192.41</visitIp>
		
		<visitorType>new</visitorType>
		<visitorTypeIcon />
		<visitConverted>1</visitConverted>
		<visitConvertedIcon>plugins/Zeitgeist/images/goal.png</visitConvertedIcon>
		<visitEcommerceStatus>none</visitEcommerceStatus>
		<visitEcommerceStatusIcon />
		<searches>0</searches>
		<events>0</events>
		<actions>1</actions>
		<actionDetails>
			<row>
				<type>goal</type>
				<goalName>all</goalName>
				<goalId>1</goalId>
				<revenue>5</revenue>
				<goalPageId>19</goalPageId>
				
				<url>http://piwik.net/blog/category/meta/</url>
				<icon>plugins/Zeitgeist/images/goal.png</icon>
			</row>
			<row>
				<type>action</type>
				<url>http://piwik.net/blog/category/meta/</url>
				<pageTitle />
				<pageIdAction>1</pageIdAction>
				
				<pageId>19</pageId>
				<icon />
			</row>
		</actionDetails>
		<customVariables>
			<row>
				<customVariableName1>Not-Bot</customVariableName1>
				<customVariableValue1>Mozilla/5.0 (Macintosh; Intel Mac OS X 10_6_7) AppleWebKit/534.24 (KHTML, like Gecko) RockMelt/0.9.58.494 Chrome/11.0.696.71 Safari/534.24</customVariableValue1>
			</row>
		</customVariables>
		<goalConversions>1</goalConversions>
		<siteCurrency>USD</siteCurrency>
		<siteCurrencySymbol>$</siteCurrencySymbol>
		
		<visitLocalTime>16:10:38</visitLocalTime>
		<visitLocalHour>16</visitLocalHour>
		
		
		
		
		<visitDuration>0</visitDuration>
		<visitDurationPretty>0s</visitDurationPretty>
		<visitCount>1</visitCount>
		<daysSinceLastVisit>0</daysSinceLastVisit>
		<daysSinceFirstVisit>0</daysSinceFirstVisit>
		<daysSinceLastEcommerceOrder>0</daysSinceLastEcommerceOrder>
		<continent>Asia</continent>
		<continentCode>asi</continentCode>
		<country>Japan</country>
		<countryCode>jp</countryCode>
		<countryFlag>plugins/UserCountry/images/flags/jp.png</countryFlag>
		<region />
		<regionCode />
		<city />
		<location>Japan</location>
		<latitude>36</latitude>
		<longitude>138</longitude>
		<provider>Unknown</provider>
		<providerName>Unknown</providerName>
		<providerUrl>http://piwik.org/faq/general/#faq_52</providerUrl>
		<referrerType>direct</referrerType>
		<referrerTypeName>Direct Entry</referrerTypeName>
		<referrerName />
		<referrerKeyword />
		<referrerKeywordPosition />
		<referrerUrl />
		<referrerSearchEngineUrl />
		<referrerSearchEngineIcon />
		<operatingSystem>Mac OS</operatingSystem>
		<operatingSystemCode>MAC</operatingSystemCode>
		<operatingSystemShortName>Mac OS</operatingSystemShortName>
		<operatingSystemIcon>plugins/UserSettings/images/os/MAC.gif</operatingSystemIcon>
		<browserFamily>unknown</browserFamily>
		<browserFamilyDescription>Unknown</browserFamilyDescription>
		<browserName>RockMelt 0.9</browserName>
		<browserIcon>plugins/UserSettings/images/browsers/UNK.gif</browserIcon>
		<browserCode>RM</browserCode>
		<browserVersion>0.9</browserVersion>
		<screenType>unknown</screenType>
		<deviceType>Desktop</deviceType>
		<resolution>unknown</resolution>
		<screenTypeIcon>plugins/UserSettings/images/screens/unknown.gif</screenTypeIcon>
		<plugins />
		<pluginsIcons />
		
		
		
		
		
	</row>
</result>