<?xml version="1.0" encoding="utf-8" ?>
<result>
	<row>
		<label>Unknown</label>
		<nb_visits>27</nb_visits>
		<nb_actions>30</nb_actions>
		<max_actions>3</max_actions>
		<sum_visit_length>305</sum_visit_length>
		<bounce_count>25</bounce_count>
		<nb_visits_converted>25</nb_visits_converted>
		<sum_daily_nb_uniq_visitors>27</sum_daily_nb_uniq_visitors>
		<url>http://piwik.org/faq/general/#faq_52</url>
	</row>
</result>