<?xml version="1.0" encoding="utf-8" ?>
<result>
	<row>
		<label>Internet Explorer</label>
		<nb_visits>6</nb_visits>
		<nb_actions>6</nb_actions>
		<max_actions>1</max_actions>
		<sum_visit_length>0</sum_visit_length>
		<bounce_count>6</bounce_count>
		<nb_visits_converted>6</nb_visits_converted>
		<sum_daily_nb_uniq_visitors>6</sum_daily_nb_uniq_visitors>
		<logo>plugins/UserSettings/images/browsers/IE.gif</logo>
	</row>
	<row>
		<label>Chrome</label>
		<nb_visits>10</nb_visits>
		<nb_actions>13</nb_actions>
		<max_actions>3</max_actions>
		<sum_visit_length>305</sum_visit_length>
		<bounce_count>8</bounce_count>
		<nb_visits_converted>9</nb_visits_converted>
		<sum_daily_nb_uniq_visitors>10</sum_daily_nb_uniq_visitors>
		<logo>plugins/UserSettings/images/browsers/CH.gif</logo>
	</row>
	<row>
		<label>Unknown</label>
		<nb_visits>7</nb_visits>
		<nb_actions>7</nb_actions>
		<max_actions>1</max_actions>
		<sum_visit_length>0</sum_visit_length>
		<bounce_count>7</bounce_count>
		<nb_visits_converted>6</nb_visits_converted>
		<sum_daily_nb_uniq_visitors>7</sum_daily_nb_uniq_visitors>
		<logo>plugins/UserSettings/images/browsers/UNK.gif</logo>
	</row>
	<row>
		<label>Android Browser</label>
		<nb_visits>2</nb_visits>
		<nb_actions>2</nb_actions>
		<max_actions>1</max_actions>
		<sum_visit_length>0</sum_visit_length>
		<bounce_count>2</bounce_count>
		<nb_visits_converted>2</nb_visits_converted>
		<sum_daily_nb_uniq_visitors>2</sum_daily_nb_uniq_visitors>
		<logo>plugins/UserSettings/images/browsers/AN.gif</logo>
	</row>
	<row>
		<label>Firefox</label>
		<nb_visits>2</nb_visits>
		<nb_actions>2</nb_actions>
		<max_actions>1</max_actions>
		<sum_visit_length>0</sum_visit_length>
		<bounce_count>2</bounce_count>
		<nb_visits_converted>2</nb_visits_converted>
		<sum_daily_nb_uniq_visitors>2</sum_daily_nb_uniq_visitors>
		<logo>plugins/UserSettings/images/browsers/FF.gif</logo>
	</row>
</result>