<?xml version="1.0" encoding="utf-8" ?>
<result>
	<row>
		<label>Unknown</label>
		<nb_visits>22</nb_visits>
		<nb_actions>25</nb_actions>
		<max_actions>3</max_actions>
		<sum_visit_length>305</sum_visit_length>
		<bounce_count>20</bounce_count>
		<goals>
			<row idgoal='1'>
				<nb_conversions>20</nb_conversions>
				<nb_visits_converted>20</nb_visits_converted>
				<revenue>100</revenue>
			</row>
		</goals>
		<nb_conversions>20</nb_conversions>
		<revenue>100</revenue>
		<sum_daily_nb_uniq_visitors>22</sum_daily_nb_uniq_visitors>
		<city_name>Unknown</city_name>
		<city>xx</city>
		<region>xx</region>
		<country>xx</country>
		<country_name>Unknown</country_name>
		<region_name>Unknown</region_name>
		<logo>plugins/UserCountry/images/flags/xx.png</logo>
	</row>
	<row>
		<label>Ashburn, Virginia, United States</label>
		<nb_visits>5</nb_visits>
		<nb_actions>5</nb_actions>
		<max_actions>1</max_actions>
		<sum_visit_length>0</sum_visit_length>
		<bounce_count>5</bounce_count>
		<goals>
			<row idgoal='1'>
				<nb_conversions>5</nb_conversions>
				<nb_visits_converted>5</nb_visits_converted>
				<revenue>25</revenue>
			</row>
		</goals>
		<nb_conversions>5</nb_conversions>
		<revenue>25</revenue>
		<sum_daily_nb_uniq_visitors>5</sum_daily_nb_uniq_visitors>
		<lat>39.044</lat>
		<long>-77.488</long>
		<city_name>Ashburn</city_name>
		<region>VA</region>
		<country>us</country>
		<country_name>United States</country_name>
		<region_name>Virginia</region_name>
		<logo>plugins/UserCountry/images/flags/us.png</logo>
	</row>
</result>