<?xml version="1.0" encoding="utf-8" ?>
<result>
	<nb_visits>27</nb_visits>
	<nb_actions>30</nb_actions>
	<visits_evolution>100%</visits_evolution>
	<actions_evolution>100%</actions_evolution>
	<pageviews_evolution>100%</pageviews_evolution>
	<revenue_evolution>100%</revenue_evolution>
	<nb_pageviews>26</nb_pageviews>
	<revenue>125</revenue>
</result>