<?xml version="1.0" encoding="utf-8" ?>
<result>
	<row>
		<label>unknown</label>
		<nb_visits>25</nb_visits>
		<nb_actions>28</nb_actions>
		<max_actions>3</max_actions>
		<sum_visit_length>305</sum_visit_length>
		<bounce_count>23</bounce_count>
		<nb_visits_converted>23</nb_visits_converted>
		<sum_daily_nb_uniq_visitors>25</sum_daily_nb_uniq_visitors>
	</row>
	<row>
		<label>1024x768</label>
		<nb_visits>1</nb_visits>
		<nb_actions>1</nb_actions>
		<max_actions>1</max_actions>
		<sum_visit_length>0</sum_visit_length>
		<bounce_count>1</bounce_count>
		<nb_visits_converted>1</nb_visits_converted>
		<sum_daily_nb_uniq_visitors>1</sum_daily_nb_uniq_visitors>
	</row>
	<row>
		<label>1280x800</label>
		<nb_visits>1</nb_visits>
		<nb_actions>1</nb_actions>
		<max_actions>1</max_actions>
		<sum_visit_length>0</sum_visit_length>
		<bounce_count>1</bounce_count>
		<nb_visits_converted>1</nb_visits_converted>
		<sum_daily_nb_uniq_visitors>1</sum_daily_nb_uniq_visitors>
	</row>
</result>