<?xml version="1.0" encoding="utf-8" ?>
<result>
	<row>
		<label>Linux</label>
		<nb_visits>8</nb_visits>
		<nb_actions>8</nb_actions>
		<max_actions>1</max_actions>
		<sum_visit_length>0</sum_visit_length>
		<bounce_count>8</bounce_count>
		<nb_visits_converted>8</nb_visits_converted>
		<sum_daily_nb_uniq_visitors>8</sum_daily_nb_uniq_visitors>
		<logo>plugins/UserSettings/images/os/LIN.gif</logo>
		<shortLabel>Linux</shortLabel>
	</row>
	<row>
		<label>Windows 7</label>
		<nb_visits>7</nb_visits>
		<nb_actions>7</nb_actions>
		<max_actions>1</max_actions>
		<sum_visit_length>0</sum_visit_length>
		<bounce_count>7</bounce_count>
		<nb_visits_converted>7</nb_visits_converted>
		<sum_daily_nb_uniq_visitors>7</sum_daily_nb_uniq_visitors>
		<logo>plugins/UserSettings/images/os/WI7.gif</logo>
		<shortLabel>Win 7</shortLabel>
	</row>
	<row>
		<label>Mac OS</label>
		<nb_visits>6</nb_visits>
		<nb_actions>9</nb_actions>
		<max_actions>3</max_actions>
		<sum_visit_length>305</sum_visit_length>
		<bounce_count>4</bounce_count>
		<nb_visits_converted>5</nb_visits_converted>
		<sum_daily_nb_uniq_visitors>6</sum_daily_nb_uniq_visitors>
		<logo>plugins/UserSettings/images/os/MAC.gif</logo>
		<shortLabel>Mac OS</shortLabel>
	</row>
	<row>
		<label>Android</label>
		<nb_visits>2</nb_visits>
		<nb_actions>2</nb_actions>
		<max_actions>1</max_actions>
		<sum_visit_length>0</sum_visit_length>
		<bounce_count>2</bounce_count>
		<nb_visits_converted>2</nb_visits_converted>
		<sum_daily_nb_uniq_visitors>2</sum_daily_nb_uniq_visitors>
		<logo>plugins/UserSettings/images/os/AND.gif</logo>
		<shortLabel>Android</shortLabel>
	</row>
	<row>
		<label>Windows XP</label>
		<nb_visits>2</nb_visits>
		<nb_actions>2</nb_actions>
		<max_actions>1</max_actions>
		<sum_visit_length>0</sum_visit_length>
		<bounce_count>2</bounce_count>
		<nb_visits_converted>2</nb_visits_converted>
		<sum_daily_nb_uniq_visitors>2</sum_daily_nb_uniq_visitors>
		<logo>plugins/UserSettings/images/os/WXP.gif</logo>
		<shortLabel>Win XP</shortLabel>
	</row>
	<row>
		<label>Bot</label>
		<nb_visits>1</nb_visits>
		<nb_actions>1</nb_actions>
		<max_actions>1</max_actions>
		<sum_visit_length>0</sum_visit_length>
		<bounce_count>1</bounce_count>
		<nb_visits_converted>1</nb_visits_converted>
		<sum_daily_nb_uniq_visitors>1</sum_daily_nb_uniq_visitors>
		<logo>plugins/UserSettings/images/os/UNK.gif</logo>
		<shortLabel>BOT</shortLabel>
	</row>
	<row>
		<label>Unknown</label>
		<nb_visits>1</nb_visits>
		<nb_actions>1</nb_actions>
		<max_actions>1</max_actions>
		<sum_visit_length>0</sum_visit_length>
		<bounce_count>1</bounce_count>
		<nb_visits_converted>0</nb_visits_converted>
		<sum_daily_nb_uniq_visitors>1</sum_daily_nb_uniq_visitors>
		<logo>plugins/UserSettings/images/os/UNK.gif</logo>
		<shortLabel>Unknown</shortLabel>
	</row>
</result>