<?xml version="1.0" encoding="utf-8" ?>
<result>
	<row>
		<idSite>1</idSite>
		<idVisit>3</idVisit>
		<visitIp>156.5.3.2</visitIp>
		
		<visitorType>new</visitorType>
		<visitorTypeIcon />
		<visitConverted>0</visitConverted>
		<visitConvertedIcon />
		<visitEcommerceStatus>none</visitEcommerceStatus>
		<visitEcommerceStatusIcon />
		<searches>0</searches>
		<events>0</events>
		<actions>1</actions>
		<actionDetails>
			<row>
				<type>outlink</type>
				<url>http://test.com</url>
				<pageTitle />
				<pageIdAction>6</pageIdAction>
				
				<pageId>5</pageId>
				<icon>plugins/Zeitgeist/images/link.gif</icon>
			</row>
		</actionDetails>
		<customVariables>
			<row>
				<customVariableName1>VisitorType</customVariableName1>
				<customVariableValue1>LoggedOut</customVariableValue1>
			</row>
			<row>
				<customVariableName2>Othercustom value which should be truncated abcdefghijklmnopqrstuvwxyz</customVariableName2>
				<customVariableValue2>abcdefghijklmnopqrstuvwxyzabcdefghijklmnopqrstuvwxyzabcdefghijklmnopqrstuvwxyzabcdefghijklmnopqrstuvwxyz</customVariableValue2>
			</row>
		</customVariables>
		<goalConversions>0</goalConversions>
		<siteCurrency>USD</siteCurrency>
		<siteCurrencySymbol>$</siteCurrencySymbol>
		
		<visitLocalTime>12:34:06</visitLocalTime>
		<visitLocalHour>12</visitLocalHour>
		
		
		
		
		<visitDuration>0</visitDuration>
		<visitDurationPretty>0s</visitDurationPretty>
		<visitCount>1</visitCount>
		<daysSinceLastVisit>0</daysSinceLastVisit>
		<daysSinceFirstVisit>0</daysSinceFirstVisit>
		<daysSinceLastEcommerceOrder>0</daysSinceLastEcommerceOrder>
		<continent>Europe</continent>
		<continentCode>eur</continentCode>
		<country>France</country>
		<countryCode>fr</countryCode>
		<countryFlag>plugins/UserCountry/images/flags/fr.png</countryFlag>
		<region />
		<regionCode />
		<city />
		<location>France</location>
		<latitude />
		<longitude />
		<provider>Unknown</provider>
		<providerName>Unknown</providerName>
		<providerUrl>http://piwik.org/faq/general/#faq_52</providerUrl>
		<referrerType>direct</referrerType>
		<referrerTypeName>Direct Entry</referrerTypeName>
		<referrerName />
		<referrerKeyword />
		<referrerKeywordPosition />
		<referrerUrl />
		<referrerSearchEngineUrl />
		<referrerSearchEngineIcon />
		<operatingSystem>Windows XP</operatingSystem>
		<operatingSystemCode>WXP</operatingSystemCode>
		<operatingSystemShortName>Win XP</operatingSystemShortName>
		<operatingSystemIcon>plugins/UserSettings/images/os/WXP.gif</operatingSystemIcon>
		<browserFamily>gecko</browserFamily>
		<browserFamilyDescription>Gecko (Firefox)</browserFamilyDescription>
		<browserName>Firefox 3.0</browserName>
		<browserIcon>plugins/UserSettings/images/browsers/FF.gif</browserIcon>
		<browserCode>FF</browserCode>
		<browserVersion>3.0</browserVersion>
		<screenType>dual</screenType>
		<deviceType>Desktop</deviceType>
		<resolution>1111x222</resolution>
		<screenTypeIcon>plugins/UserSettings/images/screens/dual.gif</screenTypeIcon>
		<plugins>flash, java</plugins>
		<pluginsIcons>
			<row>
				<pluginIcon>plugins/UserSettings/images/plugins/flash.gif</pluginIcon>
				<pluginName>flash</pluginName>
			</row>
			<row>
				<pluginIcon>plugins/UserSettings/images/plugins/java.gif</pluginIcon>
				<pluginName>java</pluginName>
			</row>
		</pluginsIcons>
		
		
		
		
		
	</row>
	<row>
		<idSite>1</idSite>
		<idVisit>2</idVisit>
		<visitIp>156.5.3.2</visitIp>
		
		<visitorType>new</visitorType>
		<visitorTypeIcon />
		<visitConverted>1</visitConverted>
		<visitConvertedIcon>plugins/Zeitgeist/images/goal.png</visitConvertedIcon>
		<visitEcommerceStatus>none</visitEcommerceStatus>
		<visitEcommerceStatusIcon />
		<searches>0</searches>
		<events>0</events>
		<actions>1</actions>
		<actionDetails>
			<row>
				<type>goal</type>
				<goalName>triggered js</goalName>
				<goalId>1</goalId>
				<revenue>0</revenue>
				<goalPageId />
				
				<url>http://example.org/homepage</url>
				<icon>plugins/Zeitgeist/images/goal.png</icon>
			</row>
			<row>
				<type>action</type>
				<url>http://example.org/homepage</url>
				<pageTitle>Homepage</pageTitle>
				<pageIdAction>2</pageIdAction>
				
				<pageId>4</pageId>
				<icon />
			</row>
		</actionDetails>
		<customVariables>
			<row>
				<customVariableName1>VisitorType</customVariableName1>
				<customVariableValue1>LoggedOut</customVariableValue1>
			</row>
			<row>
				<customVariableName2>Othercustom value which should be truncated abcdefghijklmnopqrstuvwxyz</customVariableName2>
				<customVariableValue2>abcdefghijklmnopqrstuvwxyzabcdefghijklmnopqrstuvwxyzabcdefghijklmnopqrstuvwxyzabcdefghijklmnopqrstuvwxyz</customVariableValue2>
			</row>
		</customVariables>
		<goalConversions>1</goalConversions>
		<siteCurrency>USD</siteCurrency>
		<siteCurrencySymbol>$</siteCurrencySymbol>
		
		<visitLocalTime>12:34:06</visitLocalTime>
		<visitLocalHour>12</visitLocalHour>
		
		
		
		
		<visitDuration>361</visitDuration>
		<visitDurationPretty>6 min 1s</visitDurationPretty>
		<visitCount>1</visitCount>
		<daysSinceLastVisit>0</daysSinceLastVisit>
		<daysSinceFirstVisit>0</daysSinceFirstVisit>
		<daysSinceLastEcommerceOrder>0</daysSinceLastEcommerceOrder>
		<continent>Europe</continent>
		<continentCode>eur</continentCode>
		<country>France</country>
		<countryCode>fr</countryCode>
		<countryFlag>plugins/UserCountry/images/flags/fr.png</countryFlag>
		<region />
		<regionCode />
		<city />
		<location>France</location>
		<latitude />
		<longitude />
		<provider>Unknown</provider>
		<providerName>Unknown</providerName>
		<providerUrl>http://piwik.org/faq/general/#faq_52</providerUrl>
		<referrerType>direct</referrerType>
		<referrerTypeName>Direct Entry</referrerTypeName>
		<referrerName />
		<referrerKeyword />
		<referrerKeywordPosition />
		<referrerUrl />
		<referrerSearchEngineUrl />
		<referrerSearchEngineIcon />
		<operatingSystem>Windows XP</operatingSystem>
		<operatingSystemCode>WXP</operatingSystemCode>
		<operatingSystemShortName>Win XP</operatingSystemShortName>
		<operatingSystemIcon>plugins/UserSettings/images/os/WXP.gif</operatingSystemIcon>
		<browserFamily>gecko</browserFamily>
		<browserFamilyDescription>Gecko (Firefox)</browserFamilyDescription>
		<browserName>Firefox 3.0</browserName>
		<browserIcon>plugins/UserSettings/images/browsers/FF.gif</browserIcon>
		<browserCode>FF</browserCode>
		<browserVersion>3.0</browserVersion>
		<screenType>dual</screenType>
		<deviceType>Desktop</deviceType>
		<resolution>1111x222</resolution>
		<screenTypeIcon>plugins/UserSettings/images/screens/dual.gif</screenTypeIcon>
		<plugins>flash, java</plugins>
		<pluginsIcons>
			<row>
				<pluginIcon>plugins/UserSettings/images/plugins/flash.gif</pluginIcon>
				<pluginName>flash</pluginName>
			</row>
			<row>
				<pluginIcon>plugins/UserSettings/images/plugins/java.gif</pluginIcon>
				<pluginName>java</pluginName>
			</row>
		</pluginsIcons>
		
		
		
		
		
	</row>
	<row>
		<idSite>1</idSite>
		<idVisit>1</idVisit>
		<visitIp>156.5.3.2</visitIp>
		
		<visitorType>new</visitorType>
		<visitorTypeIcon />
		<visitConverted>1</visitConverted>
		<visitConvertedIcon>plugins/Zeitgeist/images/goal.png</visitConvertedIcon>
		<visitEcommerceStatus>none</visitEcommerceStatus>
		<visitEcommerceStatusIcon />
		<searches>0</searches>
		<events>0</events>
		<actions>3</actions>
		<actionDetails>
			<row>
				<type>goal</type>
				<goalName>second goal</goalName>
				<goalId>2</goalId>
				<revenue>0</revenue>
				<goalPageId />
				
				<url>http://example.org/homepage</url>
				<icon>plugins/Zeitgeist/images/goal.png</icon>
			</row>
			<row>
				<type>action</type>
				<url>http://example.org/homepage</url>
				<pageTitle>Homepage</pageTitle>
				<pageIdAction>2</pageIdAction>
				
				<pageId>1</pageId>
				<timeSpent>360</timeSpent>
				<timeSpentPretty>6 min 0s</timeSpentPretty>
				<icon />
			</row>
			<row>
				<type>goal</type>
				<goalName>triggered js</goalName>
				<goalId>1</goalId>
				<revenue>0</revenue>
				<goalPageId />
				
				<url>http://example.org/user/profile</url>
				<icon>plugins/Zeitgeist/images/goal.png</icon>
			</row>
			<row>
				<type>action</type>
				<url>http://example.org/user/profile</url>
				<pageTitle>Profile page for user *_)%</pageTitle>
				<pageIdAction>4</pageIdAction>
				
				<pageId>3</pageId>
				<customVariables>
					<row>
						<customVariablePageName1>Language</customVariablePageName1>
						<customVariablePageValue1>FR</customVariablePageValue1>
					</row>
					<row>
						<customVariablePageName2>SET WITH EMPTY VALUE PAGE SCOPE</customVariablePageName2>
						<customVariablePageValue2 />
					</row>
					<row>
						<customVariablePageName4>Status user</customVariablePageName4>
						<customVariablePageValue4>looking at &quot;profile page&quot;</customVariablePageValue4>
					</row>
				</customVariables>
				<icon />
			</row>
			<row>
				<type>action</type>
				<url>http://example.org/user/profile</url>
				<pageTitle>Profile page</pageTitle>
				<pageIdAction>4</pageIdAction>
				
				<pageId>2</pageId>
				<customVariables>
					<row>
						<customVariablePageName4>Status user</customVariablePageName4>
						<customVariablePageValue4>Loggedin</customVariablePageValue4>
					</row>
					<row>
						<customVariablePageName5>Status user</customVariablePageName5>
						<customVariablePageValue5>looking at &quot;profile page&quot;</customVariablePageValue5>
					</row>
				</customVariables>
				<timeSpent>0</timeSpent>
				<timeSpentPretty>0s</timeSpentPretty>
				<icon />
			</row>
		</actionDetails>
		<customVariables>
			<row>
				<customVariableName1>VisitorType</customVariableName1>
				<customVariableValue1>LoggedIn</customVariableValue1>
			</row>
			<row>
				<customVariableName2>SET WITH EMPTY VALUE</customVariableName2>
				<customVariableValue2 />
			</row>
			<row>
				<customVariableName3>Value will be VERY long and truncated</customVariableName3>
				<customVariableValue3>abcdefghijklmnopqrstuvwxyz----abcdefghijklmnopqrstuvwxyz----abcdefghijklmnopqrstuvwxyz----abcdefghijklmnopqrstuvwxyz----abcdefghijklmnopqrstuvwxyz----abcdefghijklmnopqrstuvwxyz----abcdefghijklmnopqrst</customVariableValue3>
			</row>
		</customVariables>
		<goalConversions>2</goalConversions>
		<siteCurrency>USD</siteCurrency>
		<siteCurrencySymbol>$</siteCurrencySymbol>
		
		<visitLocalTime>12:34:06</visitLocalTime>
		<visitLocalHour>12</visitLocalHour>
		
		
		
		
		<visitDuration>364</visitDuration>
		<visitDurationPretty>6 min 4s</visitDurationPretty>
		<visitCount>1</visitCount>
		<daysSinceLastVisit>0</daysSinceLastVisit>
		<daysSinceFirstVisit>0</daysSinceFirstVisit>
		<daysSinceLastEcommerceOrder>0</daysSinceLastEcommerceOrder>
		<continent>Europe</continent>
		<continentCode>eur</continentCode>
		<country>France</country>
		<countryCode>fr</countryCode>
		<countryFlag>plugins/UserCountry/images/flags/fr.png</countryFlag>
		<region />
		<regionCode />
		<city />
		<location>France</location>
		<latitude />
		<longitude />
		<provider>Unknown</provider>
		<providerName>Unknown</providerName>
		<providerUrl>http://piwik.org/faq/general/#faq_52</providerUrl>
		<referrerType>search</referrerType>
		<referrerTypeName>Search Engines</referrerTypeName>
		<referrerName>Google</referrerName>
		<referrerKeyword>this keyword should be ranked</referrerKeyword>
		<referrerKeywordPosition>1</referrerKeywordPosition>
		<referrerUrl>http://www.google.com/search?q=this+keyword+should+be+ranked</referrerUrl>
		<referrerSearchEngineUrl>http://google.com</referrerSearchEngineUrl>
		<referrerSearchEngineIcon>plugins/Referrers/images/searchEngines/google.com.png</referrerSearchEngineIcon>
		<operatingSystem>Windows XP</operatingSystem>
		<operatingSystemCode>WXP</operatingSystemCode>
		<operatingSystemShortName>Win XP</operatingSystemShortName>
		<operatingSystemIcon>plugins/UserSettings/images/os/WXP.gif</operatingSystemIcon>
		<browserFamily>gecko</browserFamily>
		<browserFamilyDescription>Gecko (Firefox)</browserFamilyDescription>
		<browserName>Firefox 3.6</browserName>
		<browserIcon>plugins/UserSettings/images/browsers/FF.gif</browserIcon>
		<browserCode>FF</browserCode>
		<browserVersion>3.6</browserVersion>
		<screenType>dual</screenType>
		<deviceType>Desktop</deviceType>
		<resolution>1111x222</resolution>
		<screenTypeIcon>plugins/UserSettings/images/screens/dual.gif</screenTypeIcon>
		<plugins>flash, java</plugins>
		<pluginsIcons>
			<row>
				<pluginIcon>plugins/UserSettings/images/plugins/flash.gif</pluginIcon>
				<pluginName>flash</pluginName>
			</row>
			<row>
				<pluginIcon>plugins/UserSettings/images/plugins/java.gif</pluginIcon>
				<pluginName>java</pluginName>
			</row>
		</pluginsIcons>
		
		
		
		
		
	</row>
</result>