<?xml version="1.0" encoding="utf-8" ?>
<result>
	<row>
		<idSite>1</idSite>
		<idVisit>5</idVisit>
		<visitIp>156.5.3.2</visitIp>
		
		<visitorType>returningCustomer</visitorType>
		<visitorTypeIcon>plugins/Live/images/returningVisitor.gif</visitorTypeIcon>
		<visitConverted>1</visitConverted>
		<visitConvertedIcon>plugins/Zeitgeist/images/goal.png</visitConvertedIcon>
		<visitEcommerceStatus>ordered</visitEcommerceStatus>
		<visitEcommerceStatusIcon>plugins/Zeitgeist/images/ecommerceOrder.gif</visitEcommerceStatusIcon>
		<searches>0</searches>
		<events>0</events>
		<actions>0</actions>
		<actionDetails>
			<row>
				<type>ecommerceOrder</type>
				<orderId>666</orderId>
				<revenue>240</revenue>
				<revenueSubTotal>200</revenueSubTotal>
				<revenueTax>20</revenueTax>
				<revenueShipping>20</revenueShipping>
				<revenueDiscount>20</revenueDiscount>
				<items>2</items>
				
				<itemDetails>
					<row>
						<itemSKU>TRIPOD SKU</itemSKU>
						<itemName>TRIPOD - bought day after</itemName>
						<itemCategory>Tools</itemCategory>
						<price>100</price>
						<quantity>2</quantity>
					</row>
				</itemDetails>
				<icon>plugins/Zeitgeist/images/ecommerceOrder.gif</icon>
			</row>
			<row>
				<type>ecommerceOrder</type>
				<orderId>777</orderId>
				<revenue>10000</revenue>
				<revenueSubTotal>0</revenueSubTotal>
				<revenueTax>0</revenueTax>
				<revenueShipping>0</revenueShipping>
				<revenueDiscount>0</revenueDiscount>
				<items>0</items>
				
				<itemDetails>
				</itemDetails>
				<icon>plugins/Zeitgeist/images/ecommerceOrder.gif</icon>
			</row>
		</actionDetails>
		<customVariables>
			<row>
				<customVariableName3>VisitorName</customVariableName3>
				<customVariableValue3>Great name!</customVariableValue3>
			</row>
			<row>
				<customVariableName4>ValueIsZero</customVariableName4>
				<customVariableValue4>0</customVariableValue4>
			</row>
			<row>
				<customVariableName5>VisitorType</customVariableName5>
				<customVariableValue5>NewLoggedOut</customVariableValue5>
			</row>
		</customVariables>
		<goalConversions>0</goalConversions>
		<siteCurrency>USD</siteCurrency>
		<siteCurrencySymbol>$</siteCurrencySymbol>
		
		<visitLocalTime>12:34:06</visitLocalTime>
		<visitLocalHour>12</visitLocalHour>
		
		
		
		
		<visitDuration>363</visitDuration>
		<visitDurationPretty>6 min 3s</visitDurationPretty>
		<visitCount>1</visitCount>
		<daysSinceLastVisit>0</daysSinceLastVisit>
		<daysSinceFirstVisit>0</daysSinceFirstVisit>
		<daysSinceLastEcommerceOrder>0</daysSinceLastEcommerceOrder>
		<continent>Europe</continent>
		<continentCode>eur</continentCode>
		<country>Poland</country>
		<countryCode>pl</countryCode>
		<countryFlag>plugins/UserCountry/images/flags/pl.png</countryFlag>
		<region />
		<regionCode />
		<city />
		<location>Poland</location>
		<latitude />
		<longitude />
		<provider>Unknown</provider>
		<providerName>Unknown</providerName>
		<providerUrl>http://piwik.org/faq/general/#faq_52</providerUrl>
		<referrerType>direct</referrerType>
		<referrerTypeName>Direct Entry</referrerTypeName>
		<referrerName />
		<referrerKeyword />
		<referrerKeywordPosition />
		<referrerUrl />
		<referrerSearchEngineUrl />
		<referrerSearchEngineIcon />
		<operatingSystem>Windows XP</operatingSystem>
		<operatingSystemCode>WXP</operatingSystemCode>
		<operatingSystemShortName>Win XP</operatingSystemShortName>
		<operatingSystemIcon>plugins/UserSettings/images/os/WXP.gif</operatingSystemIcon>
		<browserFamily>gecko</browserFamily>
		<browserFamilyDescription>Gecko (Firefox)</browserFamilyDescription>
		<browserName>Firefox 3.6</browserName>
		<browserIcon>plugins/UserSettings/images/browsers/FF.gif</browserIcon>
		<browserCode>FF</browserCode>
		<browserVersion>3.6</browserVersion>
		<screenType>normal</screenType>
		<deviceType>Desktop</deviceType>
		<resolution>1024x768</resolution>
		<screenTypeIcon>plugins/UserSettings/images/screens/normal.gif</screenTypeIcon>
		<plugins>flash, java</plugins>
		<pluginsIcons>
			<row>
				<pluginIcon>plugins/UserSettings/images/plugins/flash.gif</pluginIcon>
				<pluginName>flash</pluginName>
			</row>
			<row>
				<pluginIcon>plugins/UserSettings/images/plugins/java.gif</pluginIcon>
				<pluginName>java</pluginName>
			</row>
		</pluginsIcons>
		
		
		
		
		
	</row>
	<row>
		<idSite>1</idSite>
		<idVisit>4</idVisit>
		<visitIp>156.5.3.2</visitIp>
		
		<visitorType>returningCustomer</visitorType>
		<visitorTypeIcon>plugins/Live/images/returningVisitor.gif</visitorTypeIcon>
		<visitConverted>1</visitConverted>
		<visitConvertedIcon>plugins/Zeitgeist/images/goal.png</visitConvertedIcon>
		<visitEcommerceStatus>orderedThenAbandonedCart</visitEcommerceStatus>
		<visitEcommerceStatusIcon>plugins/Zeitgeist/images/ecommerceOrder.gif</visitEcommerceStatusIcon>
		<searches>0</searches>
		<events>0</events>
		<actions>3</actions>
		<actionDetails>
			<row>
				<type>action</type>
				<url>http://example.org/index.htm</url>
				<pageTitle>View product left in cart</pageTitle>
				<pageIdAction>2</pageIdAction>
				
				<pageId>14</pageId>
				<customVariables>
					<row>
						<customVariablePageName2>_pkp</customVariablePageName2>
						<customVariablePageValue2>999</customVariablePageValue2>
					</row>
					<row>
						<customVariablePageName3>_pks</customVariablePageName3>
						<customVariablePageValue3>SKU VERY nice indeed</customVariablePageValue3>
					</row>
					<row>
						<customVariablePageName4>_pkn</customVariablePageName4>
						<customVariablePageValue4>PRODUCT THREE LEFT in cart</customVariablePageValue4>
					</row>
					<row>
						<customVariablePageName5>_pkc</customVariablePageName5>
						<customVariablePageValue5 />
					</row>
				</customVariables>
				<timeSpent>180</timeSpent>
				<timeSpentPretty>3 min 0s</timeSpentPretty>
				<icon />
			</row>
			<row>
				<type>action</type>
				<url>http://example.org/index.htm</url>
				<pageTitle>View product left in cart</pageTitle>
				<pageIdAction>2</pageIdAction>
				
				<pageId>15</pageId>
				<customVariables>
					<row>
						<customVariablePageName2>_pkp</customVariablePageName2>
						<customVariablePageValue2>333</customVariablePageValue2>
					</row>
					<row>
						<customVariablePageName3>_pks</customVariablePageName3>
						<customVariablePageValue3>SKU VERY nice indeed</customVariablePageValue3>
					</row>
					<row>
						<customVariablePageName4>_pkn</customVariablePageName4>
						<customVariablePageValue4>PRODUCT THREE LEFT in cart</customVariablePageValue4>
					</row>
					<row>
						<customVariablePageName5>_pkc</customVariablePageName5>
						<customVariablePageValue5 />
					</row>
				</customVariables>
				<timeSpent>180</timeSpent>
				<timeSpentPretty>3 min 0s</timeSpentPretty>
				<icon />
			</row>
			<row>
				<type>action</type>
				<url>http://example.org/index.htm</url>
				<pageTitle>View product left in cart</pageTitle>
				<pageIdAction>2</pageIdAction>
				
				<pageId>16</pageId>
				<customVariables>
					<row>
						<customVariablePageName3>_pks</customVariablePageName3>
						<customVariablePageValue3>SKU IN ABANDONED CART TWO</customVariablePageValue3>
					</row>
					<row>
						<customVariablePageName4>_pkn</customVariablePageName4>
						<customVariablePageValue4>PRODUCT TWO LEFT in cart</customVariablePageValue4>
					</row>
					<row>
						<customVariablePageName5>_pkc</customVariablePageName5>
						<customVariablePageValue5>Category TWO LEFT in cart</customVariablePageValue5>
					</row>
				</customVariables>
				<icon />
			</row>
			<row>
				<type>ecommerceAbandonedCart</type>
				<revenue>2510</revenue>
				<items>4</items>
				
				<itemDetails>
					<row>
						<itemSKU>SKU VERY nice indeed</itemSKU>
						<itemName>PRODUCT THREE LEFT in cart</itemName>
						<itemCategory>Electronics &amp; Cameras</itemCategory>
						<price>10</price>
						<quantity>1</quantity>
					</row>
					<row>
						<itemSKU>SKU IN ABANDONED CART ONE</itemSKU>
						<itemName>PRODUCT ONE LEFT in cart</itemName>
						<itemCategory />
						<price>500.11</price>
						<quantity>1</quantity>
					</row>
					<row>
						<itemSKU>SKU IN ABANDONED CART TWO</itemSKU>
						<itemName>PRODUCT TWO LEFT in cart</itemName>
						<itemCategory>Category TWO LEFT in cart</itemCategory>
						<price>1000</price>
						<quantity>2</quantity>
					</row>
				</itemDetails>
				<icon>plugins/Zeitgeist/images/ecommerceAbandonedCart.gif</icon>
			</row>
		</actionDetails>
		<customVariables>
			<row>
				<customVariableName3>VisitorName</customVariableName3>
				<customVariableValue3>Great name!</customVariableValue3>
			</row>
			<row>
				<customVariableName4>ValueIsZero</customVariableName4>
				<customVariableValue4>0</customVariableValue4>
			</row>
			<row>
				<customVariableName5>VisitorType</customVariableName5>
				<customVariableValue5>NewLoggedOut</customVariableValue5>
			</row>
		</customVariables>
		<goalConversions>0</goalConversions>
		<siteCurrency>USD</siteCurrency>
		<siteCurrencySymbol>$</siteCurrencySymbol>
		
		<visitLocalTime>12:34:06</visitLocalTime>
		<visitLocalHour>12</visitLocalHour>
		
		
		
		
		<visitDuration>1081</visitDuration>
		<visitDurationPretty>18 min 1s</visitDurationPretty>
		<visitCount>1</visitCount>
		<daysSinceLastVisit>0</daysSinceLastVisit>
		<daysSinceFirstVisit>0</daysSinceFirstVisit>
		<daysSinceLastEcommerceOrder>1</daysSinceLastEcommerceOrder>
		<continent>Europe</continent>
		<continentCode>eur</continentCode>
		<country>Poland</country>
		<countryCode>pl</countryCode>
		<countryFlag>plugins/UserCountry/images/flags/pl.png</countryFlag>
		<region />
		<regionCode />
		<city />
		<location>Poland</location>
		<latitude />
		<longitude />
		<provider>Unknown</provider>
		<providerName>Unknown</providerName>
		<providerUrl>http://piwik.org/faq/general/#faq_52</providerUrl>
		<referrerType>direct</referrerType>
		<referrerTypeName>Direct Entry</referrerTypeName>
		<referrerName />
		<referrerKeyword />
		<referrerKeywordPosition />
		<referrerUrl />
		<referrerSearchEngineUrl />
		<referrerSearchEngineIcon />
		<operatingSystem>Windows XP</operatingSystem>
		<operatingSystemCode>WXP</operatingSystemCode>
		<operatingSystemShortName>Win XP</operatingSystemShortName>
		<operatingSystemIcon>plugins/UserSettings/images/os/WXP.gif</operatingSystemIcon>
		<browserFamily>gecko</browserFamily>
		<browserFamilyDescription>Gecko (Firefox)</browserFamilyDescription>
		<browserName>Firefox 3.6</browserName>
		<browserIcon>plugins/UserSettings/images/browsers/FF.gif</browserIcon>
		<browserCode>FF</browserCode>
		<browserVersion>3.6</browserVersion>
		<screenType>normal</screenType>
		<deviceType>Desktop</deviceType>
		<resolution>1024x768</resolution>
		<screenTypeIcon>plugins/UserSettings/images/screens/normal.gif</screenTypeIcon>
		<plugins>flash, java</plugins>
		<pluginsIcons>
			<row>
				<pluginIcon>plugins/UserSettings/images/plugins/flash.gif</pluginIcon>
				<pluginName>flash</pluginName>
			</row>
			<row>
				<pluginIcon>plugins/UserSettings/images/plugins/java.gif</pluginIcon>
				<pluginName>java</pluginName>
			</row>
		</pluginsIcons>
		
		
		
		
		
	</row>
</result>